Component: ARM Compiler 5.06 update 7 (build 960) Tool: armlink [4d3601]

==============================================================================

Section Cross References

    startup_stm32g431xx.o(RESET) refers to startup_stm32g431xx.o(STACK) for __initial_sp
    startup_stm32g431xx.o(RESET) refers to startup_stm32g431xx.o(.text) for Reset_Handler
    startup_stm32g431xx.o(RESET) refers to stm32g4xx_it.o(i.NMI_Handler) for NMI_Handler
    startup_stm32g431xx.o(RESET) refers to stm32g4xx_it.o(i.HardFault_Handler) for HardFault_Handler
    startup_stm32g431xx.o(RESET) refers to stm32g4xx_it.o(i.MemManage_Handler) for MemManage_Handler
    startup_stm32g431xx.o(RESET) refers to stm32g4xx_it.o(i.BusFault_Handler) for BusFault_Handler
    startup_stm32g431xx.o(RESET) refers to stm32g4xx_it.o(i.UsageFault_Handler) for UsageFault_Handler
    startup_stm32g431xx.o(RESET) refers to stm32g4xx_it.o(i.SVC_Handler) for SVC_Handler
    startup_stm32g431xx.o(RESET) refers to stm32g4xx_it.o(i.DebugMon_Handler) for DebugMon_Handler
    startup_stm32g431xx.o(RESET) refers to stm32g4xx_it.o(i.PendSV_Handler) for PendSV_Handler
    startup_stm32g431xx.o(RESET) refers to stm32g4xx_it.o(i.SysTick_Handler) for SysTick_Handler
    startup_stm32g431xx.o(RESET) refers to stm32g4xx_it.o(i.ADC1_2_IRQHandler) for ADC1_2_IRQHandler
    startup_stm32g431xx.o(RESET) refers to stm32g4xx_it.o(i.TIM3_IRQHandler) for TIM3_IRQHandler
    startup_stm32g431xx.o(RESET) refers to stm32g4xx_it.o(i.USART2_IRQHandler) for USART2_IRQHandler
    startup_stm32g431xx.o(.text) refers to system_stm32g4xx.o(i.SystemInit) for SystemInit
    startup_stm32g431xx.o(.text) refers to entry.o(.ARM.Collect$$$$00000000) for __main
    main.o(i.Error_Handler) refers to foc.o(i.FOC_disarm) for FOC_disarm
    main.o(i.SystemClock_Config) refers to main.o(i.LL_RCC_SetAHBPrescaler) for LL_RCC_SetAHBPrescaler
    main.o(i.SystemClock_Config) refers to stm32g4xx_ll_utils.o(i.LL_Init1msTick) for LL_Init1msTick
    main.o(i.SystemClock_Config) refers to stm32g4xx_ll_utils.o(i.LL_SetSystemCoreClock) for LL_SetSystemCoreClock
    main.o(i.main) refers to main.o(i.SystemClock_Config) for SystemClock_Config
    main.o(i.main) refers to systick.o(i.SYSTICK_init) for SYSTICK_init
    main.o(i.main) refers to gpio.o(i.MX_GPIO_Init) for MX_GPIO_Init
    main.o(i.main) refers to adc.o(i.MX_ADC1_Init) for MX_ADC1_Init
    main.o(i.main) refers to adc.o(i.MX_ADC2_Init) for MX_ADC2_Init
    main.o(i.main) refers to spi.o(i.MX_SPI1_Init) for MX_SPI1_Init
    main.o(i.main) refers to spi.o(i.MX_SPI2_Init) for MX_SPI2_Init
    main.o(i.main) refers to tim.o(i.MX_TIM1_Init) for MX_TIM1_Init
    main.o(i.main) refers to usart.o(i.MX_USART2_UART_Init) for MX_USART2_UART_Init
    main.o(i.main) refers to tim.o(i.MX_TIM3_Init) for MX_TIM3_Init
    main.o(i.main) refers to drv.o(i.DRV8323_init) for DRV8323_init
    main.o(i.main) refers to printfa.o(i.__0printf) for __2printf
    main.o(i.main) refers to para.o(i.USR_CONFIG_read_cogging_map) for USR_CONFIG_read_cogging_map
    main.o(i.main) refers to para.o(i.USR_CONFIG_set_default_cogging_map) for USR_CONFIG_set_default_cogging_map
    main.o(i.main) refers to para.o(i.set_config) for set_config
    main.o(i.main) refers to fsm.o(i.FSM_input) for FSM_input
    main.o(i.main) refers to fsm.o(i.FSM_get_stat) for FSM_get_stat
    main.o(i.main) refers to dfltui.o(.text) for __aeabi_ui2d
    main.o(i.main) refers to dmul.o(.text) for __aeabi_dmul
    main.o(i.main) refers to d2f.o(.text) for __aeabi_d2f
    main.o(i.main) refers to f2d.o(.text) for __aeabi_f2d
    main.o(i.main) refers to dadd.o(.text) for __aeabi_drsub
    main.o(i.main) refers to ddiv.o(.text) for __aeabi_ddiv
    main.o(i.main) refers to log.o(i.__hardfp_log) for __hardfp_log
    main.o(i.main) refers to dflti.o(.text) for __aeabi_i2d
    main.o(i.main) refers to anticog.o(i.ANTICOGGING_loop) for ANTICOGGING_loop
    main.o(i.main) refers to tle.o(.bss) for Encoder
    main.o(i.main) refers to foc.o(.bss) for Foc
    main.o(i.main) refers to control.o(.bss) for Controller
    main.o(i.main) refers to anticog.o(.data) for AnticoggingValid
    gpio.o(i.MX_GPIO_Init) refers to memseta.o(.text) for __aeabi_memclr4
    gpio.o(i.MX_GPIO_Init) refers to gpio.o(i.LL_AHB2_GRP1_EnableClock) for LL_AHB2_GRP1_EnableClock
    gpio.o(i.MX_GPIO_Init) refers to stm32g4xx_ll_gpio.o(i.LL_GPIO_Init) for LL_GPIO_Init
    adc.o(i.MX_ADC1_Init) refers to memseta.o(.text) for __aeabi_memclr4
    adc.o(i.MX_ADC1_Init) refers to adc.o(i.LL_AHB2_GRP1_EnableClock) for LL_AHB2_GRP1_EnableClock
    adc.o(i.MX_ADC1_Init) refers to stm32g4xx_ll_gpio.o(i.LL_GPIO_Init) for LL_GPIO_Init
    adc.o(i.MX_ADC1_Init) refers to adc.o(i.NVIC_EncodePriority) for NVIC_EncodePriority
    adc.o(i.MX_ADC1_Init) refers to adc.o(i.__NVIC_SetPriority) for __NVIC_SetPriority
    adc.o(i.MX_ADC1_Init) refers to adc.o(i.__NVIC_EnableIRQ) for __NVIC_EnableIRQ
[...]
    i.LL_RCC_GetUSARTClockFreq               0x08002fc8   Section        0  stm32g4xx_ll_rcc.o(i.LL_RCC_GetUSARTClockFreq)
    i.LL_RCC_HSI_IsReady                     0x0800307c   Section        0  stm32g4xx_ll_rcc.o(i.LL_RCC_HSI_IsReady)
    LL_RCC_HSI_IsReady                       0x0800307d   Thumb Code    10  stm32g4xx_ll_rcc.o(i.LL_RCC_HSI_IsReady)
    i.LL_RCC_LSE_IsReady                     0x0800308c   Section        0  stm32g4xx_ll_rcc.o(i.LL_RCC_LSE_IsReady)
    LL_RCC_LSE_IsReady                       0x0800308d   Thumb Code    12  stm32g4xx_ll_rcc.o(i.LL_RCC_LSE_IsReady)
    i.LL_RCC_SetAHBPrescaler                 0x0800309c   Section        0  main.o(i.LL_RCC_SetAHBPrescaler)
    LL_RCC_SetAHBPrescaler                   0x0800309d   Thumb Code    14  main.o(i.LL_RCC_SetAHBPrescaler)
    i.LL_SPI_Init                            0x080030b0   Section        0  stm32g4xx_ll_spi.o(i.LL_SPI_Init)
    i.LL_SetSystemCoreClock                  0x08003128   Section        0  stm32g4xx_ll_utils.o(i.LL_SetSystemCoreClock)
    i.LL_TIM_BDTR_Init                       0x08003134   Section        0  stm32g4xx_ll_tim.o(i.LL_TIM_BDTR_Init)
    i.LL_TIM_Init                            0x080031bc   Section        0  stm32g4xx_ll_tim.o(i.LL_TIM_Init)
    i.LL_TIM_OC_DisableFast                  0x08003268   Section        0  tim.o(i.LL_TIM_OC_DisableFast)
    LL_TIM_OC_DisableFast                    0x08003269   Thumb Code   110  tim.o(i.LL_TIM_OC_DisableFast)
    i.LL_TIM_OC_EnablePreload                0x080032dc   Section        0  tim.o(i.LL_TIM_OC_EnablePreload)
    LL_TIM_OC_EnablePreload                  0x080032dd   Thumb Code   110  tim.o(i.LL_TIM_OC_EnablePreload)
    i.LL_TIM_OC_Init                         0x08003350   Section        0  stm32g4xx_ll_tim.o(i.LL_TIM_OC_Init)
    i.LL_USART_Init                          0x0800349c   Section        0  stm32g4xx_ll_usart.o(i.LL_USART_Init)
    i.MX_ADC1_Init                           0x08003584   Section        0  adc.o(i.MX_ADC1_Init)
    i.MX_ADC2_Init                           0x08003778   Section        0  adc.o(i.MX_ADC2_Init)
    i.MX_GPIO_Init                           0x08003944   Section        0  gpio.o(i.MX_GPIO_Init)
    i.MX_SPI1_Init                           0x08003a20   Section        0  spi.o(i.MX_SPI1_Init)
    i.MX_SPI2_Init                           0x08003aec   Section        0  spi.o(i.MX_SPI2_Init)
    i.MX_TIM1_Init                           0x08003bc0   Section        0  tim.o(i.MX_TIM1_Init)
    i.MX_TIM3_Init                           0x08003d78   Section        0  tim.o(i.MX_TIM3_Init)
    i.MX_USART2_UART_Init                    0x08003e3c   Section        0  usart.o(i.MX_USART2_UART_Init)
    i.MemManage_Handler                      0x08003f74   Section        0  stm32g4xx_it.o(i.MemManage_Handler)
    i.NMI_Handler                            0x08003f7a   Section        0  stm32g4xx_it.o(i.NMI_Handler)
    i.NVIC_EncodePriority                    0x08003f80   Section        0  adc.o(i.NVIC_EncodePriority)
    NVIC_EncodePriority                      0x08003f81   Thumb Code    50  adc.o(i.NVIC_EncodePriority)
    i.OC1Config                              0x08003fb4   Section        0  stm32g4xx_ll_tim.o(i.OC1Config)
    OC1Config                                0x08003fb5   Thumb Code   126  stm32g4xx_ll_tim.o(i.OC1Config)
    i.OC2Config                              0x0800404c   Section        0  stm32g4xx_ll_tim.o(i.OC2Config)
    OC2Config                                0x0800404d   Thumb Code   134  stm32g4xx_ll_tim.o(i.OC2Config)
    i.OC3Config                              0x080040ec   Section        0  stm32g4xx_ll_tim.o(i.OC3Config)
    OC3Config                                0x080040ed   Thumb Code   132  stm32g4xx_ll_tim.o(i.OC3Config)
    i.OC4Config                              0x08004188   Section        0  stm32g4xx_ll_tim.o(i.OC4Config)
    OC4Config                                0x08004189   Thumb Code   134  stm32g4xx_ll_tim.o(i.OC4Config)
    i.PWMC_switch_off_pwm                    0x08004228   Section        0  tim.o(i.PWMC_switch_off_pwm)
    i.PWMC_switch_on_pwm                     0x08004248   Section        0  tim.o(i.PWMC_switch_on_pwm)
    i.PendSV_Handler                         0x08004284   Section        0  stm32g4xx_it.o(i.PendSV_Handler)
    i.RCC_GetHCLKClockFreq                   0x08004288   Section        0  stm32g4xx_ll_rcc.o(i.RCC_GetHCLKClockFreq)
    RCC_GetHCLKClockFreq                     0x08004289   Thumb Code    22  stm32g4xx_ll_rcc.o(i.RCC_GetHCLKClockFreq)
    i.RCC_GetPCLK1ClockFreq                  0x080042a8   Section        0  stm32g4xx_ll_rcc.o(i.RCC_GetPCLK1ClockFreq)
    RCC_GetPCLK1ClockFreq                    0x080042a9   Thumb Code    24  stm32g4xx_ll_rcc.o(i.RCC_GetPCLK1ClockFreq)
    i.RCC_GetPCLK2ClockFreq                  0x080042c8   Section        0  stm32g4xx_ll_rcc.o(i.RCC_GetPCLK2ClockFreq)
    RCC_GetPCLK2ClockFreq                    0x080042c9   Thumb Code    24  stm32g4xx_ll_rcc.o(i.RCC_GetPCLK2ClockFreq)
    i.RCC_GetSystemClockFreq                 0x080042e8   Section        0  stm32g4xx_ll_rcc.o(i.RCC_GetSystemClockFreq)
    RCC_GetSystemClockFreq                   0x080042e9   Thumb Code    88  stm32g4xx_ll_rcc.o(i.RCC_GetSystemClockFreq)
    i.SPI2_ReadWriteByte                     0x08004348   Section        0  tle.o(i.SPI2_ReadWriteByte)
    i.SVC_Handler                            0x080043a4   Section        0  stm32g4xx_it.o(i.SVC_Handler)
    i.SYSTICK_delay_ms                       0x080043a6   Section        0  systick.o(i.SYSTICK_delay_ms)
    i.SYSTICK_delay_us                       0x080043bc   Section        0  systick.o(i.SYSTICK_delay_us)
    i.SYSTICK_get_ms_since                   0x080043fc   Section        0  systick.o(i.SYSTICK_get_ms_since)
    i.SYSTICK_get_tick                       0x08004408   Section        0  systick.o(i.SYSTICK_get_tick)
    i.SYSTICK_init                           0x08004414   Section        0  systick.o(i.SYSTICK_init)
    i.SysTick_Handler                        0x08004464   Section        0  stm32g4xx_it.o(i.SysTick_Handler)
    i.SystemClock_Config                     0x08004474   Section        0  main.o(i.SystemClock_Config)
    i.SystemInit                             0x0800456c   Section        0  system_stm32g4xx.o(i.SystemInit)
    i.TIM3_IRQHandler                        0x0800457c   Section        0  stm32g4xx_it.o(i.TIM3_IRQHandler)
    i.TRAJ_eval                              0x08004840   Section        0  traj.o(i.TRAJ_eval)
    i.TRAJ_plan                              0x08004918   Section        0  traj.o(i.TRAJ_plan)
    i.USART2_IRQHandler                      0x08004b28   Section        0  stm32g4xx_it.o(i.USART2_IRQHandler)
    i.USR_CONFIG_read_cogging_map            0x08004b80   Section        0  para.o(i.USR_CONFIG_read_cogging_map)
    i.USR_CONFIG_save_cogging_map            0x08004bc8   Section        0  para.o(i.USR_CONFIG_save_cogging_map)
    i.USR_CONFIG_set_default_cogging_map     0x08004c40   Section        0  para.o(i.USR_CONFIG_set_default_cogging_map)
    i.UsageFault_Handler                     0x08004c78   Section        0  stm32g4xx_it.o(i.UsageFault_Handler)
    i.__0printf                              0x08004c80   Section        0  printfa.o(i.__0printf)
    i.__NVIC_EnableIRQ                       0x08004ca0   Section        0  adc.o(i.__NVIC_EnableIRQ)
    __NVIC_EnableIRQ                         0x08004ca1   Thumb Code    26  adc.o(i.__NVIC_EnableIRQ)
    i.__NVIC_SetPriority                     0x08004cba   Section        0  adc.o(i.__NVIC_SetPriority)
    __NVIC_SetPriority                       0x08004cbb   Thumb Code    32  adc.o(i.__NVIC_SetPriority)
    i.__hardfp___mathlib_tofloat             0x08004ce0   Section        0  narrow.o(i.__hardfp___mathlib_tofloat)
    i.__hardfp_fmax                          0x08004dd8   Section        0  fmax.o(i.__hardfp_fmax)
    i.__hardfp_log                           0x08004e50   Section        0  log.o(i.__hardfp_log)
    i.__hardfp_round                         0x08005218   Section        0  round.o(i.__hardfp_round)
    i.__hardfp_sqrtf                         0x080052f8   Section        0  sqrtf.o(i.__hardfp_sqrtf)
    i.__hardfp_strtof                        0x08005334   Section        0  strtof.o(i.__hardfp_strtof)
    i.__kernel_poly                          0x08005354   Section        0  poly.o(i.__kernel_poly)
    i.__mathlib_dbl_divzero                  0x08005450   Section        0  dunder.o(i.__mathlib_dbl_divzero)
    i.__mathlib_dbl_infnan                   0x08005480   Section        0  dunder.o(i.__mathlib_dbl_infnan)
    i.__mathlib_dbl_invalid                  0x08005498   Section        0  dunder.o(i.__mathlib_dbl_invalid)
    i.__mathlib_narrow                       0x080054b8   Section        0  narrow.o(i.__mathlib_narrow)
    i.__scatterload_copy                     0x080054ca   Section       14  handlers.o(i.__scatterload_copy)
    i.__scatterload_null                     0x080054d8   Section        2  handlers.o(i.__scatterload_null)
    i.__scatterload_zeroinit                 0x080054da   Section       14  handlers.o(i.__scatterload_zeroinit)
    i.__set_errno                            0x080054e8   Section        0  errno.o(i.__set_errno)
    i._fp_digits                             0x080054f4   Section        0  printfa.o(i._fp_digits)
    _fp_digits                               0x080054f5   Thumb Code   366  printfa.o(i._fp_digits)
    i._is_digit                              0x08005678   Section        0  scanf_fp.o(i._is_digit)
    i._printf_core                           0x08005688   Section        0  printfa.o(i._printf_core)
    _printf_core                             0x08005689   Thumb Code  1704  printfa.o(i._printf_core)
    i._printf_post_padding                   0x08005d3c   Section        0  printfa.o(i._printf_post_padding)
    _printf_post_padding                     0x08005d3d   Thumb Code    36  printfa.o(i._printf_post_padding)
    i._printf_pre_padding                    0x08005d60   Section        0  printfa.o(i._printf_pre_padding)
    _printf_pre_padding                      0x08005d61   Thumb Code    46  printfa.o(i._printf_pre_padding)
    i.apply_voltage_timings                  0x08005d90   Section        0  calibration.o(i.apply_voltage_timings)
    i.arm_cos_f32                            0x08005e60   Section        0  fastmathfunctions.o(i.arm_cos_f32)
    i.arm_sin_f32                            0x08005ee4   Section        0  fastmathfunctions.o(i.arm_sin_f32)
    i.clarke_transform                       0x08005f64   Section        0  foc.o(i.clarke_transform)
    i.crc32                                  0x08005f80   Section        0  util.o(i.crc32)
    i.current_calculate                      0x08005fa8   Section        0  control.o(i.current_calculate)
    i.enter_state                            0x08006314   Section        0  fsm.o(i.enter_state)
    enter_state                              0x08006315   Thumb Code    80  fsm.o(i.enter_state)
    i.erase_current_sample                   0x08006370   Section        0  control.o(i.erase_current_sample)
    i.exit_state                             0x08006384   Section        0  fsm.o(i.exit_state)
    exit_state                               0x08006385   Thumb Code    56  fsm.o(i.exit_state)
    i.flash_wait_for_last_operation          0x080063c0   Section        0  flash.o(i.flash_wait_for_last_operation)
    flash_wait_for_last_operation            0x080063c1   Thumb Code    70  flash.o(i.flash_wait_for_last_operation)
    i.fputc                                  0x08006410   Section        0  usart.o(i.fputc)
    i.frexp                                  0x08006428   Section        0  frexp.o(i.frexp)
    i.inverse_park                           0x080064b4   Section        0  foc.o(i.inverse_park)
    i.main                                   0x08006500   Section        0  main.o(i.main)
    i.park_transform                         0x0800682c   Section        0  foc.o(i.park_transform)
    i.prvHeapInit                            0x08006878   Section        0  heap.o(i.prvHeapInit)
    prvHeapInit                              0x08006879   Thumb Code    66  heap.o(i.prvHeapInit)
    i.prvInsertBlockIntoFreeList             0x080068c4   Section        0  heap.o(i.prvInsertBlockIntoFreeList)
    prvInsertBlockIntoFreeList               0x080068c5   Thumb Code    72  heap.o(i.prvInsertBlockIntoFreeList)
    i.set_Uq                                 0x08006910   Section        0  simplefoc.o(i.set_Uq)
    i.set_config                             0x0800699c   Section        0  para.o(i.set_config)
    i.set_simple_para                        0x08006ae8   Section        0  simplefoc.o(i.set_simple_para)
    i.spi_transmit_receive                   0x08006b28   Section        0  drv.o(i.spi_transmit_receive)
    spi_transmit_receive                     0x08006b29   Thumb Code    94  drv.o(i.spi_transmit_receive)
    i.svm                                    0x08006b8c   Section        0  foc.o(i.svm)
    i.tle_read_cnt                           0x08006d38   Section        0  tle.o(i.tle_read_cnt)
    i.tle_read_reg                           0x08006d48   Section        0  tle.o(i.tle_read_reg)
    i.tle_read_speed                         0x08006d78   Section        0  tle.o(i.tle_read_speed)
    .constdata                               0x08006db4   Section       20  tim.o(.constdata)
    OFFSET_TAB_CCMRx                         0x08006db4   Data          10  tim.o(.constdata)
    SHIFT_TAB_OCxx                           0x08006dbe   Data          10  tim.o(.constdata)
    .constdata                               0x08006dc8   Section       48  stm32g4xx_ll_usart.o(.constdata)
    USART_PRESCALER_TAB                      0x08006dc8   Data          48  stm32g4xx_ll_usart.o(.constdata)
    .constdata                               0x08006df8   Section       16  system_stm32g4xx.o(.constdata)
    .constdata                               0x08006e08   Section        8  system_stm32g4xx.o(.constdata)
    .constdata                               0x08006e10   Section     1024  util.o(.constdata)
    crc32_table                              0x08006e10   Data        1024  util.o(.constdata)
    .constdata                               0x08007210   Section     2052  commontables.o(.constdata)
    .constdata                               0x08007a18   Section       56  log.o(.constdata)
    Lg2                                      0x08007a18   Data          24  log.o(.constdata)
    Lg                                       0x08007a30   Data          32  log.o(.constdata)
    .constdata                               0x08007a50   Section        8  qnan.o(.constdata)
    .constdata                               0x08007a58   Section       64  ctype_c.o(.constdata)
    .data                                    0x20000000   Section       16  stm32g4xx_it.o(.data)
    incnt                                    0x20000002   Data           1  stm32g4xx_it.o(.data)
    .data                                    0x20000010   Section        4  system_stm32g4xx.o(.data)
    .data                                    0x20000014   Section        4  systick.o(.data)
    .data                                    0x20000018   Section        1  foc.o(.data)
    mIsArmed                                 0x20000018   Data           1  foc.o(.data)
    .data                                    0x2000001c   Section       84  fsm.o(.data)
    mErrorCode                               0x2000001c   Data           4  fsm.o(.data)
    mErrorCodeLast                           0x20000020   Data           4  fsm.o(.data)
    Fsm                                      0x2000002c   Data          68  fsm.o(.data)
    .data                                    0x20000070   Section       56  control.o(.data)
    input_pos_updated                        0x20000070   Data           1  control.o(.data)
    cnt                                      0x20000074   Data           4  control.o(.data)
    mPosSetPoint                             0x2000007c   Data           4  control.o(.data)
    mVelSetPoint                             0x20000080   Data           4  control.o(.data)
    mTorqueSetPoint                          0x20000084   Data           4  control.o(.data)
    input_filter_kp                          0x20000088   Data           4  control.o(.data)
    input_filter_ki                          0x2000008c   Data           4  control.o(.data)
    vel_integrator_torque                    0x20000090   Data           4  control.o(.data)
    current                                  0x20000094   Data           4  control.o(.data)
    error                                    0x20000098   Data           4  control.o(.data)
    proportional                             0x2000009c   Data           4  control.o(.data)
    integral                                 0x200000a0   Data           4  control.o(.data)
    derivative                               0x200000a4   Data           4  control.o(.data)
    .data                                    0x200000a8   Section        8  led.o(.data)
    cnt                                      0x200000a8   Data           2  led.o(.data)
    tick                                     0x200000ac   Data           4  led.o(.data)
    .data                                    0x200000b0   Section        4  para.o(.data)
    .data                                    0x200000b4   Section       52  calibration.o(.data)
    mCalibStep                               0x200000b4   Data           1  calibration.o(.data)
    mCalibError                              0x200000b5   Data           1  calibration.o(.data)
    p_error_arr                              0x200000b8   Data           4  calibration.o(.data)
    loop_count                               0x200000bc   Data           4  calibration.o(.data)
    raw_offset                               0x200000c0   Data           4  calibration.o(.data)
    sample_count                             0x200000c4   Data           4  calibration.o(.data)
    next_sample_time                         0x200000c8   Data           4  calibration.o(.data)
    theta_ref                                0x200000cc   Data           4  calibration.o(.data)
    start_position                           0x200000d0   Data           4  calibration.o(.data)
    end_position                             0x200000d4   Data           4  calibration.o(.data)
    voltages                                 0x200000d8   Data           8  calibration.o(.data)
    Ialphas                                  0x200000e0   Data           8  calibration.o(.data)
    .data                                    0x200000e8   Section       24  heap.o(.data)
    pxEnd                                    0x200000e8   Data           4  heap.o(.data)
    xFreeBytesRemaining                      0x200000ec   Data           4  heap.o(.data)
    xMinimumEverFreeBytesRemaining           0x200000f0   Data           4  heap.o(.data)
    xBlockAllocatedBit                       0x200000f4   Data           4  heap.o(.data)
    xStart                                   0x200000f8   Data           8  heap.o(.data)
    .data                                    0x20000100   Section       24  anticog.o(.data)
    AntiCoggingStep                          0x20000101   Data           1  anticog.o(.data)
    index                                    0x20000104   Data           4  anticog.o(.data)
    tick                                     0x20000108   Data           4  anticog.o(.data)
    current_sum                              0x2000010c   Data           4  anticog.o(.data)
    cnt                                      0x20000110   Data           4  anticog.o(.data)
    .data                                    0x20000118   Section       40  traj.o(.data)
    Xi_                                      0x20000118   Data           4  traj.o(.data)
    Xf_                                      0x2000011c   Data           4  traj.o(.data)
    Vi_                                      0x20000120   Data           4  traj.o(.data)
    Ar_                                      0x20000124   Data           4  traj.o(.data)
    Vr_                                      0x20000128   Data           4  traj.o(.data)
    Dr_                                      0x2000012c   Data           4  traj.o(.data)
    Ta_                                      0x20000130   Data           4  traj.o(.data)
    Tv_                                      0x20000134   Data           4  traj.o(.data)
    Td_                                      0x20000138   Data           4  traj.o(.data)
    yAccel_                                  0x2000013c   Data           4  traj.o(.data)
    .data                                    0x20000140   Section        4  stdout.o(.data)
    .data                                    0x20000144   Section        4  errno.o(.data)
    _errno                                   0x20000144   Data           4  errno.o(.data)
    .bss                                     0x20000148   Section       20  stm32g4xx_it.o(.bss)
    .bss                                     0x2000015c   Section      212  tle.o(.bss)
    .bss                                     0x20000230   Section       84  foc.o(.bss)
    .bss                                     0x20000284   Section       20  fsm.o(.bss)
    .bss                                     0x20000298   Section       12  control.o(.bss)
    .bss                                     0x200002a4   Section      440  para.o(.bss)
    .bss                                     0x2000045c   Section    12288  heap.o(.bss)
    ucHeap                                   0x2000045c   Data       12288  heap.o(.bss)
    .bss                                     0x2000345c   Section       24  traj.o(.bss)
    .bss                                     0x20003474   Section       32  simplefoc.o(.bss)
    STACK                                    0x20003498   Section     1024  startup_stm32g431xx.o(STACK)

    Global Symbols

    Symbol Name                              Value     Ov Type        Size  Object(Section)

    BuildAttributes$$THM_ISAv4$E$P$D$K$B$S$7EM$VFPi3$EXTD16$VFPS$VFMA$PE$A:L22UL41UL21$X:L11$S22US41US21$IEEE1$IW$USESV6$~STKCKD$USESV7$~SHL$OTIME$ROPI$IEEEX$EBA8$MICROLIB$REQ8$PRES8$EABIv2 0x00000000   Number         0  anon$$obj.o ABSOLUTE
    __ARM_use_no_argv                        0x00000000   Number         0  main.o ABSOLUTE
    _printf_a                                0x00000000   Number         0  stubs.o ABSOLUTE
    _printf_c                                0x00000000   Number         0  stubs.o ABSOLUTE
    _printf_charcount                        0x00000000   Number         0  stubs.o ABSOLUTE
    _printf_d                                0x00000000   Number         0  stubs.o ABSOLUTE
    _printf_e                                0x00000000   Number         0  stubs.o ABSOLUTE
    _printf_f                                0x00000000   Number         0  stubs.o ABSOLUTE
    _printf_flags                            0x00000000   Number         0  stubs.o ABSOLUTE
    _printf_fp_dec                           0x00000000   Number         0  stubs.o ABSOLUTE
    _printf_fp_hex                           0x00000000   Number         0  stubs.o ABSOLUTE
    _printf_g                                0x00000000   Number         0  stubs.o ABSOLUTE
    _printf_i                                0x00000000   Number         0  stubs.o ABSOLUTE
    _printf_int_dec                          0x00000000   Number         0  stubs.o ABSOLUTE
    _printf_l                                0x00000000   Number         0  stubs.o ABSOLUTE
    _printf_lc                               0x00000000   Number         0  stubs.o ABSOLUTE
    _printf_ll                               0x00000000   Number         0  stubs.o ABSOLUTE
    _printf_lld                              0x00000000   Number         0  stubs.o ABSOLUTE
    _printf_lli                              0x00000000   Number         0  stubs.o ABSOLUTE
    _printf_llo                              0x00000000   Number         0  stubs.o ABSOLUTE
    _printf_llu                              0x00000000   Number         0  stubs.o ABSOLUTE
    _printf_llx                              0x00000000   Number         0  stubs.o ABSOLUTE
    _printf_longlong_dec                     0x00000000   Number         0  stubs.o ABSOLUTE
    _printf_longlong_hex                     0x00000000   Number         0  stubs.o ABSOLUTE
    _printf_longlong_oct                     0x00000000   Number         0  stubs.o ABSOLUTE
    _printf_ls                               0x00000000   Number         0  stubs.o ABSOLUTE
    _printf_mbtowc                           0x00000000   Number         0  stubs.o ABSOLUTE
    _printf_n                                0x00000000   Number         0  stubs.o ABSOLUTE
    _printf_o                                0x00000000   Number         0  stubs.o ABSOLUTE
    _printf_p                                0x00000000   Number         0  stubs.o ABSOLUTE
    _printf_percent                          0x00000000   Number         0  stubs.o ABSOLUTE
    _printf_pre_padding                      0x00000000   Number         0  stubs.o ABSOLUTE
    _printf_return_value                     0x00000000   Number         0  stubs.o ABSOLUTE
    _printf_s                                0x00000000   Number         0  stubs.o ABSOLUTE
    _printf_sizespec                         0x00000000   Number         0  stubs.o ABSOLUTE
    _printf_str                              0x00000000   Number         0  stubs.o ABSOLUTE
    _printf_truncate_signed                  0x00000000   Number         0  stubs.o ABSOLUTE
    _printf_truncate_unsigned                0x00000000   Number         0  stubs.o ABSOLUTE
    _printf_u                                0x00000000   Number         0  stubs.o ABSOLUTE
    _printf_wc                               0x00000000   Number         0  stubs.o ABSOLUTE
    _printf_wctomb                           0x00000000   Number         0  stubs.o ABSOLUTE
    _printf_widthprec                        0x00000000   Number         0  stubs.o ABSOLUTE
    _printf_x                                0x00000000   Number         0  stubs.o ABSOLUTE
    __arm_fini_                               - Undefined Weak Reference
    __cpp_initialize__aeabi_                  - Undefined Weak Reference
    __cxa_finalize                            - Undefined Weak Reference
    _clock_init                               - Undefined Weak Reference
    _microlib_exit                            - Undefined Weak Reference
    _scanf_int                                - Undefined Weak Reference
    _scanf_longlong                           - Undefined Weak Reference
    __Vectors_Size                           0x000001d8   Number         0  startup_stm32g431xx.o ABSOLUTE
    __Vectors                                0x08000000   Data           4  startup_stm32g431xx.o(RESET)
    __Vectors_End                            0x080001d8   Data           0  startup_stm32g431xx.o(RESET)
    __main                                   0x080001d9   Thumb Code     0  entry.o(.ARM.Collect$$$$00000000)
    _main_stk                                0x080001d9   Thumb Code     0  entry2.o(.ARM.Collect$$$$00000001)
    _main_scatterload                        0x080001dd   Thumb Code     0  entry5.o(.ARM.Collect$$$$00000004)
    __main_after_scatterload                 0x080001e1   Thumb Code     0  entry5.o(.ARM.Collect$$$$00000004)
    _main_clock                              0x080001e1   Thumb Code     0  entry7b.o(.ARM.Collect$$$$00000008)
    _main_cpp_init                           0x080001e1   Thumb Code     0  entry8b.o(.ARM.Collect$$$$0000000A)
    _main_init                               0x080001e1   Thumb Code     0  entry9a.o(.ARM.Collect$$$$0000000B)
    __rt_lib_shutdown_fini                   0x080001e9   Thumb Code     0  entry12b.o(.ARM.Collect$$$$0000000E)
    __rt_final_cpp                           0x080001ed   Thumb Code     0  entry10a.o(.ARM.Collect$$$$0000000F)
    __rt_final_exit                          0x080001ed   Thumb Code     0  entry11a.o(.ARM.Collect$$$$00000011)
    Reset_Handler                            0x080001f1   Thumb Code     8  startup_stm32g431xx.o(.text)
    COMP1_2_3_IRQHandler                     0x0800020b   Thumb Code     0  startup_stm32g431xx.o(.text)
    COMP4_IRQHandler                         0x0800020b   Thumb Code     0  startup_stm32g431xx.o(.text)
    CORDIC_IRQHandler                        0x0800020b   Thumb Code     0  startup_stm32g431xx.o(.text)
    CRS_IRQHandler                           0x0800020b   Thumb Code     0  startup_stm32g431xx.o(.text)
    DMA1_Channel1_IRQHandler                 0x0800020b   Thumb Code     0  startup_stm32g431xx.o(.text)
    DMA1_Channel2_IRQHandler                 0x0800020b   Thumb Code     0  startup_stm32g431xx.o(.text)
    DMA1_Channel3_IRQHandler                 0x0800020b   Thumb Code     0  startup_stm32g431xx.o(.text)
    DMA1_Channel4_IRQHandler                 0x0800020b   Thumb Code     0  startup_stm32g431xx.o(.text)
    DMA1_Channel5_IRQHandler                 0x0800020b   Thumb Code     0  startup_stm32g431xx.o(.text)
    DMA1_Channel6_IRQHandler                 0x0800020b   Thumb Code     0  startup_stm32g431xx.o(.text)
    DMA2_Channel1_IRQHandler                 0x0800020b   Thumb Code     0  startup_stm32g431xx.o(.text)
    DMA2_Channel2_IRQHandler                 0x0800020b   Thumb Code     0  startup_stm32g431xx.o(.text)
    DMA2_Channel3_IRQHandler                 0x0800020b   Thumb Code     0  startup_stm32g431xx.o(.text)
    DMA2_Channel4_IRQHandler                 0x0800020b   Thumb Code     0  startup_stm32g431xx.o(.text)
    DMA2_Channel5_IRQHandler                 0x0800020b   Thumb Code     0  startup_stm32g431xx.o(.text)
    DMA2_Channel6_IRQHandler                 0x0800020b   Thumb Code     0  startup_stm32g431xx.o(.text)
    DMAMUX_OVR_IRQHandler                    0x0800020b   Thumb Code     0  startup_stm32g431xx.o(.text)
    EXTI0_IRQHandler                         0x0800020b   Thumb Code     0  startup_stm32g431xx.o(.text)
    EXTI15_10_IRQHandler                     0x0800020b   Thumb Code     0  startup_stm32g431xx.o(.text)
    EXTI1_IRQHandler                         0x0800020b   Thumb Code     0  startup_stm32g431xx.o(.text)
    EXTI2_IRQHandler                         0x0800020b   Thumb Code     0  startup_stm32g431xx.o(.text)
    EXTI3_IRQHandler                         0x0800020b   Thumb Code     0  startup_stm32g431xx.o(.text)
    EXTI4_IRQHandler                         0x0800020b   Thumb Code     0  startup_stm32g431xx.o(.text)
    EXTI9_5_IRQHandler                       0x0800020b   Thumb Code     0  startup_stm32g431xx.o(.text)
    FDCAN1_IT0_IRQHandler                    0x0800020b   Thumb Code     0  startup_stm32g431xx.o(.text)
    FDCAN1_IT1_IRQHandler                    0x0800020b   Thumb Code     0  startup_stm32g431xx.o(.text)
    FLASH_IRQHandler                         0x0800020b   Thumb Code     0  startup_stm32g431xx.o(.text)
    FMAC_IRQHandler                          0x0800020b   Thumb Code     0  startup_stm32g431xx.o(.text)
    FPU_IRQHandler                           0x0800020b   Thumb Code     0  startup_stm32g431xx.o(.text)
    I2C1_ER_IRQHandler                       0x0800020b   Thumb Code     0  startup_stm32g431xx.o(.text)
    I2C1_EV_IRQHandler                       0x0800020b   Thumb Code     0  startup_stm32g431xx.o(.text)
    I2C2_ER_IRQHandler                       0x0800020b   Thumb Code     0  startup_stm32g431xx.o(.text)
    I2C2_EV_IRQHandler                       0x0800020b   Thumb Code     0  startup_stm32g431xx.o(.text)
    I2C3_ER_IRQHandler                       0x0800020b   Thumb Code     0  startup_stm32g431xx.o(.text)
    I2C3_EV_IRQHandler                       0x0800020b   Thumb Code     0  startup_stm32g431xx.o(.text)
    LPTIM1_IRQHandler                        0x0800020b   Thumb Code     0  startup_stm32g431xx.o(.text)
    LPUART1_IRQHandler                       0x0800020b   Thumb Code     0  startup_stm32g431xx.o(.text)
    PVD_PVM_IRQHandler                       0x0800020b   Thumb Code     0  startup_stm32g431xx.o(.text)
    RCC_IRQHandler                           0x0800020b   Thumb Code     0  startup_stm32g431xx.o(.text)
    RNG_IRQHandler                           0x0800020b   Thumb Code     0  startup_stm32g431xx.o(.text)
    RTC_Alarm_IRQHandler                     0x0800020b   Thumb Code     0  startup_stm32g431xx.o(.text)
    RTC_TAMP_LSECSS_IRQHandler               0x0800020b   Thumb Code     0  startup_stm32g431xx.o(.text)
    RTC_WKUP_IRQHandler                      0x0800020b   Thumb Code     0  startup_stm32g431xx.o(.text)
    SAI1_IRQHandler                          0x0800020b   Thumb Code     0  startup_stm32g431xx.o(.text)
    SPI1_IRQHandler                          0x0800020b   Thumb Code     0  startup_stm32g431xx.o(.text)
    SPI2_IRQHandler                          0x0800020b   Thumb Code     0  startup_stm32g431xx.o(.text)
    SPI3_IRQHandler                          0x0800020b   Thumb Code     0  startup_stm32g431xx.o(.text)
    TIM1_BRK_TIM15_IRQHandler                0x0800020b   Thumb Code     0  startup_stm32g431xx.o(.text)
    TIM1_CC_IRQHandler                       0x0800020b   Thumb Code     0  startup_stm32g431xx.o(.text)
    TIM1_TRG_COM_TIM17_IRQHandler            0x0800020b   Thumb Code     0  startup_stm32g431xx.o(.text)
    TIM1_UP_TIM16_IRQHandler                 0x0800020b   Thumb Code     0  startup_stm32g431xx.o(.text)
    TIM2_IRQHandler                          0x0800020b   Thumb Code     0  startup_stm32g431xx.o(.text)
    TIM4_IRQHandler                          0x0800020b   Thumb Code     0  startup_stm32g431xx.o(.text)
    TIM6_DAC_IRQHandler                      0x0800020b   Thumb Code     0  startup_stm32g431xx.o(.text)
    TIM7_IRQHandler                          0x0800020b   Thumb Code     0  startup_stm32g431xx.o(.text)
    TIM8_BRK_IRQHandler                      0x0800020b   Thumb Code     0  startup_stm32g431xx.o(.text)
    TIM8_CC_IRQHandler                       0x0800020b   Thumb Code     0  startup_stm32g431xx.o(.text)
    TIM8_TRG_COM_IRQHandler                  0x0800020b   Thumb Code     0  startup_stm32g431xx.o(.text)
    TIM8_UP_IRQHandler                       0x0800020b   Thumb Code     0  startup_stm32g431xx.o(.text)
    UART4_IRQHandler                         0x0800020b   Thumb Code     0  startup_stm32g431xx.o(.text)
    UCPD1_IRQHandler                         0x0800020b   Thumb Code     0  startup_stm32g431xx.o(.text)
    USART1_IRQHandler                        0x0800020b   Thumb Code     0  startup_stm32g431xx.o(.text)
    USART3_IRQHandler                        0x0800020b   Thumb Code     0  startup_stm32g431xx.o(.text)
    USBWakeUp_IRQHandler                     0x0800020b   Thumb Code     0  startup_stm32g431xx.o(.text)
    USB_HP_IRQHandler                        0x0800020b   Thumb Code     0  startup_stm32g431xx.o(.text)
    USB_LP_IRQHandler                        0x0800020b   Thumb Code     0  startup_stm32g431xx.o(.text)
    WWDG_IRQHandler                          0x0800020b   Thumb Code     0  startup_stm32g431xx.o(.text)
    __aeabi_uldivmod                         0x08000215   Thumb Code    98  uldiv.o(.text)
    __aeabi_llsl                             0x08000277   Thumb Code    30  llshl.o(.text)
    _ll_shift_l                              0x08000277   Thumb Code     0  llshl.o(.text)
    __aeabi_lasr                             0x08000295   Thumb Code    36  llsshr.o(.text)
    _ll_sshift_r                             0x08000295   Thumb Code     0  llsshr.o(.text)
    __aeabi_memcpy                           0x080002b9   Thumb Code    36  memcpya.o(.text)
    __aeabi_memcpy4                          0x080002b9   Thumb Code     0  memcpya.o(.text)
    __aeabi_memcpy8                          0x080002b9   Thumb Code     0  memcpya.o(.text)
    __aeabi_memset                           0x080002dd   Thumb Code    14  memseta.o(.text)
    __aeabi_memset4                          0x080002dd   Thumb Code     0  memseta.o(.text)
    __aeabi_memset8                          0x080002dd   Thumb Code     0  memseta.o(.text)
    __aeabi_memclr                           0x080002eb   Thumb Code     4  memseta.o(.text)
    __aeabi_memclr4                          0x080002eb   Thumb Code     0  memseta.o(.text)
    __aeabi_memclr8                          0x080002eb   Thumb Code     0  memseta.o(.text)
    _memset$wrapper                          0x080002ef   Thumb Code    18  memseta.o(.text)
    strcmp                                   0x08000301   Thumb Code    28  strcmp.o(.text)
    __0sscanf                                0x0800031d   Thumb Code    48  __0sscanf.o(.text)
    _scanf_string                            0x08000355   Thumb Code   224  _scanf_str.o(.text)
    __aeabi_dadd                             0x08000435   Thumb Code   322  dadd.o(.text)
    __aeabi_dsub                             0x08000577   Thumb Code     6  dadd.o(.text)
    __aeabi_drsub                            0x0800057d   Thumb Code     6  dadd.o(.text)
    __aeabi_dmul                             0x08000583   Thumb Code   228  dmul.o(.text)
    __aeabi_ddiv                             0x08000667   Thumb Code   222  ddiv.o(.text)
    __aeabi_i2d                              0x08000745   Thumb Code    34  dflti.o(.text)
    __aeabi_ui2d                             0x08000767   Thumb Code    26  dfltui.o(.text)
    __aeabi_d2iz                             0x08000781   Thumb Code    62  dfixi.o(.text)
    __aeabi_f2d                              0x080007bf   Thumb Code    38  f2d.o(.text)
    __aeabi_cdcmpeq                          0x080007e5   Thumb Code     0  cdcmple.o(.text)
    __aeabi_cdcmple                          0x080007e5   Thumb Code    48  cdcmple.o(.text)
    __aeabi_cdrcmple                         0x08000815   Thumb Code    48  cdrcmple.o(.text)
    __aeabi_d2f                              0x08000845   Thumb Code    56  d2f.o(.text)
    __aeabi_uidiv                            0x0800087d   Thumb Code     0  uidiv.o(.text)
    __aeabi_uidivmod                         0x0800087d   Thumb Code    44  uidiv.o(.text)
    __aeabi_llsr                             0x080008a9   Thumb Code    32  llushr.o(.text)
    _ll_ushift_r                             0x080008a9   Thumb Code     0  llushr.o(.text)
    __vfscanf_char                           0x080008d5   Thumb Code    20  scanf_char.o(.text)
    _sgetc                                   0x080008f1   Thumb Code    30  _sgetc.o(.text)
    _sbackspace                              0x0800090f   Thumb Code    34  _sgetc.o(.text)
    __strtof_int                             0x08000931   Thumb Code    26  strtof.o(.text)
    __I$use$fp                               0x0800094b   Thumb Code     0  iusefp.o(.text)
    _float_round                             0x0800094b   Thumb Code    18  fepilogue.o(.text)
    _float_epilogue                          0x0800095d   Thumb Code    92  fepilogue.o(.text)
    _double_round                            0x080009b9   Thumb Code    30  depilogue.o(.text)
    _double_epilogue                         0x080009d7   Thumb Code   156  depilogue.o(.text)
    _drnd                                    0x08000a75   Thumb Code   132  drnd.o(.text)
    __aeabi_d2ulz                            0x08000afd   Thumb Code    48  dfixul.o(.text)
    __ARM_dcmp4                              0x08000b2d   Thumb Code    96  dcmp4.o(.text)
    _dcmp4                                   0x08000b2d   Thumb Code     0  dcmp4.o(.text)
    __fp_status                              0x08000b8d   Thumb Code     4  fpstat.o(.text)
    __ieee_status                            0x08000b8d   Thumb Code     0  fpstat.o(.text)
    __scatterload                            0x08000b91   Thumb Code    28  init.o(.text)
    __scatterload_rt2                        0x08000b91   Thumb Code     0  init.o(.text)
    isspace                                  0x08000bb5   Thumb Code    10  isspace_c.o(.text)
    __vfscanf                                0x08000bc1   Thumb Code   810  _scanf.o(.text)
    __strtod_int                             0x08000f27   Thumb Code    90  strtod.o(.text)
    __ctype_lookup                           0x08000f8d   Thumb Code    34  ctype_c.o(.text)
    _scanf_real                              0x080010dd   Thumb Code     0  scanf_fp.o(.text)
    _scanf_really_real                       0x080010dd   Thumb Code   556  scanf_fp.o(.text)
    __aeabi_ul2d                             0x08001315   Thumb Code    24  dfltul.o(.text)
    __decompress                             0x0800132d   Thumb Code     0  __dczerorl.o(.text)
    __decompress0                            0x0800132d   Thumb Code    58  __dczerorl.o(.text)
    ADC1_2_IRQHandler                        0x08001369   Thumb Code   266  stm32g4xx_it.o(i.ADC1_2_IRQHandler)
    ANTICOGGING_abort                        0x080014a9   Thumb Code    14  anticog.o(i.ANTICOGGING_abort)
    ANTICOGGING_loop                         0x080014bd   Thumb Code   628  anticog.o(i.ANTICOGGING_loop)
    ANTICOGGING_start                        0x08001781   Thumb Code    18  anticog.o(i.ANTICOGGING_start)
    BusFault_Handler                         0x08001799   Thumb Code     6  stm32g4xx_it.o(i.BusFault_Handler)
    CALIBRATION_end                          0x080017a1   Thumb Code    38  calibration.o(i.CALIBRATION_end)
    CALIBRATION_loop                         0x080017d1   Thumb Code  1302  calibration.o(i.CALIBRATION_loop)
    CALIBRATION_start                        0x08001d05   Thumb Code    50  calibration.o(i.CALIBRATION_start)
    CONTROLLER_get_integrator_current        0x08001d49   Thumb Code     8  control.o(i.CONTROLLER_get_integrator_current)
    CONTROLLER_move_to_pos                   0x08001d55   Thumb Code    28  control.o(i.CONTROLLER_move_to_pos)
    CONTROLLER_reset                         0x08001d7d   Thumb Code    90  control.o(i.CONTROLLER_reset)
    DRV8323_calibrate                        0x08001df1   Thumb Code    10  drv.o(i.DRV8323_calibrate)
    DRV8323_disable_gd                       0x08001dfb   Thumb Code    26  drv.o(i.DRV8323_disable_gd)
    DRV8323_enable_gd                        0x08001e15   Thumb Code    26  drv.o(i.DRV8323_enable_gd)
    DRV8323_getFault                         0x08001e2f   Thumb Code    40  drv.o(i.DRV8323_getFault)
    DRV8323_init                             0x08001e57   Thumb Code     4  drv.o(i.DRV8323_init)
    DRV8323_isFault                          0x08001e5d   Thumb Code    14  drv.o(i.DRV8323_isFault)
    DRV8323_read_FSR1                        0x08001e71   Thumb Code     6  drv.o(i.DRV8323_read_FSR1)
    DRV8323_read_FSR2                        0x08001e77   Thumb Code     8  drv.o(i.DRV8323_read_FSR2)
    DRV8323_read_reg                         0x08001e7f   Thumb Code    46  drv.o(i.DRV8323_read_reg)
    DRV8323_reset                            0x08001ead   Thumb Code   244  drv.o(i.DRV8323_reset)
    DRV8323_set_enable                       0x08001fa5   Thumb Code    24  drv.o(i.DRV8323_set_enable)
    DRV8323_write_CSACR                      0x08001fbd   Thumb Code    60  drv.o(i.DRV8323_write_CSACR)
    DRV8323_write_DCR                        0x08001ff9   Thumb Code    60  drv.o(i.DRV8323_write_DCR)
    DRV8323_write_HSR                        0x08002035   Thumb Code    18  drv.o(i.DRV8323_write_HSR)
    DRV8323_write_LSR                        0x08002047   Thumb Code    22  drv.o(i.DRV8323_write_LSR)
    DRV8323_write_OCPCR                      0x0800205d   Thumb Code    32  drv.o(i.DRV8323_write_OCPCR)
    DRV8323_write_reg                        0x0800207d   Thumb Code    42  drv.o(i.DRV8323_write_reg)
    DebugMon_Handler                         0x080020a7   Thumb Code     2  stm32g4xx_it.o(i.DebugMon_Handler)
    Encoder_Sample                           0x080020a9   Thumb Code   316  tle.o(i.Encoder_Sample)
    Error_Handler                            0x08002201   Thumb Code     8  main.o(i.Error_Handler)
    FLASH_erase_page                         0x08002209   Thumb Code   194  flash.o(i.FLASH_erase_page)
    FLASH_lock                               0x080022d1   Thumb Code    24  flash.o(i.FLASH_lock)
    FLASH_program                            0x080022ed   Thumb Code    52  flash.o(i.FLASH_program)
    FLASH_unlock                             0x08002325   Thumb Code    28  flash.o(i.FLASH_unlock)
    FOC_arm                                  0x0800234d   Thumb Code    28  foc.o(i.FOC_arm)
    FOC_current                              0x0800236d   Thumb Code   420  foc.o(i.FOC_current)
    FOC_disarm                               0x08002535   Thumb Code    28  foc.o(i.FOC_disarm)
    FOC_reset                                0x08002555   Thumb Code    52  foc.o(i.FOC_reset)
    FOC_zero_current                         0x08002595   Thumb Code    52  foc.o(i.FOC_zero_current)
    FSM_get_stat                             0x080025c9   Thumb Code     6  fsm.o(i.FSM_get_stat)
    FSM_input                                0x080025d5   Thumb Code   686  fsm.o(i.FSM_input)
    FSM_loop                                 0x0800293d   Thumb Code   284  fsm.o(i.FSM_loop)
    HEAP_free                                0x08002a8d   Thumb Code    46  heap.o(i.HEAP_free)
    HEAP_malloc                              0x08002ac1   Thumb Code   140  heap.o(i.HEAP_malloc)
    HardFault_Handler                        0x08002b51   Thumb Code     6  stm32g4xx_it.o(i.HardFault_Handler)
    LED_loop                                 0x08002b59   Thumb Code   138  led.o(i.LED_loop)
    LL_ADC_CommonInit                        0x08002c01   Thumb Code    72  stm32g4xx_ll_adc.o(i.LL_ADC_CommonInit)
    LL_ADC_INJ_Init                          0x08002c51   Thumb Code    66  stm32g4xx_ll_adc.o(i.LL_ADC_INJ_Init)
    LL_ADC_Init                              0x08002cbd   Thumb Code    42  stm32g4xx_ll_adc.o(i.LL_ADC_Init)
    LL_ADC_REG_Init                          0x08002ce9   Thumb Code    78  stm32g4xx_ll_adc.o(i.LL_ADC_REG_Init)
    LL_GPIO_Init                             0x08002e1d   Thumb Code   310  stm32g4xx_ll_gpio.o(i.LL_GPIO_Init)
    LL_Init1msTick                           0x08002f53   Thumb Code    26  stm32g4xx_ll_utils.o(i.LL_Init1msTick)
    LL_RCC_GetUARTClockFreq                  0x08002f6d   Thumb Code    84  stm32g4xx_ll_rcc.o(i.LL_RCC_GetUARTClockFreq)
    LL_RCC_GetUSARTClockFreq                 0x08002fc9   Thumb Code   172  stm32g4xx_ll_rcc.o(i.LL_RCC_GetUSARTClockFreq)
    LL_SPI_Init                              0x080030b1   Thumb Code   118  stm32g4xx_ll_spi.o(i.LL_SPI_Init)
    LL_SetSystemCoreClock                    0x08003129   Thumb Code     6  stm32g4xx_ll_utils.o(i.LL_SetSystemCoreClock)
    LL_TIM_BDTR_Init                         0x08003135   Thumb Code   128  stm32g4xx_ll_tim.o(i.LL_TIM_BDTR_Init)
    LL_TIM_Init                              0x080031bd   Thumb Code   144  stm32g4xx_ll_tim.o(i.LL_TIM_Init)
    LL_TIM_OC_Init                           0x08003351   Thumb Code   302  stm32g4xx_ll_tim.o(i.LL_TIM_OC_Init)
    LL_USART_Init                            0x0800349d   Thumb Code   206  stm32g4xx_ll_usart.o(i.LL_USART_Init)
    MX_ADC1_Init                             0x08003585   Thumb Code   446  adc.o(i.MX_ADC1_Init)
    MX_ADC2_Init                             0x08003779   Thumb Code   416  adc.o(i.MX_ADC2_Init)
    MX_GPIO_Init                             0x08003945   Thumb Code   210  gpio.o(i.MX_GPIO_Init)
    MX_SPI1_Init                             0x08003a21   Thumb Code   196  spi.o(i.MX_SPI1_Init)
    MX_SPI2_Init                             0x08003aed   Thumb Code   200  spi.o(i.MX_SPI2_Init)
    MX_TIM1_Init                             0x08003bc1   Thumb Code   426  tim.o(i.MX_TIM1_Init)
    MX_TIM3_Init                             0x08003d79   Thumb Code   170  tim.o(i.MX_TIM3_Init)
    MX_USART2_UART_Init                      0x08003e3d   Thumb Code   292  usart.o(i.MX_USART2_UART_Init)
    MemManage_Handler                        0x08003f75   Thumb Code     6  stm32g4xx_it.o(i.MemManage_Handler)
    NMI_Handler                              0x08003f7b   Thumb Code     6  stm32g4xx_it.o(i.NMI_Handler)
    PWMC_switch_off_pwm                      0x08004229   Thumb Code    28  tim.o(i.PWMC_switch_off_pwm)
    PWMC_switch_on_pwm                       0x08004249   Thumb Code    56  tim.o(i.PWMC_switch_on_pwm)
    PendSV_Handler                           0x08004285   Thumb Code     2  stm32g4xx_it.o(i.PendSV_Handler)
    SPI2_ReadWriteByte                       0x08004349   Thumb Code    84  tle.o(i.SPI2_ReadWriteByte)
    SVC_Handler                              0x080043a5   Thumb Code     2  stm32g4xx_it.o(i.SVC_Handler)
    SYSTICK_delay_ms                         0x080043a7   Thumb Code    22  systick.o(i.SYSTICK_delay_ms)
    SYSTICK_delay_us                         0x080043bd   Thumb Code    60  systick.o(i.SYSTICK_delay_us)
    SYSTICK_get_ms_since                     0x080043fd   Thumb Code     8  systick.o(i.SYSTICK_get_ms_since)
    SYSTICK_get_tick                         0x08004409   Thumb Code     6  systick.o(i.SYSTICK_get_tick)
    SYSTICK_init                             0x08004415   Thumb Code    68  systick.o(i.SYSTICK_init)
    SysTick_Handler                          0x08004465   Thumb Code    10  stm32g4xx_it.o(i.SysTick_Handler)
    SystemClock_Config                       0x08004475   Thumb Code   218  main.o(i.SystemClock_Config)
    SystemInit                               0x0800456d   Thumb Code    12  system_stm32g4xx.o(i.SystemInit)
    TIM3_IRQHandler                          0x0800457d   Thumb Code   478  stm32g4xx_it.o(i.TIM3_IRQHandler)
    TRAJ_eval                                0x08004841   Thumb Code   204  traj.o(i.TRAJ_eval)
    TRAJ_plan                                0x08004919   Thumb Code   506  traj.o(i.TRAJ_plan)
    USART2_IRQHandler                        0x08004b29   Thumb Code    76  stm32g4xx_it.o(i.USART2_IRQHandler)
    USR_CONFIG_read_cogging_map              0x08004b81   Thumb Code    62  para.o(i.USR_CONFIG_read_cogging_map)
    USR_CONFIG_save_cogging_map              0x08004bc9   Thumb Code   110  para.o(i.USR_CONFIG_save_cogging_map)
    USR_CONFIG_set_default_cogging_map       0x08004c41   Thumb Code    48  para.o(i.USR_CONFIG_set_default_cogging_map)
    UsageFault_Handler                       0x08004c79   Thumb Code     6  stm32g4xx_it.o(i.UsageFault_Handler)
    __0printf                                0x08004c81   Thumb Code    22  printfa.o(i.__0printf)
    __1printf                                0x08004c81   Thumb Code     0  printfa.o(i.__0printf)
    __2printf                                0x08004c81   Thumb Code     0  printfa.o(i.__0printf)
    __c89printf                              0x08004c81   Thumb Code     0  printfa.o(i.__0printf)
    printf                                   0x08004c81   Thumb Code     0  printfa.o(i.__0printf)
    __hardfp___mathlib_tofloat               0x08004ce1   Thumb Code   232  narrow.o(i.__hardfp___mathlib_tofloat)
    __hardfp_fmax                            0x08004dd9   Thumb Code   116  fmax.o(i.__hardfp_fmax)
    __hardfp_log                             0x08004e51   Thumb Code   872  log.o(i.__hardfp_log)
    __hardfp_round                           0x08005219   Thumb Code   194  round.o(i.__hardfp_round)
    __hardfp_sqrtf                           0x080052f9   Thumb Code    58  sqrtf.o(i.__hardfp_sqrtf)
    __hardfp_strtof                          0x08005335   Thumb Code    26  strtof.o(i.__hardfp_strtof)
    __kernel_poly                            0x08005355   Thumb Code   248  poly.o(i.__kernel_poly)
    __mathlib_dbl_divzero                    0x08005451   Thumb Code    28  dunder.o(i.__mathlib_dbl_divzero)
    __mathlib_dbl_infnan                     0x08005481   Thumb Code    20  dunder.o(i.__mathlib_dbl_infnan)
    __mathlib_dbl_invalid                    0x08005499   Thumb Code    24  dunder.o(i.__mathlib_dbl_invalid)
    __mathlib_narrow                         0x080054b9   Thumb Code    18  narrow.o(i.__mathlib_narrow)
    __scatterload_copy                       0x080054cb   Thumb Code    14  handlers.o(i.__scatterload_copy)
    __scatterload_null                       0x080054d9   Thumb Code     2  handlers.o(i.__scatterload_null)
    __scatterload_zeroinit                   0x080054db   Thumb Code    14  handlers.o(i.__scatterload_zeroinit)
    __set_errno                              0x080054e9   Thumb Code     6  errno.o(i.__set_errno)
    _is_digit                                0x08005679   Thumb Code    14  scanf_fp.o(i._is_digit)
    apply_voltage_timings                    0x08005d91   Thumb Code   190  calibration.o(i.apply_voltage_timings)
    arm_cos_f32                              0x08005e61   Thumb Code   118  fastmathfunctions.o(i.arm_cos_f32)
    arm_sin_f32                              0x08005ee5   Thumb Code   114  fastmathfunctions.o(i.arm_sin_f32)
    clarke_transform                         0x08005f65   Thumb Code    22  foc.o(i.clarke_transform)
    crc32                                    0x08005f81   Thumb Code    34  util.o(i.crc32)
    current_calculate                        0x08005fa9   Thumb Code   832  control.o(i.current_calculate)
    erase_current_sample                     0x08006371   Thumb Code    12  control.o(i.erase_current_sample)
    fputc                                    0x08006411   Thumb Code    18  usart.o(i.fputc)
    frexp                                    0x08006429   Thumb Code   118  frexp.o(i.frexp)
    inverse_park                             0x080064b5   Thumb Code    76  foc.o(i.inverse_park)
    main                                     0x08006501   Thumb Code   554  main.o(i.main)
    park_transform                           0x0800682d   Thumb Code    76  foc.o(i.park_transform)
    set_Uq                                   0x08006911   Thumb Code   130  simplefoc.o(i.set_Uq)
    set_config                               0x0800699d   Thumb Code   268  para.o(i.set_config)
    set_simple_para                          0x08006ae9   Thumb Code    52  simplefoc.o(i.set_simple_para)
    svm                                      0x08006b8d   Thumb Code   412  foc.o(i.svm)
    tle_read_cnt                             0x08006d39   Thumb Code    16  tle.o(i.tle_read_cnt)
    tle_read_reg                             0x08006d49   Thumb Code    42  tle.o(i.tle_read_reg)
    tle_read_speed                           0x08006d79   Thumb Code    54  tle.o(i.tle_read_speed)
    AHBPrescTable                            0x08006df8   Data          16  system_stm32g4xx.o(.constdata)
    APBPrescTable                            0x08006e08   Data           8  system_stm32g4xx.o(.constdata)
    sinTable_f32                             0x08007210   Data        2052  commontables.o(.constdata)
    __mathlib_zero                           0x08007a50   Data           8  qnan.o(.constdata)
    __ctype_categories                       0x08007a58   Data          64  ctype_c.o(.constdata)
    Region$$Table$$Base                      0x08007a98   Number         0  anon$$obj.o(Region$$Table)
    Region$$Table$$Limit                     0x08007ab8   Number         0  anon$$obj.o(Region$$Table)
    Rflag                                    0x20000000   Data           1  stm32g4xx_it.o(.data)
    Rnum                                     0x20000001   Data           1  stm32g4xx_it.o(.data)
    count                                    0x20000004   Data           4  stm32g4xx_it.o(.data)
    tim_cnt                                  0x20000008   Data           4  stm32g4xx_it.o(.data)
    sample_cnt                               0x2000000c   Data           4  stm32g4xx_it.o(.data)
    SystemCoreClock                          0x20000010   Data           4  system_stm32g4xx.o(.data)
    SysTickCnt                               0x20000014   Data           4  systick.o(.data)
    vq                                       0x20000024   Data           4  fsm.o(.data)
    temp                                     0x20000028   Data           4  fsm.o(.data)
    current_sample                           0x20000078   Data           4  control.o(.data)
    pCoggingMap                              0x200000b0   Data           4  para.o(.data)
    AnticoggingValid                         0x20000100   Data           1  anticog.o(.data)
    sample_flag                              0x20000114   Data           4  anticog.o(.data)
    __stdout                                 0x20000140   Data           4  stdout.o(.data)
    data                                     0x20000148   Data          20  stm32g4xx_it.o(.bss)
    Encoder                                  0x2000015c   Data         212  tle.o(.bss)
    Foc                                      0x20000230   Data          84  foc.o(.bss)
    tmp1                                     0x20000284   Data          10  fsm.o(.bss)
    tmp2                                     0x2000028e   Data          10  fsm.o(.bss)
    Controller                               0x20000298   Data          12  control.o(.bss)
    Usr                                      0x200002a4   Data         440  para.o(.bss)
    Traj                                     0x2000345c   Data          24  traj.o(.bss)
    simple_para                              0x20003474   Data          32  simplefoc.o(.bss)
    __initial_sp                             0x20003898   Data           0  startup_stm32g431xx.o(STACK)



==============================================================================

Memory Map of the image

  Image Entry point : 0x080001d9

  Load Region LR_IROM1 (Base: 0x08000000, Size: 0x00007c00, Max: 0x00020000, ABSOLUTE, COMPRESSED[0x00007ac4])

    Execution Region ER_IROM1 (Exec base: 0x08000000, Load base: 0x08000000, Size: 0x00007ab8, Max: 0x00020000, ABSOLUTE)

    Exec Addr    Load Addr    Size         Type   Attr      Idx    E Section Name        Object

    0x08000000   0x08000000   0x000001d8   Data   RO            3    RESET               startup_stm32g431xx.o
    0x080001d8   0x080001d8   0x00000000   Code   RO         7689  * .ARM.Collect$$$$00000000  mc_w.l(entry.o)
    0x080001d8   0x080001d8   0x00000004   Code   RO         8032    .ARM.Collect$$$$00000001  mc_w.l(entry2.o)
    0x080001dc   0x080001dc   0x00000004   Code   RO         8035    .ARM.Collect$$$$00000004  mc_w.l(entry5.o)
    0x080001e0   0x080001e0   0x00000000   Code   RO         8037    .ARM.Collect$$$$00000008  mc_w.l(entry7b.o)
    0x080001e0   0x080001e0   0x00000000   Code   RO         8039    .ARM.Collect$$$$0000000A  mc_w.l(entry8b.o)
    0x080001e0   0x080001e0   0x00000008   Code   RO         8040    .ARM.Collect$$$$0000000B  mc_w.l(entry9a.o)
    0x080001e8   0x080001e8   0x00000004   Code   RO         8047    .ARM.Collect$$$$0000000E  mc_w.l(entry12b.o)
    0x080001ec   0x080001ec   0x00000000   Code   RO         8042    .ARM.Collect$$$$0000000F  mc_w.l(entry10a.o)
    0x080001ec   0x080001ec   0x00000000   Code   RO         8044    .ARM.Collect$$$$00000011  mc_w.l(entry11a.o)
    0x080001ec   0x080001ec   0x00000004   Code   RO         8033    .ARM.Collect$$$$00002712  mc_w.l(entry2.o)
    0x080001f0   0x080001f0   0x00000024   Code   RO            4    .text               startup_stm32g431xx.o
    0x08000214   0x08000214   0x00000062   Code   RO         7692    .text               mc_w.l(uldiv.o)
    0x08000276   0x08000276   0x0000001e   Code   RO         7696    .text               mc_w.l(llshl.o)
    0x08000294   0x08000294   0x00000024   Code   RO         7698    .text               mc_w.l(llsshr.o)
    0x080002b8   0x080002b8   0x00000024   Code   RO         7700    .text               mc_w.l(memcpya.o)
    0x080002dc   0x080002dc   0x00000024   Code   RO         7702    .text               mc_w.l(memseta.o)
    0x08000300   0x08000300   0x0000001c   Code   RO         7706    .text               mc_w.l(strcmp.o)
    0x0800031c   0x0800031c   0x00000038   Code   RO         7971    .text               mc_w.l(__0sscanf.o)
    0x08000354   0x08000354   0x000000e0   Code   RO         7973    .text               mc_w.l(_scanf_str.o)
    0x08000434   0x08000434   0x0000014e   Code   RO         7975    .text               mf_w.l(dadd.o)
    0x08000582   0x08000582   0x000000e4   Code   RO         7977    .text               mf_w.l(dmul.o)
    0x08000666   0x08000666   0x000000de   Code   RO         7979    .text               mf_w.l(ddiv.o)
    0x08000744   0x08000744   0x00000022   Code   RO         7983    .text               mf_w.l(dflti.o)
    0x08000766   0x08000766   0x0000001a   Code   RO         7985    .text               mf_w.l(dfltui.o)
    0x08000780   0x08000780   0x0000003e   Code   RO         7989    .text               mf_w.l(dfixi.o)
    0x080007be   0x080007be   0x00000026   Code   RO         7991    .text               mf_w.l(f2d.o)
    0x080007e4   0x080007e4   0x00000030   Code   RO         7993    .text               mf_w.l(cdcmple.o)
    0x08000814   0x08000814   0x00000030   Code   RO         7995    .text               mf_w.l(cdrcmple.o)
    0x08000844   0x08000844   0x00000038   Code   RO         7997    .text               mf_w.l(d2f.o)
    0x0800087c   0x0800087c   0x0000002c   Code   RO         8049    .text               mc_w.l(uidiv.o)
    0x080008a8   0x080008a8   0x00000020   Code   RO         8051    .text               mc_w.l(llushr.o)
    0x080008c8   0x080008c8   0x00000028   Code   RO         8060    .text               mc_w.l(scanf_char.o)
    0x080008f0   0x080008f0   0x00000040   Code   RO         8062    .text               mc_w.l(_sgetc.o)
    0x08000930   0x08000930   0x0000001a   Code   RO         8064    .text               mc_w.l(strtof.o)
    0x0800094a   0x0800094a   0x00000000   Code   RO         8066    .text               mc_w.l(iusefp.o)
    0x0800094a   0x0800094a   0x0000006e   Code   RO         8067    .text               mf_w.l(fepilogue.o)
    0x080009b8   0x080009b8   0x000000ba   Code   RO         8069    .text               mf_w.l(depilogue.o)
    0x08000a72   0x08000a72   0x00000002   PAD
    0x08000a74   0x08000a74   0x00000088   Code   RO         8073    .text               mf_w.l(drnd.o)
    0x08000afc   0x08000afc   0x00000030   Code   RO         8075    .text               mf_w.l(dfixul.o)
    0x08000b2c   0x08000b2c   0x00000060   Code   RO         8077    .text               mf_w.l(dcmp4.o)
    0x08000b8c   0x08000b8c   0x00000004   Code   RO         8079    .text               mf_w.l(fpstat.o)
    0x08000b90   0x08000b90   0x00000024   Code   RO         8089    .text               mc_w.l(init.o)
    0x08000bb4   0x08000bb4   0x0000000a   Code   RO         8091    .text               mc_w.l(isspace_c.o)
    0x08000bbe   0x08000bbe   0x00000002   PAD
    0x08000bc0   0x08000bc0   0x00000330   Code   RO         8093    .text               mc_w.l(_scanf.o)
    0x08000ef0   0x08000ef0   0x0000009c   Code   RO         8095    .text               mc_w.l(strtod.o)
    0x08000f8c   0x08000f8c   0x00000028   Code   RO         8103    .text               mc_w.l(ctype_c.o)
    0x08000fb4   0x08000fb4   0x00000360   Code   RO         8106    .text               mc_w.l(scanf_fp.o)
    0x08001314   0x08001314   0x00000018   Code   RO         8110    .text               mf_w.l(dfltul.o)
    0x0800132c   0x0800132c   0x0000003a   Code   RO         8120    .text               mc_w.l(__dczerorl.o)
    0x08001366   0x08001366   0x00000002   PAD
    0x08001368   0x08001368   0x00000140   Code   RO          486    i.ADC1_2_IRQHandler  stm32g4xx_it.o
    0x080014a8   0x080014a8   0x00000014   Code   RO         2452    i.ANTICOGGING_abort  anticog.o
    0x080014bc   0x080014bc   0x000002c4   Code   RO         2454    i.ANTICOGGING_loop  anticog.o
    0x08001780   0x08001780   0x00000018   Code   RO         2455    i.ANTICOGGING_start  anticog.o
    0x08001798   0x08001798   0x00000006   Code   RO          487    i.BusFault_Handler  stm32g4xx_it.o
    0x0800179e   0x0800179e   0x00000002   PAD
    0x080017a0   0x080017a0   0x00000030   Code   RO         2345    i.CALIBRATION_end   calibration.o
    0x080017d0   0x080017d0   0x00000534   Code   RO         2346    i.CALIBRATION_loop  calibration.o
    0x08001d04   0x08001d04   0x00000044   Code   RO         2347    i.CALIBRATION_start  calibration.o
    0x08001d48   0x08001d48   0x0000000c   Code   RO         2185    i.CONTROLLER_get_integrator_current  control.o
    0x08001d54   0x08001d54   0x00000028   Code   RO         2186    i.CONTROLLER_move_to_pos  control.o
    0x08001d7c   0x08001d7c   0x00000074   Code   RO         2187    i.CONTROLLER_reset  control.o
    0x08001df0   0x08001df0   0x0000000a   Code   RO         1723    i.DRV8323_calibrate  drv.o
    0x08001dfa   0x08001dfa   0x0000001a   Code   RO         1724    i.DRV8323_disable_gd  drv.o
    0x08001e14   0x08001e14   0x0000001a   Code   RO         1725    i.DRV8323_enable_gd  drv.o
    0x08001e2e   0x08001e2e   0x00000028   Code   RO         1726    i.DRV8323_getFault  drv.o
    0x08001e56   0x08001e56   0x00000004   Code   RO         1727    i.DRV8323_init      drv.o
    0x08001e5a   0x08001e5a   0x00000002   PAD
    0x08001e5c   0x08001e5c   0x00000014   Code   RO         1728    i.DRV8323_isFault   drv.o
    0x08001e70   0x08001e70   0x00000006   Code   RO         1729    i.DRV8323_read_FSR1  drv.o
    0x08001e76   0x08001e76   0x00000008   Code   RO         1730    i.DRV8323_read_FSR2  drv.o
    0x08001e7e   0x08001e7e   0x0000002e   Code   RO         1731    i.DRV8323_read_reg  drv.o
    0x08001eac   0x08001eac   0x000000f8   Code   RO         1732    i.DRV8323_reset     drv.o
    0x08001fa4   0x08001fa4   0x00000018   Code   RO         1733    i.DRV8323_set_enable  drv.o
    0x08001fbc   0x08001fbc   0x0000003c   Code   RO         1734    i.DRV8323_write_CSACR  drv.o
    0x08001ff8   0x08001ff8   0x0000003c   Code   RO         1735    i.DRV8323_write_DCR  drv.o
    0x08002034   0x08002034   0x00000012   Code   RO         1736    i.DRV8323_write_HSR  drv.o
    0x08002046   0x08002046   0x00000016   Code   RO         1737    i.DRV8323_write_LSR  drv.o
    0x0800205c   0x0800205c   0x00000020   Code   RO         1738    i.DRV8323_write_OCPCR  drv.o
    0x0800207c   0x0800207c   0x0000002a   Code   RO         1739    i.DRV8323_write_reg  drv.o
    0x080020a6   0x080020a6   0x00000002   Code   RO          488    i.DebugMon_Handler  stm32g4xx_it.o
    0x080020a8   0x080020a8   0x00000158   Code   RO         1650    i.Encoder_Sample    tle.o
    0x08002200   0x08002200   0x00000008   Code   RO           13    i.Error_Handler     main.o
    0x08002208   0x08002208   0x000000c8   Code   RO         2507    i.FLASH_erase_page  flash.o
    0x080022d0   0x080022d0   0x0000001c   Code   RO         2508    i.FLASH_lock        flash.o
    0x080022ec   0x080022ec   0x00000038   Code   RO         2509    i.FLASH_program     flash.o
    0x08002324   0x08002324   0x00000028   Code   RO         2510    i.FLASH_unlock      flash.o
    0x0800234c   0x0800234c   0x00000020   Code   RO         1904    i.FOC_arm           foc.o
    0x0800236c   0x0800236c   0x000001c8   Code   RO         1905    i.FOC_current       foc.o
    0x08002534   0x08002534   0x00000020   Code   RO         1906    i.FOC_disarm        foc.o
    0x08002554   0x08002554   0x00000040   Code   RO         1908    i.FOC_reset         foc.o
    0x08002594   0x08002594   0x00000034   Code   RO         1909    i.FOC_zero_current  foc.o
    0x080025c8   0x080025c8   0x0000000c   Code   RO         2122    i.FSM_get_stat      fsm.o
    0x080025d4   0x080025d4   0x00000368   Code   RO         2123    i.FSM_input         fsm.o
    0x0800293c   0x0800293c   0x00000150   Code   RO         2124    i.FSM_loop          fsm.o
    0x08002a8c   0x08002a8c   0x00000034   Code   RO         2397    i.HEAP_free         heap.o
    0x08002ac0   0x08002ac0   0x00000090   Code   RO         2400    i.HEAP_malloc       heap.o
    0x08002b50   0x08002b50   0x00000006   Code   RO          489    i.HardFault_Handler  stm32g4xx_it.o
    0x08002b56   0x08002b56   0x00000002   PAD
    0x08002b58   0x08002b58   0x00000090   Code   RO         2245    i.LED_loop          led.o
    0x08002be8   0x08002be8   0x00000018   Code   RO         2246    i.LED_set           led.o
    0x08002c00   0x08002c00   0x00000050   Code   RO          783    i.LL_ADC_CommonInit  stm32g4xx_ll_adc.o
    0x08002c50   0x08002c50   0x00000042   Code   RO          786    i.LL_ADC_INJ_Init   stm32g4xx_ll_adc.o
    0x08002c92   0x08002c92   0x00000010   Code   RO          490    i.LL_ADC_INJ_ReadConversionData12  stm32g4xx_it.o
    0x08002ca2   0x08002ca2   0x0000001a   Code   RO          261    i.LL_ADC_INJ_SetSequencerRanks  adc.o
    0x08002cbc   0x08002cbc   0x0000002a   Code   RO          788    i.LL_ADC_Init       stm32g4xx_ll_adc.o
    0x08002ce6   0x08002ce6   0x00000002   PAD
    0x08002ce8   0x08002ce8   0x00000054   Code   RO          789    i.LL_ADC_REG_Init   stm32g4xx_ll_adc.o
    0x08002d3c   0x08002d3c   0x00000022   Code   RO          262    i.LL_ADC_REG_SetSequencerRanks  adc.o
    0x08002d5e   0x08002d5e   0x0000001e   Code   RO          263    i.LL_ADC_SetChannelSamplingTime  adc.o
    0x08002d7c   0x08002d7c   0x00000020   Code   RO          264    i.LL_ADC_SetChannelSingleDiff  adc.o
    0x08002d9c   0x08002d9c   0x00000020   Code   RO          265    i.LL_ADC_SetGainCompensation  adc.o
    0x08002dbc   0x08002dbc   0x00000018   Code   RO          266    i.LL_ADC_StartCalibration  adc.o
    0x08002dd4   0x08002dd4   0x00000018   Code   RO          210    i.LL_AHB2_GRP1_EnableClock  gpio.o
    0x08002dec   0x08002dec   0x00000018   Code   RO          267    i.LL_AHB2_GRP1_EnableClock  adc.o
    0x08002e04   0x08002e04   0x00000018   Code   RO          348    i.LL_AHB2_GRP1_EnableClock  spi.o
    0x08002e1c   0x08002e1c   0x00000136   Code   RO          733    i.LL_GPIO_Init      stm32g4xx_ll_gpio.o
    0x08002f52   0x08002f52   0x0000001a   Code   RO          603    i.LL_Init1msTick    stm32g4xx_ll_utils.o
    0x08002f6c   0x08002f6c   0x0000005c   Code   RO         1208    i.LL_RCC_GetUARTClockFreq  stm32g4xx_ll_rcc.o
    0x08002fc8   0x08002fc8   0x000000b4   Code   RO         1209    i.LL_RCC_GetUSARTClockFreq  stm32g4xx_ll_rcc.o
    0x0800307c   0x0800307c   0x00000010   Code   RO         1211    i.LL_RCC_HSI_IsReady  stm32g4xx_ll_rcc.o
    0x0800308c   0x0800308c   0x00000010   Code   RO         1212    i.LL_RCC_LSE_IsReady  stm32g4xx_ll_rcc.o
    0x0800309c   0x0800309c   0x00000014   Code   RO           14    i.LL_RCC_SetAHBPrescaler  main.o
    0x080030b0   0x080030b0   0x00000076   Code   RO          917    i.LL_SPI_Init       stm32g4xx_ll_spi.o
    0x08003126   0x08003126   0x00000002   PAD
    0x08003128   0x08003128   0x0000000c   Code   RO          609    i.LL_SetSystemCoreClock  stm32g4xx_ll_utils.o
    0x08003134   0x08003134   0x00000088   Code   RO         1009    i.LL_TIM_BDTR_Init  stm32g4xx_ll_tim.o
    0x080031bc   0x080031bc   0x000000ac   Code   RO         1018    i.LL_TIM_Init       stm32g4xx_ll_tim.o
    0x08003268   0x08003268   0x00000074   Code   RO          389    i.LL_TIM_OC_DisableFast  tim.o
    0x080032dc   0x080032dc   0x00000074   Code   RO          390    i.LL_TIM_OC_EnablePreload  tim.o
    0x08003350   0x08003350   0x0000014c   Code   RO         1019    i.LL_TIM_OC_Init    stm32g4xx_ll_tim.o
    0x0800349c   0x0800349c   0x000000e8   Code   RO         1147    i.LL_USART_Init     stm32g4xx_ll_usart.o
    0x08003584   0x08003584   0x000001f4   Code   RO          268    i.MX_ADC1_Init      adc.o
    0x08003778   0x08003778   0x000001cc   Code   RO          269    i.MX_ADC2_Init      adc.o
    0x08003944   0x08003944   0x000000dc   Code   RO          211    i.MX_GPIO_Init      gpio.o
    0x08003a20   0x08003a20   0x000000cc   Code   RO          349    i.MX_SPI1_Init      spi.o
    0x08003aec   0x08003aec   0x000000d4   Code   RO          350    i.MX_SPI2_Init      spi.o
    0x08003bc0   0x08003bc0   0x000001b8   Code   RO          391    i.MX_TIM1_Init      tim.o
    0x08003d78   0x08003d78   0x000000c4   Code   RO          392    i.MX_TIM3_Init      tim.o
    0x08003e3c   0x08003e3c   0x00000138   Code   RO          450    i.MX_USART2_UART_Init  usart.o
    0x08003f74   0x08003f74   0x00000006   Code   RO          491    i.MemManage_Handler  stm32g4xx_it.o
    0x08003f7a   0x08003f7a   0x00000006   Code   RO          492    i.NMI_Handler       stm32g4xx_it.o
    0x08003f80   0x08003f80   0x00000032   Code   RO          270    i.NVIC_EncodePriority  adc.o
    0x08003fb2   0x08003fb2   0x00000002   PAD
    0x08003fb4   0x08003fb4   0x00000098   Code   RO         1022    i.OC1Config         stm32g4xx_ll_tim.o
    0x0800404c   0x0800404c   0x000000a0   Code   RO         1023    i.OC2Config         stm32g4xx_ll_tim.o
    0x080040ec   0x080040ec   0x0000009c   Code   RO         1024    i.OC3Config         stm32g4xx_ll_tim.o
    0x08004188   0x08004188   0x000000a0   Code   RO         1025    i.OC4Config         stm32g4xx_ll_tim.o
    0x08004228   0x08004228   0x00000020   Code   RO          393    i.PWMC_switch_off_pwm  tim.o
    0x08004248   0x08004248   0x0000003c   Code   RO          394    i.PWMC_switch_on_pwm  tim.o
    0x08004284   0x08004284   0x00000002   Code   RO          493    i.PendSV_Handler    stm32g4xx_it.o
    0x08004286   0x08004286   0x00000002   PAD
    0x08004288   0x08004288   0x00000020   Code   RO         1214    i.RCC_GetHCLKClockFreq  stm32g4xx_ll_rcc.o
    0x080042a8   0x080042a8   0x00000020   Code   RO         1215    i.RCC_GetPCLK1ClockFreq  stm32g4xx_ll_rcc.o
    0x080042c8   0x080042c8   0x00000020   Code   RO         1216    i.RCC_GetPCLK2ClockFreq  stm32g4xx_ll_rcc.o
    0x080042e8   0x080042e8   0x00000060   Code   RO         1217    i.RCC_GetSystemClockFreq  stm32g4xx_ll_rcc.o
    0x08004348   0x08004348   0x0000005c   Code   RO         1651    i.SPI2_ReadWriteByte  tle.o
    0x080043a4   0x080043a4   0x00000002   Code   RO          494    i.SVC_Handler       stm32g4xx_it.o
    0x080043a6   0x080043a6   0x00000016   Code   RO         1846    i.SYSTICK_delay_ms  systick.o
    0x080043bc   0x080043bc   0x00000040   Code   RO         1847    i.SYSTICK_delay_us  systick.o
    0x080043fc   0x080043fc   0x0000000c   Code   RO         1848    i.SYSTICK_get_ms_since  systick.o
    0x08004408   0x08004408   0x0000000c   Code   RO         1849    i.SYSTICK_get_tick  systick.o
    0x08004414   0x08004414   0x00000050   Code   RO         1850    i.SYSTICK_init      systick.o
    0x08004464   0x08004464   0x00000010   Code   RO          495    i.SysTick_Handler   stm32g4xx_it.o
    0x08004474   0x08004474   0x000000f8   Code   RO           15    i.SystemClock_Config  main.o
    0x0800456c   0x0800456c   0x00000010   Code   RO         1342    i.SystemInit        system_stm32g4xx.o
    0x0800457c   0x0800457c   0x000002c4   Code   RO          496    i.TIM3_IRQHandler   stm32g4xx_it.o
    0x08004840   0x08004840   0x000000d8   Code   RO         2554    i.TRAJ_eval         traj.o
    0x08004918   0x08004918   0x00000210   Code   RO         2555    i.TRAJ_plan         traj.o
    0x08004b28   0x08004b28   0x00000058   Code   RO          497    i.USART2_IRQHandler  stm32g4xx_it.o
    0x08004b80   0x08004b80   0x00000048   Code   RO         2278    i.USR_CONFIG_read_cogging_map  para.o
    0x08004bc8   0x08004bc8   0x00000078   Code   RO         2280    i.USR_CONFIG_save_cogging_map  para.o
    0x08004c40   0x08004c40   0x00000038   Code   RO         2282    i.USR_CONFIG_set_default_cogging_map  para.o
    0x08004c78   0x08004c78   0x00000006   Code   RO          498    i.UsageFault_Handler  stm32g4xx_it.o
    0x08004c7e   0x08004c7e   0x00000002   PAD
    0x08004c80   0x08004c80   0x00000020   Code   RO         7943    i.__0printf         mc_w.l(printfa.o)
    0x08004ca0   0x08004ca0   0x0000001a   Code   RO          271    i.__NVIC_EnableIRQ  adc.o
    0x08004cba   0x08004cba   0x00000020   Code   RO          272    i.__NVIC_SetPriority  adc.o
    0x08004cda   0x08004cda   0x00000006   PAD
    0x08004ce0   0x08004ce0   0x000000f8   Code   RO         8081    i.__hardfp___mathlib_tofloat  m_wm.l(narrow.o)
    0x08004dd8   0x08004dd8   0x00000074   Code   RO         7597    i.__hardfp_fmax     m_wm.l(fmax.o)
    0x08004e4c   0x08004e4c   0x00000004   PAD
    0x08004e50   0x08004e50   0x000003c4   Code   RO         7601    i.__hardfp_log      m_wm.l(log.o)
    0x08005214   0x08005214   0x00000004   PAD
    0x08005218   0x08005218   0x000000e0   Code   RO         7643    i.__hardfp_round    m_wm.l(round.o)
    0x080052f8   0x080052f8   0x0000003a   Code   RO         7659    i.__hardfp_sqrtf    m_wm.l(sqrtf.o)
    0x08005332   0x08005332   0x00000002   PAD
    0x08005334   0x08005334   0x00000020   Code   RO         7671    i.__hardfp_strtof   m_wm.l(strtof.o)
    0x08005354   0x08005354   0x000000f8   Code   RO         8029    i.__kernel_poly     m_wm.l(poly.o)
    0x0800544c   0x0800544c   0x00000004   PAD
    0x08005450   0x08005450   0x00000030   Code   RO         7999    i.__mathlib_dbl_divzero  m_wm.l(dunder.o)
    0x08005480   0x08005480   0x00000014   Code   RO         8000    i.__mathlib_dbl_infnan  m_wm.l(dunder.o)
    0x08005494   0x08005494   0x00000004   PAD
    0x08005498   0x08005498   0x00000020   Code   RO         8002    i.__mathlib_dbl_invalid  m_wm.l(dunder.o)
    0x080054b8   0x080054b8   0x00000012   Code   RO         8082    i.__mathlib_narrow  m_wm.l(narrow.o)
    0x080054ca   0x080054ca   0x0000000e   Code   RO         8114    i.__scatterload_copy  mc_w.l(handlers.o)
    0x080054d8   0x080054d8   0x00000002   Code   RO         8115    i.__scatterload_null  mc_w.l(handlers.o)
    0x080054da   0x080054da   0x0000000e   Code   RO         8116    i.__scatterload_zeroinit  mc_w.l(handlers.o)
    0x080054e8   0x080054e8   0x0000000c   Code   RO         8055    i.__set_errno       mc_w.l(errno.o)
    0x080054f4   0x080054f4   0x00000184   Code   RO         7950    i._fp_digits        mc_w.l(printfa.o)
    0x08005678   0x08005678   0x0000000e   Code   RO         8108    i._is_digit         mc_w.l(scanf_fp.o)
    0x08005686   0x08005686   0x00000002   PAD
    0x08005688   0x08005688   0x000006b4   Code   RO         7951    i._printf_core      mc_w.l(printfa.o)
    0x08005d3c   0x08005d3c   0x00000024   Code   RO         7952    i._printf_post_padding  mc_w.l(printfa.o)
    0x08005d60   0x08005d60   0x0000002e   Code   RO         7953    i._printf_pre_padding  mc_w.l(printfa.o)
    0x08005d8e   0x08005d8e   0x00000002   PAD
    0x08005d90   0x08005d90   0x000000d0   Code   RO         2348    i.apply_voltage_timings  calibration.o
    0x08005e60   0x08005e60   0x00000084   Code   RO         4065    i.arm_cos_f32       fastmathfunctions.o
    0x08005ee4   0x08005ee4   0x00000080   Code   RO         4069    i.arm_sin_f32       fastmathfunctions.o
    0x08005f64   0x08005f64   0x0000001c   Code   RO         1910    i.clarke_transform  foc.o
    0x08005f80   0x08005f80   0x00000028   Code   RO         2067    i.crc32             util.o
    0x08005fa8   0x08005fa8   0x0000036c   Code   RO         2188    i.current_calculate  control.o
    0x08006314   0x08006314   0x0000005c   Code   RO         2125    i.enter_state       fsm.o
    0x08006370   0x08006370   0x00000014   Code   RO         2189    i.erase_current_sample  control.o
    0x08006384   0x08006384   0x0000003c   Code   RO         2126    i.exit_state        fsm.o
    0x080063c0   0x080063c0   0x00000050   Code   RO         2511    i.flash_wait_for_last_operation  flash.o
    0x08006410   0x08006410   0x00000018   Code   RO          451    i.fputc             usart.o
    0x08006428   0x08006428   0x0000008c   Code   RO         8099    i.frexp             m_wm.l(frexp.o)
    0x080064b4   0x080064b4   0x0000004c   Code   RO         1911    i.inverse_park      foc.o
    0x08006500   0x08006500   0x0000032c   Code   RO           16    i.main              main.o
    0x0800682c   0x0800682c   0x0000004c   Code   RO         1912    i.park_transform    foc.o
    0x08006878   0x08006878   0x0000004c   Code   RO         2401    i.prvHeapInit       heap.o
    0x080068c4   0x080068c4   0x0000004c   Code   RO         2402    i.prvInsertBlockIntoFreeList  heap.o
    0x08006910   0x08006910   0x0000008c   Code   RO         2604    i.set_Uq            simplefoc.o
    0x0800699c   0x0800699c   0x0000014c   Code   RO         2283    i.set_config        para.o
    0x08006ae8   0x08006ae8   0x00000040   Code   RO         2605    i.set_simple_para   simplefoc.o
    0x08006b28   0x08006b28   0x00000064   Code   RO         1740    i.spi_transmit_receive  drv.o
    0x08006b8c   0x08006b8c   0x000001ac   Code   RO         1913    i.svm               foc.o
    0x08006d38   0x08006d38   0x00000010   Code   RO         1653    i.tle_read_cnt      tle.o
    0x08006d48   0x08006d48   0x00000030   Code   RO         1654    i.tle_read_reg      tle.o
    0x08006d78   0x08006d78   0x0000003c   Code   RO         1655    i.tle_read_speed    tle.o
    0x08006db4   0x08006db4   0x00000014   Data   RO          395    .constdata          tim.o
    0x08006dc8   0x08006dc8   0x00000030   Data   RO         1149    .constdata          stm32g4xx_ll_usart.o
    0x08006df8   0x08006df8   0x00000010   Data   RO         1343    .constdata          system_stm32g4xx.o
    0x08006e08   0x08006e08   0x00000008   Data   RO         1344    .constdata          system_stm32g4xx.o
    0x08006e10   0x08006e10   0x00000400   Data   RO         2071    .constdata          util.o
    0x08007210   0x08007210   0x00000804   Data   RO         3352    .constdata          commontables.o
    0x08007a14   0x08007a14   0x00000004   PAD
    0x08007a18   0x08007a18   0x00000038   Data   RO         7604    .constdata          m_wm.l(log.o)
    0x08007a50   0x08007a50   0x00000008   Data   RO         8031    .constdata          m_wm.l(qnan.o)
    0x08007a58   0x08007a58   0x00000040   Data   RO         8104    .constdata          mc_w.l(ctype_c.o)
    0x08007a98   0x08007a98   0x00000020   Data   RO         8112    Region$$Table       anon$$obj.o


    Execution Region RW_IRAM1 (Exec base: 0x20000000, Load base: 0x08007ab8, Size: 0x00003898, Max: 0x00008000, ABSOLUTE, COMPRESSED[0x0000000c])

    Exec Addr    Load Addr    Size         Type   Attr      Idx    E Section Name        Object

    0x20000000   COMPRESSED   0x00000010   Data   RW          500    .data               stm32g4xx_it.o
    0x20000010   COMPRESSED   0x00000004   Data   RW         1345    .data               system_stm32g4xx.o
    0x20000014   COMPRESSED   0x00000004   Data   RW         1851    .data               systick.o
    0x20000018   COMPRESSED   0x00000001   Data   RW         1915    .data               foc.o
    0x20000019   COMPRESSED   0x00000003   PAD
    0x2000001c   COMPRESSED   0x00000054   Data   RW         2128    .data               fsm.o
    0x20000070   COMPRESSED   0x00000038   Data   RW         2191    .data               control.o
    0x200000a8   COMPRESSED   0x00000008   Data   RW         2247    .data               led.o
    0x200000b0   COMPRESSED   0x00000004   Data   RW         2285    .data               para.o
    0x200000b4   COMPRESSED   0x00000034   Data   RW         2349    .data               calibration.o
    0x200000e8   COMPRESSED   0x00000018   Data   RW         2404    .data               heap.o
    0x20000100   COMPRESSED   0x00000018   Data   RW         2456    .data               anticog.o
    0x20000118   COMPRESSED   0x00000028   Data   RW         2558    .data               traj.o
    0x20000140   COMPRESSED   0x00000004   Data   RW         8048    .data               mc_w.l(stdout.o)
    0x20000144   COMPRESSED   0x00000004   Data   RW         8056    .data               mc_w.l(errno.o)
    0x20000148        -       0x00000014   Zero   RW          499    .bss                stm32g4xx_it.o
    0x2000015c        -       0x000000d4   Zero   RW         1656    .bss                tle.o
    0x20000230        -       0x00000054   Zero   RW         1914    .bss                foc.o
    0x20000284        -       0x00000014   Zero   RW         2127    .bss                fsm.o
    0x20000298        -       0x0000000c   Zero   RW         2190    .bss                control.o
    0x200002a4        -       0x000001b8   Zero   RW         2284    .bss                para.o
    0x2000045c        -       0x00003000   Zero   RW         2403    .bss                heap.o
    0x2000345c        -       0x00000018   Zero   RW         2557    .bss                traj.o
    0x20003474        -       0x00000020   Zero   RW         2607    .bss                simplefoc.o
    0x20003494   COMPRESSED   0x00000004   PAD
    0x20003498        -       0x00000400   Zero   RW            1    STACK               startup_stm32g431xx.o


==============================================================================

Image component sizes


      Code (inc. data)   RO Data    RW Data    ZI Data      Debug   Object Name

      1270        112          0          0          0     103485   adc.o
       752         92          0         24          0       3195   anticog.o
      1656        154          0         52          0       5278   calibration.o
         0          0       2052          0          0      13507   commontables.o
      1064        100          0         56         12       5317   control.o
       792         16          0          0          0      28261   drv.o
       260         28          0          0          0       1756   fastmathfunctions.o
       404         36          0          0          0       5623   flash.o
      1244         78          0          1         84      20123   foc.o
      1372        278          0         84         20       9605   fsm.o
       244         16          0          0          0      11147   gpio.o
       348         24          0         24      12288       3574   heap.o
       168         12          0          8          0       1531   led.o
      1088        294          0          0          0     591198   main.o
       580         92          0          4        440       5332   para.o
       204         22          0          0         32       2177   simplefoc.o
       440         26          0          0          0      19974   spi.o
        36          8        472          0       1024        828   startup_stm32g431xx.o
      1184        302          0         16         20     140047   stm32g4xx_it.o
       272         14          0          0          0      78782   stm32g4xx_ll_adc.o
       310          0          0          0          0       7307   stm32g4xx_ll_gpio.o
       496         60          0          0          0      28005   stm32g4xx_ll_rcc.o
       118          0          0          0          0      17198   stm32g4xx_ll_spi.o
      1268        168          0          0          0      58298   stm32g4xx_ll_tim.o
       232         26         48          0          0      26548   stm32g4xx_ll_usart.o
        38          6          0          0          0       6797   stm32g4xx_ll_utils.o
        16          4         24          4          0       1103   system_stm32g4xx.o
       190         26          0          4          0      33535   systick.o
       960         60         20          0          0      79280   tim.o
       560         48          0          0        212      21163   tle.o
       744         34          0         40         24       3130   traj.o
       336         26          0          0          0      29858   usart.o
        40          6       1024          0          0       1324   util.o

    ----------------------------------------------------------------------
     18708       2168       3676        320      14160    1364286   Object Totals
         0          0         32          0          0          0   (incl. Generated)
        22          0          4          3          4          0   (incl. Padding)

    ----------------------------------------------------------------------

      Code (inc. data)   RO Data    RW Data    ZI Data      Debug   Library Member Name

       100         28          0          0          0        372   dunder.o
       116          0          0          0          0        164   fmax.o
       140         22          0          0          0        132   frexp.o
       964         92         56          0          0        316   log.o
       266         16          0          0          0        308   narrow.o
       248          0          0          0          0        152   poly.o
         0          0          8          0          0          0   qnan.o
       224         30          0          0          0        172   round.o
        58          0          0          0          0        136   sqrtf.o
        32          6          0          0          0        124   strtof.o
        56          8          0          0          0         84   __0sscanf.o
        58          0          0          0          0          0   __dczerorl.o
       816          6          0          0          0        112   _scanf.o
       224          0          0          0          0         96   _scanf_str.o
        64          0          0          0          0         84   _sgetc.o
        40          6         64          0          0         68   ctype_c.o
         0          0          0          0          0          0   entry.o
         0          0          0          0          0          0   entry10a.o
         0          0          0          0          0          0   entry11a.o
         4          0          0          0          0          0   entry12b.o
         8          4          0          0          0          0   entry2.o
         4          0          0          0          0          0   entry5.o
         0          0          0          0          0          0   entry7b.o
         0          0          0          0          0          0   entry8b.o
         8          4          0          0          0          0   entry9a.o
        12          6          0          4          0         68   errno.o
        30          0          0          0          0          0   handlers.o
        36          8          0          0          0         68   init.o
        10          0          0          0          0         68   isspace_c.o
         0          0          0          0          0          0   iusefp.o
        30          0          0          0          0         68   llshl.o
        36          0          0          0          0         68   llsshr.o
        32          0          0          0          0         68   llushr.o
        36          0          0          0          0         68   memcpya.o
        36          0          0          0          0        108   memseta.o
      2218         90          0          0          0        464   printfa.o
        40          8          0          0          0         84   scanf_char.o
       878         12          0          0          0        216   scanf_fp.o
         0          0          0          4          0          0   stdout.o
        28          0          0          0          0         76   strcmp.o
       156         12          0          0          0        120   strtod.o
        26          0          0          0          0         80   strtof.o
        44          0          0          0          0         80   uidiv.o
        98          0          0          0          0         92   uldiv.o
        48          0          0          0          0         68   cdcmple.o
        48          0          0          0          0         68   cdrcmple.o
        56          0          0          0          0         88   d2f.o
       334          0          0          0          0        148   dadd.o
        96          0          0          0          0         80   dcmp4.o
       222          0          0          0          0        100   ddiv.o
       186          0          0          0          0        176   depilogue.o
        62          0          0          0          0         80   dfixi.o
        48          0          0          0          0         68   dfixul.o
        34          0          0          0          0         76   dflti.o
        26          0          0          0          0         76   dfltui.o
        24          0          0          0          0         76   dfltul.o
       228          0          0          0          0         96   dmul.o
       136          4          0          0          0         92   drnd.o
        38          0          0          0          0         68   f2d.o
       110          0          0          0          0        168   fepilogue.o
         4          0          0          0          0         68   fpstat.o

    ----------------------------------------------------------------------
      8904        366        128          8          0       5712   Library Totals
        28          4          0          0          0          0   (incl. Padding)

    ----------------------------------------------------------------------

      Code (inc. data)   RO Data    RW Data    ZI Data      Debug   Library Name

      2148        194         64          0          0       1876   m_wm.l
      5028        164         64          8          0       2240   mc_w.l
      1700          4          0          0          0       1596   mf_w.l

    ----------------------------------------------------------------------
      8904        366        128          8          0       5712   Library Totals

    ----------------------------------------------------------------------

==============================================================================


      Code (inc. data)   RO Data    RW Data    ZI Data      Debug   

     27612       2534       3804        328      14160    1354402   Grand Totals
     27612       2534       3804         12      14160    1354402   ELF Image Totals (compressed)
     27612       2534       3804         12          0          0   ROM Totals

==============================================================================

    Total RO  Size (Code + RO Data)                31416 (  30.68kB)
    Total RW  Size (RW Data + ZI Data)             14488 (  14.15kB)
    Total ROM Size (Code + RO Data + RW Data)      31428 (  30.69kB)

==============================================================================

