Component: ARM Compiler 5.06 update 7 (build 960) Tool: armlink [4d3601]

==============================================================================

Section Cross References

    startup_stm32g431xx.o(RESET) refers to startup_stm32g431xx.o(STACK) for __initial_sp
    startup_stm32g431xx.o(RESET) refers to startup_stm32g431xx.o(.text) for Reset_Handler
    startup_stm32g431xx.o(RESET) refers to stm32g4xx_it.o(i.NMI_Handler) for NMI_Handler
    startup_stm32g431xx.o(RESET) refers to stm32g4xx_it.o(i.HardFault_Handler) for HardFault_Handler
    startup_stm32g431xx.o(RESET) refers to stm32g4xx_it.o(i.MemManage_Handler) for MemManage_Handler
    startup_stm32g431xx.o(RESET) refers to stm32g4xx_it.o(i.BusFault_Handler) for BusFault_Handler
    startup_stm32g431xx.o(RESET) refers to stm32g4xx_it.o(i.UsageFault_Handler) for UsageFault_Handler
    startup_stm32g431xx.o(RESET) refers to stm32g4xx_it.o(i.SVC_Handler) for SVC_Handler
    startup_stm32g431xx.o(RESET) refers to stm32g4xx_it.o(i.DebugMon_Handler) for DebugMon_Handler
    startup_stm32g431xx.o(RESET) refers to stm32g4xx_it.o(i.PendSV_Handler) for PendSV_Handler
    startup_stm32g431xx.o(RESET) refers to stm32g4xx_it.o(i.SysTick_Handler) for SysTick_Handler
    startup_stm32g431xx.o(RESET) refers to stm32g4xx_it.o(i.ADC1_2_IRQHandler) for ADC1_2_IRQHandler
    startup_stm32g431xx.o(RESET) refers to stm32g4xx_it.o(i.USART2_IRQHandler) for USART2_IRQHandler
    startup_stm32g431xx.o(.text) refers to system_stm32g4xx.o(i.SystemInit) for SystemInit
    startup_stm32g431xx.o(.text) refers to entry.o(.ARM.Collect$$$$00000000) for __main
    main.o(i.Error_Handler) refers to foc.o(i.FOC_disarm) for FOC_disarm
    main.o(i.SystemClock_Config) refers to main.o(i.LL_RCC_SetAHBPrescaler) for LL_RCC_SetAHBPrescaler
    main.o(i.SystemClock_Config) refers to stm32g4xx_ll_utils.o(i.LL_Init1msTick) for LL_Init1msTick
    main.o(i.SystemClock_Config) refers to stm32g4xx_ll_utils.o(i.LL_SetSystemCoreClock) for LL_SetSystemCoreClock
    main.o(i.main) refers to main.o(i.SystemClock_Config) for SystemClock_Config
    main.o(i.main) refers to systick.o(i.SYSTICK_init) for SYSTICK_init
    main.o(i.main) refers to gpio.o(i.MX_GPIO_Init) for MX_GPIO_Init
    main.o(i.main) refers to adc.o(i.MX_ADC1_Init) for MX_ADC1_Init
    main.o(i.main) refers to adc.o(i.MX_ADC2_Init) for MX_ADC2_Init
    main.o(i.main) refers to spi.o(i.MX_SPI1_Init) for MX_SPI1_Init
    main.o(i.main) refers to spi.o(i.MX_SPI2_Init) for MX_SPI2_Init
    main.o(i.main) refers to tim.o(i.MX_TIM1_Init) for MX_TIM1_Init
    main.o(i.main) refers to usart.o(i.MX_USART2_UART_Init) for MX_USART2_UART_Init
    main.o(i.main) refers to drv.o(i.DRV8323_init) for DRV8323_init
    main.o(i.main) refers to printfa.o(i.__0printf) for __2printf
    main.o(i.main) refers to para.o(i.set_config) for set_config
    main.o(i.main) refers to fsm.o(i.FSM_input) for FSM_input
    main.o(i.main) refers to led.o(i.LED_loop) for LED_loop
    main.o(i.main) refers to f2d.o(.text) for __aeabi_f2d
    main.o(i.main) refers to tle.o(.bss) for Encoder
    gpio.o(i.MX_GPIO_Init) refers to memseta.o(.text) for __aeabi_memclr4
    gpio.o(i.MX_GPIO_Init) refers to gpio.o(i.LL_AHB2_GRP1_EnableClock) for LL_AHB2_GRP1_EnableClock
    gpio.o(i.MX_GPIO_Init) refers to stm32g4xx_ll_gpio.o(i.LL_GPIO_Init) for LL_GPIO_Init
    adc.o(i.MX_ADC1_Init) refers to memseta.o(.text) for __aeabi_memclr4
    adc.o(i.MX_ADC1_Init) refers to adc.o(i.LL_AHB2_GRP1_EnableClock) for LL_AHB2_GRP1_EnableClock
    adc.o(i.MX_ADC1_Init) refers to stm32g4xx_ll_gpio.o(i.LL_GPIO_Init) for LL_GPIO_Init
    adc.o(i.MX_ADC1_Init) refers to adc.o(i.NVIC_EncodePriority) for NVIC_EncodePriority
    adc.o(i.MX_ADC1_Init) refers to adc.o(i.__NVIC_SetPriority) for __NVIC_SetPriority
    adc.o(i.MX_ADC1_Init) refers to adc.o(i.__NVIC_EnableIRQ) for __NVIC_EnableIRQ
    adc.o(i.MX_ADC1_Init) refers to stm32g4xx_ll_adc.o(i.LL_ADC_Init) for LL_ADC_Init
    adc.o(i.MX_ADC1_Init) refers to stm32g4xx_ll_adc.o(i.LL_ADC_REG_Init) for LL_ADC_REG_Init
    adc.o(i.MX_ADC1_Init) refers to adc.o(i.LL_ADC_SetGainCompensation) for LL_ADC_SetGainCompensation
    adc.o(i.MX_ADC1_Init) refers to stm32g4xx_ll_adc.o(i.LL_ADC_CommonInit) for LL_ADC_CommonInit
    adc.o(i.MX_ADC1_Init) refers to stm32g4xx_ll_adc.o(i.LL_ADC_INJ_Init) for LL_ADC_INJ_Init
    adc.o(i.MX_ADC1_Init) refers to adc.o(i.LL_ADC_REG_SetSequencerRanks) for LL_ADC_REG_SetSequencerRanks
    adc.o(i.MX_ADC1_Init) refers to adc.o(i.LL_ADC_SetChannelSamplingTime) for LL_ADC_SetChannelSamplingTime
    adc.o(i.MX_ADC1_Init) refers to adc.o(i.LL_ADC_SetChannelSingleDiff) for LL_ADC_SetChannelSingleDiff
    adc.o(i.MX_ADC1_Init) refers to adc.o(i.LL_ADC_INJ_SetSequencerRanks) for LL_ADC_INJ_SetSequencerRanks
    adc.o(i.MX_ADC1_Init) refers to system_stm32g4xx.o(.data) for SystemCoreClock
    adc.o(i.MX_ADC2_Init) refers to memseta.o(.text) for __aeabi_memclr4
[...]
    C:\\Users\\13416\\AppData\\Local\\Arm\\Packs\\ARM\\CMSIS\\5.8.0\\CMSIS\\DSP\\Source\\ComplexMathFunctions\\ComplexMathFunctions.c 0x00000000   Number         0  complexmathfunctions.o ABSOLUTE
    C:\\Users\\13416\\AppData\\Local\\Arm\\Packs\\ARM\\CMSIS\\5.8.0\\CMSIS\\DSP\\Source\\ComplexMathFunctions\\ComplexMathFunctionsF16.c 0x00000000   Number         0  complexmathfunctionsf16.o ABSOLUTE
    C:\\Users\\13416\\AppData\\Local\\Arm\\Packs\\ARM\\CMSIS\\5.8.0\\CMSIS\\DSP\\Source\\ControllerFunctions\\ControllerFunctions.c 0x00000000   Number         0  controllerfunctions.o ABSOLUTE
    C:\\Users\\13416\\AppData\\Local\\Arm\\Packs\\ARM\\CMSIS\\5.8.0\\CMSIS\\DSP\\Source\\DistanceFunctions\\DistanceFunctions.c 0x00000000   Number         0  distancefunctions.o ABSOLUTE
    C:\\Users\\13416\\AppData\\Local\\Arm\\Packs\\ARM\\CMSIS\\5.8.0\\CMSIS\\DSP\\Source\\DistanceFunctions\\DistanceFunctionsF16.c 0x00000000   Number         0  distancefunctionsf16.o ABSOLUTE
    C:\\Users\\13416\\AppData\\Local\\Arm\\Packs\\ARM\\CMSIS\\5.8.0\\CMSIS\\DSP\\Source\\FastMathFunctions\\FastMathFunctions.c 0x00000000   Number         0  fastmathfunctions.o ABSOLUTE
    C:\\Users\\13416\\AppData\\Local\\Arm\\Packs\\ARM\\CMSIS\\5.8.0\\CMSIS\\DSP\\Source\\FastMathFunctions\\FastMathFunctionsF16.c 0x00000000   Number         0  fastmathfunctionsf16.o ABSOLUTE
    C:\\Users\\13416\\AppData\\Local\\Arm\\Packs\\ARM\\CMSIS\\5.8.0\\CMSIS\\DSP\\Source\\FilteringFunctions\\FilteringFunctions.c 0x00000000   Number         0  filteringfunctions.o ABSOLUTE
    C:\\Users\\13416\\AppData\\Local\\Arm\\Packs\\ARM\\CMSIS\\5.8.0\\CMSIS\\DSP\\Source\\FilteringFunctions\\FilteringFunctionsF16.c 0x00000000   Number         0  filteringfunctionsf16.o ABSOLUTE
    C:\\Users\\13416\\AppData\\Local\\Arm\\Packs\\ARM\\CMSIS\\5.8.0\\CMSIS\\DSP\\Source\\InterpolationFunctions\\InterpolationFunctions.c 0x00000000   Number         0  interpolationfunctions.o ABSOLUTE
    C:\\Users\\13416\\AppData\\Local\\Arm\\Packs\\ARM\\CMSIS\\5.8.0\\CMSIS\\DSP\\Source\\InterpolationFunctions\\InterpolationFunctionsF16.c 0x00000000   Number         0  interpolationfunctionsf16.o ABSOLUTE
    C:\\Users\\13416\\AppData\\Local\\Arm\\Packs\\ARM\\CMSIS\\5.8.0\\CMSIS\\DSP\\Source\\MatrixFunctions\\MatrixFunctions.c 0x00000000   Number         0  matrixfunctions.o ABSOLUTE
    C:\\Users\\13416\\AppData\\Local\\Arm\\Packs\\ARM\\CMSIS\\5.8.0\\CMSIS\\DSP\\Source\\MatrixFunctions\\MatrixFunctionsF16.c 0x00000000   Number         0  matrixfunctionsf16.o ABSOLUTE
    C:\\Users\\13416\\AppData\\Local\\Arm\\Packs\\ARM\\CMSIS\\5.8.0\\CMSIS\\DSP\\Source\\QuaternionMathFunctions\\QuaternionMathFunctions.c 0x00000000   Number         0  quaternionmathfunctions.o ABSOLUTE
    C:\\Users\\13416\\AppData\\Local\\Arm\\Packs\\ARM\\CMSIS\\5.8.0\\CMSIS\\DSP\\Source\\SVMFunctions\\SVMFunctions.c 0x00000000   Number         0  svmfunctions.o ABSOLUTE
    C:\\Users\\13416\\AppData\\Local\\Arm\\Packs\\ARM\\CMSIS\\5.8.0\\CMSIS\\DSP\\Source\\SVMFunctions\\SVMFunctionsF16.c 0x00000000   Number         0  svmfunctionsf16.o ABSOLUTE
    C:\\Users\\13416\\AppData\\Local\\Arm\\Packs\\ARM\\CMSIS\\5.8.0\\CMSIS\\DSP\\Source\\StatisticsFunctions\\StatisticsFunctions.c 0x00000000   Number         0  statisticsfunctions.o ABSOLUTE
    C:\\Users\\13416\\AppData\\Local\\Arm\\Packs\\ARM\\CMSIS\\5.8.0\\CMSIS\\DSP\\Source\\StatisticsFunctions\\StatisticsFunctionsF16.c 0x00000000   Number         0  statisticsfunctionsf16.o ABSOLUTE
    C:\\Users\\13416\\AppData\\Local\\Arm\\Packs\\ARM\\CMSIS\\5.8.0\\CMSIS\\DSP\\Source\\SupportFunctions\\SupportFunctions.c 0x00000000   Number         0  supportfunctions.o ABSOLUTE
    C:\\Users\\13416\\AppData\\Local\\Arm\\Packs\\ARM\\CMSIS\\5.8.0\\CMSIS\\DSP\\Source\\SupportFunctions\\SupportFunctionsF16.c 0x00000000   Number         0  supportfunctionsf16.o ABSOLUTE
    C:\\Users\\13416\\AppData\\Local\\Arm\\Packs\\ARM\\CMSIS\\5.8.0\\CMSIS\\DSP\\Source\\TransformFunctions\\TransformFunctions.c 0x00000000   Number         0  transformfunctions.o ABSOLUTE
    C:\\Users\\13416\\AppData\\Local\\Arm\\Packs\\ARM\\CMSIS\\5.8.0\\CMSIS\\DSP\\Source\\TransformFunctions\\TransformFunctionsF16.c 0x00000000   Number         0  transformfunctionsf16.o ABSOLUTE
    cdcmple.s                                0x00000000   Number         0  cdcmple.o ABSOLUTE
    cdrcmple.s                               0x00000000   Number         0  cdrcmple.o ABSOLUTE
    dc.s                                     0x00000000   Number         0  dc.o ABSOLUTE
    handlers.s                               0x00000000   Number         0  handlers.o ABSOLUTE
    init.s                                   0x00000000   Number         0  init.o ABSOLUTE
    startup_stm32g431xx.s                    0x00000000   Number         0  startup_stm32g431xx.o ABSOLUTE
    RESET                                    0x08000000   Section      472  startup_stm32g431xx.o(RESET)
    .ARM.Collect$$$$00000000                 0x080001d8   Section        0  entry.o(.ARM.Collect$$$$00000000)
    .ARM.Collect$$$$00000001                 0x080001d8   Section        4  entry2.o(.ARM.Collect$$$$00000001)
    .ARM.Collect$$$$00000004                 0x080001dc   Section        4  entry5.o(.ARM.Collect$$$$00000004)
    .ARM.Collect$$$$00000008                 0x080001e0   Section        0  entry7b.o(.ARM.Collect$$$$00000008)
    .ARM.Collect$$$$0000000A                 0x080001e0   Section        0  entry8b.o(.ARM.Collect$$$$0000000A)
    .ARM.Collect$$$$0000000B                 0x080001e0   Section        8  entry9a.o(.ARM.Collect$$$$0000000B)
    .ARM.Collect$$$$0000000E                 0x080001e8   Section        4  entry12b.o(.ARM.Collect$$$$0000000E)
    .ARM.Collect$$$$0000000F                 0x080001ec   Section        0  entry10a.o(.ARM.Collect$$$$0000000F)
    .ARM.Collect$$$$00000011                 0x080001ec   Section        0  entry11a.o(.ARM.Collect$$$$00000011)
    .ARM.Collect$$$$00002712                 0x080001ec   Section        4  entry2.o(.ARM.Collect$$$$00002712)
    __lit__00000000                          0x080001ec   Data           4  entry2.o(.ARM.Collect$$$$00002712)
    .text                                    0x080001f0   Section       36  startup_stm32g431xx.o(.text)
    $v0                                      0x080001f0   Number         0  startup_stm32g431xx.o(.text)
    .text                                    0x08000214   Section        0  uldiv.o(.text)
    .text                                    0x08000276   Section        0  llshl.o(.text)
    .text                                    0x08000294   Section        0  llsshr.o(.text)
    .text                                    0x080002b8   Section        0  memcpya.o(.text)
    .text                                    0x080002dc   Section        0  memseta.o(.text)
    .text                                    0x08000300   Section        0  dadd.o(.text)
    .text                                    0x0800044e   Section        0  dmul.o(.text)
    .text                                    0x08000532   Section        0  ddiv.o(.text)
    .text                                    0x08000610   Section        0  f2d.o(.text)
    .text                                    0x08000638   Section       48  cdrcmple.o(.text)
    .text                                    0x08000668   Section        0  d2f.o(.text)
    .text                                    0x080006a0   Section        0  uidiv.o(.text)
    .text                                    0x080006cc   Section        0  llushr.o(.text)
    .text                                    0x080006ec   Section        0  fepilogue.o(.text)
    .text                                    0x080006ec   Section        0  iusefp.o(.text)
    .text                                    0x0800075a   Section        0  depilogue.o(.text)
    .text                                    0x08000814   Section        0  drem.o(.text)
    .text                                    0x0800089a   Section        0  dfixul.o(.text)
    .text                                    0x080008ca   Section        0  dcmp4.o(.text)
    .text                                    0x0800092c   Section       36  init.o(.text)
    i.ADC1_2_IRQHandler                      0x08000950   Section        0  stm32g4xx_it.o(i.ADC1_2_IRQHandler)
    i.ANTICOGGING_abort                      0x08000a3c   Section        0  anticog.o(i.ANTICOGGING_abort)
    i.ANTICOGGING_start                      0x08000a50   Section        0  anticog.o(i.ANTICOGGING_start)
    i.BusFault_Handler                       0x08000a68   Section        0  stm32g4xx_it.o(i.BusFault_Handler)
    i.CALIBRATION_end                        0x08000a70   Section        0  calibration.o(i.CALIBRATION_end)
    i.CALIBRATION_loop                       0x08000aa8   Section        0  calibration.o(i.CALIBRATION_loop)
    i.CALIBRATION_start                      0x08000d28   Section        0  calibration.o(i.CALIBRATION_start)
    i.CONTROLLER_reset                       0x08000d6c   Section        0  control.o(i.CONTROLLER_reset)
    i.DRV8323_calibrate                      0x08000de8   Section        0  drv.o(i.DRV8323_calibrate)
    i.DRV8323_disable_gd                     0x08000df2   Section        0  drv.o(i.DRV8323_disable_gd)
    i.DRV8323_enable_gd                      0x08000e0c   Section        0  drv.o(i.DRV8323_enable_gd)
    i.DRV8323_getFault                       0x08000e26   Section        0  drv.o(i.DRV8323_getFault)
    i.DRV8323_init                           0x08000e4e   Section        0  drv.o(i.DRV8323_init)
    i.DRV8323_isFault                        0x08000e54   Section        0  drv.o(i.DRV8323_isFault)
    i.DRV8323_read_FSR1                      0x08000e68   Section        0  drv.o(i.DRV8323_read_FSR1)
    i.DRV8323_read_FSR2                      0x08000e6e   Section        0  drv.o(i.DRV8323_read_FSR2)
    i.DRV8323_read_reg                       0x08000e76   Section        0  drv.o(i.DRV8323_read_reg)
    i.DRV8323_reset                          0x08000ea4   Section        0  drv.o(i.DRV8323_reset)
    i.DRV8323_set_enable                     0x08000f9c   Section        0  drv.o(i.DRV8323_set_enable)
    i.DRV8323_write_CSACR                    0x08000fb4   Section        0  drv.o(i.DRV8323_write_CSACR)
    i.DRV8323_write_DCR                      0x08000ff0   Section        0  drv.o(i.DRV8323_write_DCR)
    i.DRV8323_write_HSR                      0x0800102c   Section        0  drv.o(i.DRV8323_write_HSR)
    i.DRV8323_write_LSR                      0x0800103e   Section        0  drv.o(i.DRV8323_write_LSR)
    i.DRV8323_write_OCPCR                    0x08001054   Section        0  drv.o(i.DRV8323_write_OCPCR)
    i.DRV8323_write_reg                      0x08001074   Section        0  drv.o(i.DRV8323_write_reg)
    i.DebugMon_Handler                       0x0800109e   Section        0  stm32g4xx_it.o(i.DebugMon_Handler)
    i.Encoder_Sample                         0x080010a0   Section        0  tle.o(i.Encoder_Sample)
    i.Error_Handler                          0x080011c8   Section        0  main.o(i.Error_Handler)
    i.FOC_arm                                0x080011d0   Section        0  foc.o(i.FOC_arm)
    i.FOC_current                            0x080011f0   Section        0  foc.o(i.FOC_current)
    i.FOC_disarm                             0x080013b4   Section        0  foc.o(i.FOC_disarm)
    i.FOC_reset                              0x080013d4   Section        0  foc.o(i.FOC_reset)
    i.FOC_zero_current                       0x08001404   Section        0  foc.o(i.FOC_zero_current)
    i.FSM_get_stat                           0x08001450   Section        0  fsm.o(i.FSM_get_stat)
    i.FSM_input                              0x0800145c   Section        0  fsm.o(i.FSM_input)
    i.FSM_loop                               0x080014c0   Section        0  fsm.o(i.FSM_loop)
    i.HEAP_free                              0x080015c8   Section        0  heap.o(i.HEAP_free)
    i.HEAP_malloc                            0x080015fc   Section        0  heap.o(i.HEAP_malloc)
    i.HardFault_Handler                      0x0800168c   Section        0  stm32g4xx_it.o(i.HardFault_Handler)
    i.LED_loop                               0x08001694   Section        0  led.o(i.LED_loop)
    i.LED_set                                0x08001724   Section        0  led.o(i.LED_set)
    LED_set                                  0x08001725   Thumb Code    18  led.o(i.LED_set)
    i.LL_ADC_CommonInit                      0x0800173c   Section        0  stm32g4xx_ll_adc.o(i.LL_ADC_CommonInit)
    i.LL_ADC_INJ_Init                        0x0800178c   Section        0  stm32g4xx_ll_adc.o(i.LL_ADC_INJ_Init)
    i.LL_ADC_INJ_ReadConversionData12        0x080017ce   Section        0  stm32g4xx_it.o(i.LL_ADC_INJ_ReadConversionData12)
    LL_ADC_INJ_ReadConversionData12          0x080017cf   Thumb Code    16  stm32g4xx_it.o(i.LL_ADC_INJ_ReadConversionData12)
    i.LL_ADC_INJ_SetSequencerRanks           0x080017de   Section        0  adc.o(i.LL_ADC_INJ_SetSequencerRanks)
    LL_ADC_INJ_SetSequencerRanks             0x080017df   Thumb Code    26  adc.o(i.LL_ADC_INJ_SetSequencerRanks)
    i.LL_ADC_Init                            0x080017f8   Section        0  stm32g4xx_ll_adc.o(i.LL_ADC_Init)
    i.LL_ADC_REG_Init                        0x08001824   Section        0  stm32g4xx_ll_adc.o(i.LL_ADC_REG_Init)
    i.LL_ADC_REG_SetSequencerRanks           0x08001878   Section        0  adc.o(i.LL_ADC_REG_SetSequencerRanks)
    LL_ADC_REG_SetSequencerRanks             0x08001879   Thumb Code    34  adc.o(i.LL_ADC_REG_SetSequencerRanks)
    i.LL_ADC_SetChannelSamplingTime          0x0800189a   Section        0  adc.o(i.LL_ADC_SetChannelSamplingTime)
    LL_ADC_SetChannelSamplingTime            0x0800189b   Thumb Code    30  adc.o(i.LL_ADC_SetChannelSamplingTime)
    i.LL_ADC_SetChannelSingleDiff            0x080018b8   Section        0  adc.o(i.LL_ADC_SetChannelSingleDiff)
    LL_ADC_SetChannelSingleDiff              0x080018b9   Thumb Code    28  adc.o(i.LL_ADC_SetChannelSingleDiff)
    i.LL_ADC_SetGainCompensation             0x080018d8   Section        0  adc.o(i.LL_ADC_SetGainCompensation)
    LL_ADC_SetGainCompensation               0x080018d9   Thumb Code    32  adc.o(i.LL_ADC_SetGainCompensation)
    i.LL_ADC_StartCalibration                0x080018f8   Section        0  adc.o(i.LL_ADC_StartCalibration)
    LL_ADC_StartCalibration                  0x080018f9   Thumb Code    20  adc.o(i.LL_ADC_StartCalibration)
    i.LL_AHB2_GRP1_EnableClock               0x08001910   Section        0  gpio.o(i.LL_AHB2_GRP1_EnableClock)
    LL_AHB2_GRP1_EnableClock                 0x08001911   Thumb Code    18  gpio.o(i.LL_AHB2_GRP1_EnableClock)
    i.LL_AHB2_GRP1_EnableClock               0x08001928   Section        0  adc.o(i.LL_AHB2_GRP1_EnableClock)
    LL_AHB2_GRP1_EnableClock                 0x08001929   Thumb Code    18  adc.o(i.LL_AHB2_GRP1_EnableClock)
    i.LL_AHB2_GRP1_EnableClock               0x08001940   Section        0  spi.o(i.LL_AHB2_GRP1_EnableClock)
    LL_AHB2_GRP1_EnableClock                 0x08001941   Thumb Code    18  spi.o(i.LL_AHB2_GRP1_EnableClock)
    i.LL_GPIO_Init                           0x08001958   Section        0  stm32g4xx_ll_gpio.o(i.LL_GPIO_Init)
    i.LL_Init1msTick                         0x08001a8e   Section        0  stm32g4xx_ll_utils.o(i.LL_Init1msTick)
    i.LL_RCC_GetUARTClockFreq                0x08001aa8   Section        0  stm32g4xx_ll_rcc.o(i.LL_RCC_GetUARTClockFreq)
    i.LL_RCC_GetUSARTClockFreq               0x08001b04   Section        0  stm32g4xx_ll_rcc.o(i.LL_RCC_GetUSARTClockFreq)
    i.LL_RCC_HSI_IsReady                     0x08001bb8   Section        0  stm32g4xx_ll_rcc.o(i.LL_RCC_HSI_IsReady)
    LL_RCC_HSI_IsReady                       0x08001bb9   Thumb Code    10  stm32g4xx_ll_rcc.o(i.LL_RCC_HSI_IsReady)
    i.LL_RCC_LSE_IsReady                     0x08001bc8   Section        0  stm32g4xx_ll_rcc.o(i.LL_RCC_LSE_IsReady)
    LL_RCC_LSE_IsReady                       0x08001bc9   Thumb Code    12  stm32g4xx_ll_rcc.o(i.LL_RCC_LSE_IsReady)
    i.LL_RCC_SetAHBPrescaler                 0x08001bd8   Section        0  main.o(i.LL_RCC_SetAHBPrescaler)
    LL_RCC_SetAHBPrescaler                   0x08001bd9   Thumb Code    14  main.o(i.LL_RCC_SetAHBPrescaler)
    i.LL_SPI_Init                            0x08001bec   Section        0  stm32g4xx_ll_spi.o(i.LL_SPI_Init)
    i.LL_SetSystemCoreClock                  0x08001c64   Section        0  stm32g4xx_ll_utils.o(i.LL_SetSystemCoreClock)
    i.LL_TIM_BDTR_Init                       0x08001c70   Section        0  stm32g4xx_ll_tim.o(i.LL_TIM_BDTR_Init)
    i.LL_TIM_Init                            0x08001cf8   Section        0  stm32g4xx_ll_tim.o(i.LL_TIM_Init)
    i.LL_TIM_OC_DisableFast                  0x08001da4   Section        0  tim.o(i.LL_TIM_OC_DisableFast)
    LL_TIM_OC_DisableFast                    0x08001da5   Thumb Code   110  tim.o(i.LL_TIM_OC_DisableFast)
    i.LL_TIM_OC_EnablePreload                0x08001e18   Section        0  tim.o(i.LL_TIM_OC_EnablePreload)
    LL_TIM_OC_EnablePreload                  0x08001e19   Thumb Code   110  tim.o(i.LL_TIM_OC_EnablePreload)
    i.LL_TIM_OC_Init                         0x08001e8c   Section        0  stm32g4xx_ll_tim.o(i.LL_TIM_OC_Init)
    i.LL_USART_Init                          0x08001fd8   Section        0  stm32g4xx_ll_usart.o(i.LL_USART_Init)
    i.MX_ADC1_Init                           0x080020c0   Section        0  adc.o(i.MX_ADC1_Init)
    i.MX_ADC2_Init                           0x0800228c   Section        0  adc.o(i.MX_ADC2_Init)
    i.MX_GPIO_Init                           0x08002458   Section        0  gpio.o(i.MX_GPIO_Init)
    i.MX_SPI1_Init                           0x08002534   Section        0  spi.o(i.MX_SPI1_Init)
    i.MX_SPI2_Init                           0x08002600   Section        0  spi.o(i.MX_SPI2_Init)
    i.MX_TIM1_Init                           0x080026d4   Section        0  tim.o(i.MX_TIM1_Init)
    i.MX_USART2_UART_Init                    0x0800288c   Section        0  usart.o(i.MX_USART2_UART_Init)
    i.MemManage_Handler                      0x080029c4   Section        0  stm32g4xx_it.o(i.MemManage_Handler)
    i.NMI_Handler                            0x080029ca   Section        0  stm32g4xx_it.o(i.NMI_Handler)
    i.NVIC_EncodePriority                    0x080029d0   Section        0  adc.o(i.NVIC_EncodePriority)
    NVIC_EncodePriority                      0x080029d1   Thumb Code    50  adc.o(i.NVIC_EncodePriority)
    i.OC1Config                              0x08002a04   Section        0  stm32g4xx_ll_tim.o(i.OC1Config)
    OC1Config                                0x08002a05   Thumb Code   126  stm32g4xx_ll_tim.o(i.OC1Config)
    i.OC2Config                              0x08002a9c   Section        0  stm32g4xx_ll_tim.o(i.OC2Config)
    OC2Config                                0x08002a9d   Thumb Code   134  stm32g4xx_ll_tim.o(i.OC2Config)
    i.OC3Config                              0x08002b3c   Section        0  stm32g4xx_ll_tim.o(i.OC3Config)
    OC3Config                                0x08002b3d   Thumb Code   132  stm32g4xx_ll_tim.o(i.OC3Config)
    i.OC4Config                              0x08002bd8   Section        0  stm32g4xx_ll_tim.o(i.OC4Config)
    OC4Config                                0x08002bd9   Thumb Code   134  stm32g4xx_ll_tim.o(i.OC4Config)
    i.PWMC_switch_off_pwm                    0x08002c78   Section        0  tim.o(i.PWMC_switch_off_pwm)
    i.PWMC_switch_on_pwm                     0x08002c98   Section        0  tim.o(i.PWMC_switch_on_pwm)
    i.PendSV_Handler                         0x08002cd4   Section        0  stm32g4xx_it.o(i.PendSV_Handler)
    i.RCC_GetHCLKClockFreq                   0x08002cd8   Section        0  stm32g4xx_ll_rcc.o(i.RCC_GetHCLKClockFreq)
    RCC_GetHCLKClockFreq                     0x08002cd9   Thumb Code    22  stm32g4xx_ll_rcc.o(i.RCC_GetHCLKClockFreq)
    i.RCC_GetPCLK1ClockFreq                  0x08002cf8   Section        0  stm32g4xx_ll_rcc.o(i.RCC_GetPCLK1ClockFreq)
    RCC_GetPCLK1ClockFreq                    0x08002cf9   Thumb Code    24  stm32g4xx_ll_rcc.o(i.RCC_GetPCLK1ClockFreq)
    i.RCC_GetPCLK2ClockFreq                  0x08002d18   Section        0  stm32g4xx_ll_rcc.o(i.RCC_GetPCLK2ClockFreq)
    RCC_GetPCLK2ClockFreq                    0x08002d19   Thumb Code    24  stm32g4xx_ll_rcc.o(i.RCC_GetPCLK2ClockFreq)
    i.RCC_GetSystemClockFreq                 0x08002d38   Section        0  stm32g4xx_ll_rcc.o(i.RCC_GetSystemClockFreq)
    RCC_GetSystemClockFreq                   0x08002d39   Thumb Code    88  stm32g4xx_ll_rcc.o(i.RCC_GetSystemClockFreq)
    i.SPI2_ReadWriteByte                     0x08002d98   Section        0  tle.o(i.SPI2_ReadWriteByte)
    i.SVC_Handler                            0x08002df4   Section        0  stm32g4xx_it.o(i.SVC_Handler)
    i.SYSTICK_delay_ms                       0x08002df6   Section        0  systick.o(i.SYSTICK_delay_ms)
    i.SYSTICK_delay_us                       0x08002e0c   Section        0  systick.o(i.SYSTICK_delay_us)
    i.SYSTICK_get_ms_since                   0x08002e4c   Section        0  systick.o(i.SYSTICK_get_ms_since)
    i.SYSTICK_get_tick                       0x08002e58   Section        0  systick.o(i.SYSTICK_get_tick)
    i.SYSTICK_init                           0x08002e64   Section        0  systick.o(i.SYSTICK_init)
    i.SysTick_Handler                        0x08002eb4   Section        0  stm32g4xx_it.o(i.SysTick_Handler)
    i.SystemClock_Config                     0x08002ec4   Section        0  main.o(i.SystemClock_Config)
    i.SystemInit                             0x08002fbc   Section        0  system_stm32g4xx.o(i.SystemInit)
    i.TRAJ_eval                              0x08002fcc   Section        0  traj.o(i.TRAJ_eval)
    i.TRAJ_plan                              0x080030a4   Section        0  traj.o(i.TRAJ_plan)
    i.USART2_IRQHandler                      0x080032b4   Section        0  stm32g4xx_it.o(i.USART2_IRQHandler)
    i.USR_CONFIG_read_cogging_map            0x08003304   Section        0  para.o(i.USR_CONFIG_read_cogging_map)
    i.USR_CONFIG_set_default_cogging_map     0x0800334c   Section        0  para.o(i.USR_CONFIG_set_default_cogging_map)
    i.UsageFault_Handler                     0x08003384   Section        0  stm32g4xx_it.o(i.UsageFault_Handler)
    i.__0printf                              0x0800338c   Section        0  printfa.o(i.__0printf)
    i.__NVIC_EnableIRQ                       0x080033ac   Section        0  adc.o(i.__NVIC_EnableIRQ)
    __NVIC_EnableIRQ                         0x080033ad   Thumb Code    26  adc.o(i.__NVIC_EnableIRQ)
    i.__NVIC_SetPriority                     0x080033c6   Section        0  adc.o(i.__NVIC_SetPriority)
    __NVIC_SetPriority                       0x080033c7   Thumb Code    32  adc.o(i.__NVIC_SetPriority)
    i.__hardfp_fmax                          0x080033e6   Section        0  fmax.o(i.__hardfp_fmax)
    i.__hardfp_fmod                          0x0800345c   Section        0  fmod.o(i.__hardfp_fmod)
    i.__hardfp_sqrtf                         0x08003560   Section        0  sqrtf.o(i.__hardfp_sqrtf)
    i.__mathlib_dbl_invalid                  0x080035a0   Section        0  dunder.o(i.__mathlib_dbl_invalid)
    i.__scatterload_copy                     0x080035c0   Section       14  handlers.o(i.__scatterload_copy)
    i.__scatterload_null                     0x080035ce   Section        2  handlers.o(i.__scatterload_null)
    i.__scatterload_zeroinit                 0x080035d0   Section       14  handlers.o(i.__scatterload_zeroinit)
    i.__set_errno                            0x080035e0   Section        0  errno.o(i.__set_errno)
    i._fp_digits                             0x080035ec   Section        0  printfa.o(i._fp_digits)
    _fp_digits                               0x080035ed   Thumb Code   366  printfa.o(i._fp_digits)
    i._printf_core                           0x08003770   Section        0  printfa.o(i._printf_core)
    _printf_core                             0x08003771   Thumb Code  1704  printfa.o(i._printf_core)
    i._printf_post_padding                   0x08003e24   Section        0  printfa.o(i._printf_post_padding)
    _printf_post_padding                     0x08003e25   Thumb Code    36  printfa.o(i._printf_post_padding)
    i._printf_pre_padding                    0x08003e48   Section        0  printfa.o(i._printf_pre_padding)
    _printf_pre_padding                      0x08003e49   Thumb Code    46  printfa.o(i._printf_pre_padding)
    i.apply_voltage_timings                  0x08003e78   Section        0  calibration.o(i.apply_voltage_timings)
    apply_voltage_timings                    0x08003e79   Thumb Code   190  calibration.o(i.apply_voltage_timings)
    i.arm_cos_f32                            0x08003f48   Section        0  fastmathfunctions.o(i.arm_cos_f32)
    i.arm_sin_f32                            0x08003fcc   Section        0  fastmathfunctions.o(i.arm_sin_f32)
    i.clarke_transform                       0x0800404c   Section        0  foc.o(i.clarke_transform)
    i.crc32                                  0x08004068   Section        0  util.o(i.crc32)
    i.current_calculate                      0x08004090   Section        0  control.o(i.current_calculate)
    i.enter_state                            0x0800439c   Section        0  fsm.o(i.enter_state)
    enter_state                              0x0800439d   Thumb Code   120  fsm.o(i.enter_state)
    i.exit_state                             0x08004488   Section        0  fsm.o(i.exit_state)
    exit_state                               0x08004489   Thumb Code    72  fsm.o(i.exit_state)
    i.float_to_data                          0x08004534   Section        0  calibration.o(i.float_to_data)
    float_to_data                            0x08004535   Thumb Code    20  calibration.o(i.float_to_data)
    i.fputc                                  0x08004548   Section        0  usart.o(i.fputc)
    i.inverse_park                           0x08004560   Section        0  foc.o(i.inverse_park)
    i.main                                   0x080045ac   Section        0  main.o(i.main)
    i.park_transform                         0x08004738   Section        0  foc.o(i.park_transform)
    i.prvHeapInit                            0x08004784   Section        0  heap.o(i.prvHeapInit)
    prvHeapInit                              0x08004785   Thumb Code    66  heap.o(i.prvHeapInit)
    i.prvInsertBlockIntoFreeList             0x080047d0   Section        0  heap.o(i.prvInsertBlockIntoFreeList)
    prvInsertBlockIntoFreeList               0x080047d1   Thumb Code    72  heap.o(i.prvInsertBlockIntoFreeList)
    i.set_config                             0x0800481c   Section        0  para.o(i.set_config)
    i.set_simple_para                        0x08004940   Section        0  simplefoc.o(i.set_simple_para)
    i.simple_algorithm                       0x08004970   Section        0  simplefoc.o(i.simple_algorithm)
    i.spi_transmit_receive                   0x08004a08   Section        0  drv.o(i.spi_transmit_receive)
    spi_transmit_receive                     0x08004a09   Thumb Code    94  drv.o(i.spi_transmit_receive)
    i.svm                                    0x08004a6c   Section        0  foc.o(i.svm)
    i.tle_read_cnt                           0x08004c18   Section        0  tle.o(i.tle_read_cnt)
    i.tle_read_reg                           0x08004c28   Section        0  tle.o(i.tle_read_reg)
    i.tle_read_speed                         0x08004c58   Section        0  tle.o(i.tle_read_speed)
    .constdata                               0x08004c94   Section       20  tim.o(.constdata)
    OFFSET_TAB_CCMRx                         0x08004c94   Data          10  tim.o(.constdata)
    SHIFT_TAB_OCxx                           0x08004c9e   Data          10  tim.o(.constdata)
    .constdata                               0x08004ca8   Section       48  stm32g4xx_ll_usart.o(.constdata)
    USART_PRESCALER_TAB                      0x08004ca8   Data          48  stm32g4xx_ll_usart.o(.constdata)
    .constdata                               0x08004cd8   Section       16  system_stm32g4xx.o(.constdata)
    .constdata                               0x08004ce8   Section        8  system_stm32g4xx.o(.constdata)
    .constdata                               0x08004cf0   Section     1024  util.o(.constdata)
    crc32_table                              0x08004cf0   Data        1024  util.o(.constdata)
    .constdata                               0x080050f0   Section     2052  commontables.o(.constdata)
    .data                                    0x20000000   Section        4  stm32g4xx_it.o(.data)
    .data                                    0x20000004   Section        4  system_stm32g4xx.o(.data)
    .data                                    0x20000008   Section        4  systick.o(.data)
    .data                                    0x2000000c   Section        1  foc.o(.data)
    mIsArmed                                 0x2000000c   Data           1  foc.o(.data)
    .data                                    0x20000010   Section       76  fsm.o(.data)
    mErrorCode                               0x20000010   Data           4  fsm.o(.data)
    mErrorCodeLast                           0x20000014   Data           4  fsm.o(.data)
    Fsm                                      0x20000018   Data          68  fsm.o(.data)
    .data                                    0x2000005c   Section       28  control.o(.data)
    input_pos_updated                        0x2000005c   Data           1  control.o(.data)
    mPosSetPoint                             0x20000060   Data           4  control.o(.data)
    mVelSetPoint                             0x20000064   Data           4  control.o(.data)
    mTorqueSetPoint                          0x20000068   Data           4  control.o(.data)
    input_filter_kp                          0x2000006c   Data           4  control.o(.data)
    input_filter_ki                          0x20000070   Data           4  control.o(.data)
    vel_integrator_torque                    0x20000074   Data           4  control.o(.data)
    .data                                    0x20000078   Section        8  led.o(.data)
    cnt                                      0x20000078   Data           2  led.o(.data)
    tick                                     0x2000007c   Data           4  led.o(.data)
    .data                                    0x20000080   Section        4  para.o(.data)
    .data                                    0x20000084   Section       32  calibration.o(.data)
    mCalibStep                               0x20000084   Data           1  calibration.o(.data)
    mCalibError                              0x20000085   Data           1  calibration.o(.data)
    p_error_arr                              0x20000088   Data           4  calibration.o(.data)
    loop_count                               0x2000008c   Data           4  calibration.o(.data)
    sample_count                             0x20000090   Data           4  calibration.o(.data)
    voltages                                 0x20000094   Data           8  calibration.o(.data)
    Ialphas                                  0x2000009c   Data           8  calibration.o(.data)
    .data                                    0x200000a4   Section       24  heap.o(.data)
    pxEnd                                    0x200000a4   Data           4  heap.o(.data)
    xFreeBytesRemaining                      0x200000a8   Data           4  heap.o(.data)
    xMinimumEverFreeBytesRemaining           0x200000ac   Data           4  heap.o(.data)
    xBlockAllocatedBit                       0x200000b0   Data           4  heap.o(.data)
    xStart                                   0x200000b4   Data           8  heap.o(.data)
    .data                                    0x200000bc   Section       12  anticog.o(.data)
    AntiCoggingStep                          0x200000bd   Data           1  anticog.o(.data)
    index                                    0x200000c0   Data           4  anticog.o(.data)
    tick                                     0x200000c4   Data           4  anticog.o(.data)
    .data                                    0x200000c8   Section       40  traj.o(.data)
    Xi_                                      0x200000c8   Data           4  traj.o(.data)
    Xf_                                      0x200000cc   Data           4  traj.o(.data)
    Vi_                                      0x200000d0   Data           4  traj.o(.data)
    Ar_                                      0x200000d4   Data           4  traj.o(.data)
    Vr_                                      0x200000d8   Data           4  traj.o(.data)
    Dr_                                      0x200000dc   Data           4  traj.o(.data)
    Ta_                                      0x200000e0   Data           4  traj.o(.data)
    Tv_                                      0x200000e4   Data           4  traj.o(.data)
    Td_                                      0x200000e8   Data           4  traj.o(.data)
    yAccel_                                  0x200000ec   Data           4  traj.o(.data)
    .data                                    0x200000f0   Section        4  stdout.o(.data)
    .data                                    0x200000f4   Section        4  errno.o(.data)
    _errno                                   0x200000f4   Data           4  errno.o(.data)
    .bss                                     0x200000f8   Section      200  tle.o(.bss)
    .bss                                     0x200001c0   Section       52  foc.o(.bss)
    .bss                                     0x200001f4   Section       12  control.o(.bss)
    .bss                                     0x20000200   Section      400  para.o(.bss)
    .bss                                     0x20000390   Section    12288  heap.o(.bss)
    ucHeap                                   0x20000390   Data       12288  heap.o(.bss)
    .bss                                     0x20003390   Section       24  traj.o(.bss)
    .bss                                     0x200033a8   Section       16  simplefoc.o(.bss)
    STACK                                    0x200033b8   Section     1024  startup_stm32g431xx.o(STACK)

    Global Symbols

    Symbol Name                              Value     Ov Type        Size  Object(Section)

    BuildAttributes$$THM_ISAv4$E$P$D$K$B$S$7EM$VFPi3$EXTD16$VFPS$VFMA$PE$A:L22UL41UL21$X:L11$S22US41US21$IEEE1$IW$USESV6$~STKCKD$USESV7$~SHL$OTIME$ROPI$IEEEX$EBA8$MICROLIB$REQ8$PRES8$EABIv2 0x00000000   Number         0  anon$$obj.o ABSOLUTE
    __ARM_use_no_argv                        0x00000000   Number         0  main.o ABSOLUTE
    _printf_a                                0x00000000   Number         0  stubs.o ABSOLUTE
    _printf_c                                0x00000000   Number         0  stubs.o ABSOLUTE
    _printf_charcount                        0x00000000   Number         0  stubs.o ABSOLUTE
    _printf_d                                0x00000000   Number         0  stubs.o ABSOLUTE
    _printf_e                                0x00000000   Number         0  stubs.o ABSOLUTE
    _printf_f                                0x00000000   Number         0  stubs.o ABSOLUTE
    _printf_flags                            0x00000000   Number         0  stubs.o ABSOLUTE
    _printf_fp_dec                           0x00000000   Number         0  stubs.o ABSOLUTE
    _printf_fp_hex                           0x00000000   Number         0  stubs.o ABSOLUTE
    _printf_g                                0x00000000   Number         0  stubs.o ABSOLUTE
    _printf_i                                0x00000000   Number         0  stubs.o ABSOLUTE
    _printf_int_dec                          0x00000000   Number         0  stubs.o ABSOLUTE
    _printf_l                                0x00000000   Number         0  stubs.o ABSOLUTE
    _printf_lc                               0x00000000   Number         0  stubs.o ABSOLUTE
    _printf_ll                               0x00000000   Number         0  stubs.o ABSOLUTE
    _printf_lld                              0x00000000   Number         0  stubs.o ABSOLUTE
    _printf_lli                              0x00000000   Number         0  stubs.o ABSOLUTE
    _printf_llo                              0x00000000   Number         0  stubs.o ABSOLUTE
    _printf_llu                              0x00000000   Number         0  stubs.o ABSOLUTE
    _printf_llx                              0x00000000   Number         0  stubs.o ABSOLUTE
    _printf_longlong_dec                     0x00000000   Number         0  stubs.o ABSOLUTE
    _printf_longlong_hex                     0x00000000   Number         0  stubs.o ABSOLUTE
    _printf_longlong_oct                     0x00000000   Number         0  stubs.o ABSOLUTE
    _printf_ls                               0x00000000   Number         0  stubs.o ABSOLUTE
    _printf_mbtowc                           0x00000000   Number         0  stubs.o ABSOLUTE
    _printf_n                                0x00000000   Number         0  stubs.o ABSOLUTE
    _printf_o                                0x00000000   Number         0  stubs.o ABSOLUTE
    _printf_p                                0x00000000   Number         0  stubs.o ABSOLUTE
    _printf_percent                          0x00000000   Number         0  stubs.o ABSOLUTE
    _printf_pre_padding                      0x00000000   Number         0  stubs.o ABSOLUTE
    _printf_return_value                     0x00000000   Number         0  stubs.o ABSOLUTE
    _printf_s                                0x00000000   Number         0  stubs.o ABSOLUTE
    _printf_sizespec                         0x00000000   Number         0  stubs.o ABSOLUTE
    _printf_str                              0x00000000   Number         0  stubs.o ABSOLUTE
    _printf_truncate_signed                  0x00000000   Number         0  stubs.o ABSOLUTE
    _printf_truncate_unsigned                0x00000000   Number         0  stubs.o ABSOLUTE
    _printf_u                                0x00000000   Number         0  stubs.o ABSOLUTE
    _printf_wc                               0x00000000   Number         0  stubs.o ABSOLUTE
    _printf_wctomb                           0x00000000   Number         0  stubs.o ABSOLUTE
    _printf_widthprec                        0x00000000   Number         0  stubs.o ABSOLUTE
    _printf_x                                0x00000000   Number         0  stubs.o ABSOLUTE
    __arm_fini_                               - Undefined Weak Reference
    __cpp_initialize__aeabi_                  - Undefined Weak Reference
    __cxa_finalize                            - Undefined Weak Reference
    __decompress                              - Undefined Weak Reference
    _clock_init                               - Undefined Weak Reference
    _microlib_exit                            - Undefined Weak Reference
    __Vectors_Size                           0x000001d8   Number         0  startup_stm32g431xx.o ABSOLUTE
    __Vectors                                0x08000000   Data           4  startup_stm32g431xx.o(RESET)
    __Vectors_End                            0x080001d8   Data           0  startup_stm32g431xx.o(RESET)
    __main                                   0x080001d9   Thumb Code     0  entry.o(.ARM.Collect$$$$00000000)
    _main_stk                                0x080001d9   Thumb Code     0  entry2.o(.ARM.Collect$$$$00000001)
    _main_scatterload                        0x080001dd   Thumb Code     0  entry5.o(.ARM.Collect$$$$00000004)
    __main_after_scatterload                 0x080001e1   Thumb Code     0  entry5.o(.ARM.Collect$$$$00000004)
    _main_clock                              0x080001e1   Thumb Code     0  entry7b.o(.ARM.Collect$$$$00000008)
    _main_cpp_init                           0x080001e1   Thumb Code     0  entry8b.o(.ARM.Collect$$$$0000000A)
    _main_init                               0x080001e1   Thumb Code     0  entry9a.o(.ARM.Collect$$$$0000000B)
    __rt_lib_shutdown_fini                   0x080001e9   Thumb Code     0  entry12b.o(.ARM.Collect$$$$0000000E)
    __rt_final_cpp                           0x080001ed   Thumb Code     0  entry10a.o(.ARM.Collect$$$$0000000F)
    __rt_final_exit                          0x080001ed   Thumb Code     0  entry11a.o(.ARM.Collect$$$$00000011)
    Reset_Handler                            0x080001f1   Thumb Code     8  startup_stm32g431xx.o(.text)
    COMP1_2_3_IRQHandler                     0x0800020b   Thumb Code     0  startup_stm32g431xx.o(.text)
    COMP4_IRQHandler                         0x0800020b   Thumb Code     0  startup_stm32g431xx.o(.text)
    CORDIC_IRQHandler                        0x0800020b   Thumb Code     0  startup_stm32g431xx.o(.text)
    CRS_IRQHandler                           0x0800020b   Thumb Code     0  startup_stm32g431xx.o(.text)
    DMA1_Channel1_IRQHandler                 0x0800020b   Thumb Code     0  startup_stm32g431xx.o(.text)
    DMA1_Channel2_IRQHandler                 0x0800020b   Thumb Code     0  startup_stm32g431xx.o(.text)
    DMA1_Channel3_IRQHandler                 0x0800020b   Thumb Code     0  startup_stm32g431xx.o(.text)
    DMA1_Channel4_IRQHandler                 0x0800020b   Thumb Code     0  startup_stm32g431xx.o(.text)
    DMA1_Channel5_IRQHandler                 0x0800020b   Thumb Code     0  startup_stm32g431xx.o(.text)
    DMA1_Channel6_IRQHandler                 0x0800020b   Thumb Code     0  startup_stm32g431xx.o(.text)
    DMA2_Channel1_IRQHandler                 0x0800020b   Thumb Code     0  startup_stm32g431xx.o(.text)
    DMA2_Channel2_IRQHandler                 0x0800020b   Thumb Code     0  startup_stm32g431xx.o(.text)
    DMA2_Channel3_IRQHandler                 0x0800020b   Thumb Code     0  startup_stm32g431xx.o(.text)
    DMA2_Channel4_IRQHandler                 0x0800020b   Thumb Code     0  startup_stm32g431xx.o(.text)
    DMA2_Channel5_IRQHandler                 0x0800020b   Thumb Code     0  startup_stm32g431xx.o(.text)
    DMA2_Channel6_IRQHandler                 0x0800020b   Thumb Code     0  startup_stm32g431xx.o(.text)
    DMAMUX_OVR_IRQHandler                    0x0800020b   Thumb Code     0  startup_stm32g431xx.o(.text)
    EXTI0_IRQHandler                         0x0800020b   Thumb Code     0  startup_stm32g431xx.o(.text)
    EXTI15_10_IRQHandler                     0x0800020b   Thumb Code     0  startup_stm32g431xx.o(.text)
    EXTI1_IRQHandler                         0x0800020b   Thumb Code     0  startup_stm32g431xx.o(.text)
    EXTI2_IRQHandler                         0x0800020b   Thumb Code     0  startup_stm32g431xx.o(.text)
    EXTI3_IRQHandler                         0x0800020b   Thumb Code     0  startup_stm32g431xx.o(.text)
    EXTI4_IRQHandler                         0x0800020b   Thumb Code     0  startup_stm32g431xx.o(.text)
    EXTI9_5_IRQHandler                       0x0800020b   Thumb Code     0  startup_stm32g431xx.o(.text)
    FDCAN1_IT0_IRQHandler                    0x0800020b   Thumb Code     0  startup_stm32g431xx.o(.text)
    FDCAN1_IT1_IRQHandler                    0x0800020b   Thumb Code     0  startup_stm32g431xx.o(.text)
    FLASH_IRQHandler                         0x0800020b   Thumb Code     0  startup_stm32g431xx.o(.text)
    FMAC_IRQHandler                          0x0800020b   Thumb Code     0  startup_stm32g431xx.o(.text)
    FPU_IRQHandler                           0x0800020b   Thumb Code     0  startup_stm32g431xx.o(.text)
    I2C1_ER_IRQHandler                       0x0800020b   Thumb Code     0  startup_stm32g431xx.o(.text)
    I2C1_EV_IRQHandler                       0x0800020b   Thumb Code     0  startup_stm32g431xx.o(.text)
    I2C2_ER_IRQHandler                       0x0800020b   Thumb Code     0  startup_stm32g431xx.o(.text)
    I2C2_EV_IRQHandler                       0x0800020b   Thumb Code     0  startup_stm32g431xx.o(.text)
    I2C3_ER_IRQHandler                       0x0800020b   Thumb Code     0  startup_stm32g431xx.o(.text)
    I2C3_EV_IRQHandler                       0x0800020b   Thumb Code     0  startup_stm32g431xx.o(.text)
    LPTIM1_IRQHandler                        0x0800020b   Thumb Code     0  startup_stm32g431xx.o(.text)
    LPUART1_IRQHandler                       0x0800020b   Thumb Code     0  startup_stm32g431xx.o(.text)
    PVD_PVM_IRQHandler                       0x0800020b   Thumb Code     0  startup_stm32g431xx.o(.text)
    RCC_IRQHandler                           0x0800020b   Thumb Code     0  startup_stm32g431xx.o(.text)
    RNG_IRQHandler                           0x0800020b   Thumb Code     0  startup_stm32g431xx.o(.text)
    RTC_Alarm_IRQHandler                     0x0800020b   Thumb Code     0  startup_stm32g431xx.o(.text)
    RTC_TAMP_LSECSS_IRQHandler               0x0800020b   Thumb Code     0  startup_stm32g431xx.o(.text)
    RTC_WKUP_IRQHandler                      0x0800020b   Thumb Code     0  startup_stm32g431xx.o(.text)
    SAI1_IRQHandler                          0x0800020b   Thumb Code     0  startup_stm32g431xx.o(.text)
    SPI1_IRQHandler                          0x0800020b   Thumb Code     0  startup_stm32g431xx.o(.text)
    SPI2_IRQHandler                          0x0800020b   Thumb Code     0  startup_stm32g431xx.o(.text)
    SPI3_IRQHandler                          0x0800020b   Thumb Code     0  startup_stm32g431xx.o(.text)
    TIM1_BRK_TIM15_IRQHandler                0x0800020b   Thumb Code     0  startup_stm32g431xx.o(.text)
    TIM1_CC_IRQHandler                       0x0800020b   Thumb Code     0  startup_stm32g431xx.o(.text)
    TIM1_TRG_COM_TIM17_IRQHandler            0x0800020b   Thumb Code     0  startup_stm32g431xx.o(.text)
    TIM1_UP_TIM16_IRQHandler                 0x0800020b   Thumb Code     0  startup_stm32g431xx.o(.text)
    TIM2_IRQHandler                          0x0800020b   Thumb Code     0  startup_stm32g431xx.o(.text)
    TIM3_IRQHandler                          0x0800020b   Thumb Code     0  startup_stm32g431xx.o(.text)
    TIM4_IRQHandler                          0x0800020b   Thumb Code     0  startup_stm32g431xx.o(.text)
    TIM6_DAC_IRQHandler                      0x0800020b   Thumb Code     0  startup_stm32g431xx.o(.text)
    TIM7_IRQHandler                          0x0800020b   Thumb Code     0  startup_stm32g431xx.o(.text)
    TIM8_BRK_IRQHandler                      0x0800020b   Thumb Code     0  startup_stm32g431xx.o(.text)
    TIM8_CC_IRQHandler                       0x0800020b   Thumb Code     0  startup_stm32g431xx.o(.text)
    TIM8_TRG_COM_IRQHandler                  0x0800020b   Thumb Code     0  startup_stm32g431xx.o(.text)
    TIM8_UP_IRQHandler                       0x0800020b   Thumb Code     0  startup_stm32g431xx.o(.text)
    UART4_IRQHandler                         0x0800020b   Thumb Code     0  startup_stm32g431xx.o(.text)
    UCPD1_IRQHandler                         0x0800020b   Thumb Code     0  startup_stm32g431xx.o(.text)
    USART1_IRQHandler                        0x0800020b   Thumb Code     0  startup_stm32g431xx.o(.text)
    USART3_IRQHandler                        0x0800020b   Thumb Code     0  startup_stm32g431xx.o(.text)
    USBWakeUp_IRQHandler                     0x0800020b   Thumb Code     0  startup_stm32g431xx.o(.text)
    USB_HP_IRQHandler                        0x0800020b   Thumb Code     0  startup_stm32g431xx.o(.text)
    USB_LP_IRQHandler                        0x0800020b   Thumb Code     0  startup_stm32g431xx.o(.text)
    WWDG_IRQHandler                          0x0800020b   Thumb Code     0  startup_stm32g431xx.o(.text)
    __aeabi_uldivmod                         0x08000215   Thumb Code    98  uldiv.o(.text)
    __aeabi_llsl                             0x08000277   Thumb Code    30  llshl.o(.text)
    _ll_shift_l                              0x08000277   Thumb Code     0  llshl.o(.text)
    __aeabi_lasr                             0x08000295   Thumb Code    36  llsshr.o(.text)
    _ll_sshift_r                             0x08000295   Thumb Code     0  llsshr.o(.text)
    __aeabi_memcpy                           0x080002b9   Thumb Code    36  memcpya.o(.text)
    __aeabi_memcpy4                          0x080002b9   Thumb Code     0  memcpya.o(.text)
    __aeabi_memcpy8                          0x080002b9   Thumb Code     0  memcpya.o(.text)
    __aeabi_memset                           0x080002dd   Thumb Code    14  memseta.o(.text)
    __aeabi_memset4                          0x080002dd   Thumb Code     0  memseta.o(.text)
    __aeabi_memset8                          0x080002dd   Thumb Code     0  memseta.o(.text)
    __aeabi_memclr                           0x080002eb   Thumb Code     4  memseta.o(.text)
    __aeabi_memclr4                          0x080002eb   Thumb Code     0  memseta.o(.text)
    __aeabi_memclr8                          0x080002eb   Thumb Code     0  memseta.o(.text)
    _memset$wrapper                          0x080002ef   Thumb Code    18  memseta.o(.text)
    __aeabi_dadd                             0x08000301   Thumb Code   322  dadd.o(.text)
    __aeabi_dsub                             0x08000443   Thumb Code     6  dadd.o(.text)
    __aeabi_drsub                            0x08000449   Thumb Code     6  dadd.o(.text)
    __aeabi_dmul                             0x0800044f   Thumb Code   228  dmul.o(.text)
    __aeabi_ddiv                             0x08000533   Thumb Code   222  ddiv.o(.text)
    __aeabi_f2d                              0x08000611   Thumb Code    38  f2d.o(.text)
    __aeabi_cdrcmple                         0x08000639   Thumb Code    48  cdrcmple.o(.text)
    __aeabi_d2f                              0x08000669   Thumb Code    56  d2f.o(.text)
    __aeabi_uidiv                            0x080006a1   Thumb Code     0  uidiv.o(.text)
    __aeabi_uidivmod                         0x080006a1   Thumb Code    44  uidiv.o(.text)
    __aeabi_llsr                             0x080006cd   Thumb Code    32  llushr.o(.text)
    _ll_ushift_r                             0x080006cd   Thumb Code     0  llushr.o(.text)
    __I$use$fp                               0x080006ed   Thumb Code     0  iusefp.o(.text)
    _float_round                             0x080006ed   Thumb Code    18  fepilogue.o(.text)
    _float_epilogue                          0x080006ff   Thumb Code    92  fepilogue.o(.text)
    _double_round                            0x0800075b   Thumb Code    30  depilogue.o(.text)
    _double_epilogue                         0x08000779   Thumb Code   156  depilogue.o(.text)
    _drem                                    0x08000815   Thumb Code   134  drem.o(.text)
    __aeabi_d2ulz                            0x0800089b   Thumb Code    48  dfixul.o(.text)
    __ARM_dcmp4                              0x080008cb   Thumb Code    96  dcmp4.o(.text)
    _dcmp4                                   0x080008cb   Thumb Code     0  dcmp4.o(.text)
    __scatterload                            0x0800092d   Thumb Code    28  init.o(.text)
    __scatterload_rt2                        0x0800092d   Thumb Code     0  init.o(.text)
    ADC1_2_IRQHandler                        0x08000951   Thumb Code   200  stm32g4xx_it.o(i.ADC1_2_IRQHandler)
    ANTICOGGING_abort                        0x08000a3d   Thumb Code    14  anticog.o(i.ANTICOGGING_abort)
    ANTICOGGING_start                        0x08000a51   Thumb Code    18  anticog.o(i.ANTICOGGING_start)
    BusFault_Handler                         0x08000a69   Thumb Code     6  stm32g4xx_it.o(i.BusFault_Handler)
    CALIBRATION_end                          0x08000a71   Thumb Code    42  calibration.o(i.CALIBRATION_end)
    CALIBRATION_loop                         0x08000aa9   Thumb Code   522  calibration.o(i.CALIBRATION_loop)
    CALIBRATION_start                        0x08000d29   Thumb Code    50  calibration.o(i.CALIBRATION_start)
    CONTROLLER_reset                         0x08000d6d   Thumb Code    94  control.o(i.CONTROLLER_reset)
    DRV8323_calibrate                        0x08000de9   Thumb Code    10  drv.o(i.DRV8323_calibrate)
    DRV8323_disable_gd                       0x08000df3   Thumb Code    26  drv.o(i.DRV8323_disable_gd)
    DRV8323_enable_gd                        0x08000e0d   Thumb Code    26  drv.o(i.DRV8323_enable_gd)
    DRV8323_getFault                         0x08000e27   Thumb Code    40  drv.o(i.DRV8323_getFault)
    DRV8323_init                             0x08000e4f   Thumb Code     4  drv.o(i.DRV8323_init)
    DRV8323_isFault                          0x08000e55   Thumb Code    14  drv.o(i.DRV8323_isFault)
    DRV8323_read_FSR1                        0x08000e69   Thumb Code     6  drv.o(i.DRV8323_read_FSR1)
    DRV8323_read_FSR2                        0x08000e6f   Thumb Code     8  drv.o(i.DRV8323_read_FSR2)
    DRV8323_read_reg                         0x08000e77   Thumb Code    46  drv.o(i.DRV8323_read_reg)
    DRV8323_reset                            0x08000ea5   Thumb Code   244  drv.o(i.DRV8323_reset)
    DRV8323_set_enable                       0x08000f9d   Thumb Code    24  drv.o(i.DRV8323_set_enable)
    DRV8323_write_CSACR                      0x08000fb5   Thumb Code    60  drv.o(i.DRV8323_write_CSACR)
    DRV8323_write_DCR                        0x08000ff1   Thumb Code    60  drv.o(i.DRV8323_write_DCR)
    DRV8323_write_HSR                        0x0800102d   Thumb Code    18  drv.o(i.DRV8323_write_HSR)
    DRV8323_write_LSR                        0x0800103f   Thumb Code    22  drv.o(i.DRV8323_write_LSR)
    DRV8323_write_OCPCR                      0x08001055   Thumb Code    32  drv.o(i.DRV8323_write_OCPCR)
    DRV8323_write_reg                        0x08001075   Thumb Code    42  drv.o(i.DRV8323_write_reg)
    DebugMon_Handler                         0x0800109f   Thumb Code     2  stm32g4xx_it.o(i.DebugMon_Handler)
    Encoder_Sample                           0x080010a1   Thumb Code   264  tle.o(i.Encoder_Sample)
    Error_Handler                            0x080011c9   Thumb Code     8  main.o(i.Error_Handler)
    FOC_arm                                  0x080011d1   Thumb Code    28  foc.o(i.FOC_arm)
    FOC_current                              0x080011f1   Thumb Code   416  foc.o(i.FOC_current)
    FOC_disarm                               0x080013b5   Thumb Code    28  foc.o(i.FOC_disarm)
    FOC_reset                                0x080013d5   Thumb Code    38  foc.o(i.FOC_reset)
    FOC_zero_current                         0x08001405   Thumb Code    58  foc.o(i.FOC_zero_current)
    FSM_get_stat                             0x08001451   Thumb Code     6  fsm.o(i.FSM_get_stat)
    FSM_input                                0x0800145d   Thumb Code    90  fsm.o(i.FSM_input)
    FSM_loop                                 0x080014c1   Thumb Code   216  fsm.o(i.FSM_loop)
    HEAP_free                                0x080015c9   Thumb Code    46  heap.o(i.HEAP_free)
    HEAP_malloc                              0x080015fd   Thumb Code   140  heap.o(i.HEAP_malloc)
    HardFault_Handler                        0x0800168d   Thumb Code     6  stm32g4xx_it.o(i.HardFault_Handler)
    LED_loop                                 0x08001695   Thumb Code   138  led.o(i.LED_loop)
    LL_ADC_CommonInit                        0x0800173d   Thumb Code    72  stm32g4xx_ll_adc.o(i.LL_ADC_CommonInit)
    LL_ADC_INJ_Init                          0x0800178d   Thumb Code    66  stm32g4xx_ll_adc.o(i.LL_ADC_INJ_Init)
    LL_ADC_Init                              0x080017f9   Thumb Code    42  stm32g4xx_ll_adc.o(i.LL_ADC_Init)
    LL_ADC_REG_Init                          0x08001825   Thumb Code    78  stm32g4xx_ll_adc.o(i.LL_ADC_REG_Init)
    LL_GPIO_Init                             0x08001959   Thumb Code   310  stm32g4xx_ll_gpio.o(i.LL_GPIO_Init)
    LL_Init1msTick                           0x08001a8f   Thumb Code    26  stm32g4xx_ll_utils.o(i.LL_Init1msTick)
    LL_RCC_GetUARTClockFreq                  0x08001aa9   Thumb Code    84  stm32g4xx_ll_rcc.o(i.LL_RCC_GetUARTClockFreq)
    LL_RCC_GetUSARTClockFreq                 0x08001b05   Thumb Code   172  stm32g4xx_ll_rcc.o(i.LL_RCC_GetUSARTClockFreq)
    LL_SPI_Init                              0x08001bed   Thumb Code   118  stm32g4xx_ll_spi.o(i.LL_SPI_Init)
    LL_SetSystemCoreClock                    0x08001c65   Thumb Code     6  stm32g4xx_ll_utils.o(i.LL_SetSystemCoreClock)
    LL_TIM_BDTR_Init                         0x08001c71   Thumb Code   128  stm32g4xx_ll_tim.o(i.LL_TIM_BDTR_Init)
    LL_TIM_Init                              0x08001cf9   Thumb Code   144  stm32g4xx_ll_tim.o(i.LL_TIM_Init)
    LL_TIM_OC_Init                           0x08001e8d   Thumb Code   302  stm32g4xx_ll_tim.o(i.LL_TIM_OC_Init)
    LL_USART_Init                            0x08001fd9   Thumb Code   206  stm32g4xx_ll_usart.o(i.LL_USART_Init)
    MX_ADC1_Init                             0x080020c1   Thumb Code   412  adc.o(i.MX_ADC1_Init)
    MX_ADC2_Init                             0x0800228d   Thumb Code   416  adc.o(i.MX_ADC2_Init)
    MX_GPIO_Init                             0x08002459   Thumb Code   210  gpio.o(i.MX_GPIO_Init)
    MX_SPI1_Init                             0x08002535   Thumb Code   196  spi.o(i.MX_SPI1_Init)
    MX_SPI2_Init                             0x08002601   Thumb Code   200  spi.o(i.MX_SPI2_Init)
    MX_TIM1_Init                             0x080026d5   Thumb Code   426  tim.o(i.MX_TIM1_Init)
    MX_USART2_UART_Init                      0x0800288d   Thumb Code   292  usart.o(i.MX_USART2_UART_Init)
    MemManage_Handler                        0x080029c5   Thumb Code     6  stm32g4xx_it.o(i.MemManage_Handler)
    NMI_Handler                              0x080029cb   Thumb Code     6  stm32g4xx_it.o(i.NMI_Handler)
    PWMC_switch_off_pwm                      0x08002c79   Thumb Code    28  tim.o(i.PWMC_switch_off_pwm)
    PWMC_switch_on_pwm                       0x08002c99   Thumb Code    56  tim.o(i.PWMC_switch_on_pwm)
    PendSV_Handler                           0x08002cd5   Thumb Code     2  stm32g4xx_it.o(i.PendSV_Handler)
    SPI2_ReadWriteByte                       0x08002d99   Thumb Code    84  tle.o(i.SPI2_ReadWriteByte)
    SVC_Handler                              0x08002df5   Thumb Code     2  stm32g4xx_it.o(i.SVC_Handler)
    SYSTICK_delay_ms                         0x08002df7   Thumb Code    22  systick.o(i.SYSTICK_delay_ms)
    SYSTICK_delay_us                         0x08002e0d   Thumb Code    60  systick.o(i.SYSTICK_delay_us)
    SYSTICK_get_ms_since                     0x08002e4d   Thumb Code     8  systick.o(i.SYSTICK_get_ms_since)
    SYSTICK_get_tick                         0x08002e59   Thumb Code     6  systick.o(i.SYSTICK_get_tick)
    SYSTICK_init                             0x08002e65   Thumb Code    68  systick.o(i.SYSTICK_init)
    SysTick_Handler                          0x08002eb5   Thumb Code    10  stm32g4xx_it.o(i.SysTick_Handler)
    SystemClock_Config                       0x08002ec5   Thumb Code   218  main.o(i.SystemClock_Config)
    SystemInit                               0x08002fbd   Thumb Code    12  system_stm32g4xx.o(i.SystemInit)
    TRAJ_eval                                0x08002fcd   Thumb Code   204  traj.o(i.TRAJ_eval)
    TRAJ_plan                                0x080030a5   Thumb Code   506  traj.o(i.TRAJ_plan)
    USART2_IRQHandler                        0x080032b5   Thumb Code    72  stm32g4xx_it.o(i.USART2_IRQHandler)
    USR_CONFIG_read_cogging_map              0x08003305   Thumb Code    62  para.o(i.USR_CONFIG_read_cogging_map)
    USR_CONFIG_set_default_cogging_map       0x0800334d   Thumb Code    48  para.o(i.USR_CONFIG_set_default_cogging_map)
    UsageFault_Handler                       0x08003385   Thumb Code     6  stm32g4xx_it.o(i.UsageFault_Handler)
    __0printf                                0x0800338d   Thumb Code    22  printfa.o(i.__0printf)
    __1printf                                0x0800338d   Thumb Code     0  printfa.o(i.__0printf)
    __2printf                                0x0800338d   Thumb Code     0  printfa.o(i.__0printf)
    __c89printf                              0x0800338d   Thumb Code     0  printfa.o(i.__0printf)
    printf                                   0x0800338d   Thumb Code     0  printfa.o(i.__0printf)
    __hardfp_fmax                            0x080033e7   Thumb Code   116  fmax.o(i.__hardfp_fmax)
    __hardfp_fmod                            0x0800345d   Thumb Code   254  fmod.o(i.__hardfp_fmod)
    __hardfp_sqrtf                           0x08003561   Thumb Code    58  sqrtf.o(i.__hardfp_sqrtf)
    __mathlib_dbl_invalid                    0x080035a1   Thumb Code    24  dunder.o(i.__mathlib_dbl_invalid)
    __scatterload_copy                       0x080035c1   Thumb Code    14  handlers.o(i.__scatterload_copy)
    __scatterload_null                       0x080035cf   Thumb Code     2  handlers.o(i.__scatterload_null)
    __scatterload_zeroinit                   0x080035d1   Thumb Code    14  handlers.o(i.__scatterload_zeroinit)
    __set_errno                              0x080035e1   Thumb Code     6  errno.o(i.__set_errno)
    arm_cos_f32                              0x08003f49   Thumb Code   118  fastmathfunctions.o(i.arm_cos_f32)
    arm_sin_f32                              0x08003fcd   Thumb Code   114  fastmathfunctions.o(i.arm_sin_f32)
    clarke_transform                         0x0800404d   Thumb Code    22  foc.o(i.clarke_transform)
    crc32                                    0x08004069   Thumb Code    34  util.o(i.crc32)
    current_calculate                        0x08004091   Thumb Code   740  control.o(i.current_calculate)
    fputc                                    0x08004549   Thumb Code    18  usart.o(i.fputc)
    inverse_park                             0x08004561   Thumb Code    76  foc.o(i.inverse_park)
    main                                     0x080045ad   Thumb Code   280  main.o(i.main)
    park_transform                           0x08004739   Thumb Code    76  foc.o(i.park_transform)
    set_config                               0x0800481d   Thumb Code   222  para.o(i.set_config)
    set_simple_para                          0x08004941   Thumb Code    36  simplefoc.o(i.set_simple_para)
    simple_algorithm                         0x08004971   Thumb Code   136  simplefoc.o(i.simple_algorithm)
    svm                                      0x08004a6d   Thumb Code   412  foc.o(i.svm)
    tle_read_cnt                             0x08004c19   Thumb Code    16  tle.o(i.tle_read_cnt)
    tle_read_reg                             0x08004c29   Thumb Code    42  tle.o(i.tle_read_reg)
    tle_read_speed                           0x08004c59   Thumb Code    54  tle.o(i.tle_read_speed)
    AHBPrescTable                            0x08004cd8   Data          16  system_stm32g4xx.o(.constdata)
    APBPrescTable                            0x08004ce8   Data           8  system_stm32g4xx.o(.constdata)
    sinTable_f32                             0x080050f0   Data        2052  commontables.o(.constdata)
    Region$$Table$$Base                      0x080058f4   Number         0  anon$$obj.o(Region$$Table)
    Region$$Table$$Limit                     0x08005914   Number         0  anon$$obj.o(Region$$Table)
    count                                    0x20000000   Data           4  stm32g4xx_it.o(.data)
    SystemCoreClock                          0x20000004   Data           4  system_stm32g4xx.o(.data)
    SysTickCnt                               0x20000008   Data           4  systick.o(.data)
    pCoggingMap                              0x20000080   Data           4  para.o(.data)
    AnticoggingValid                         0x200000bc   Data           1  anticog.o(.data)
    __stdout                                 0x200000f0   Data           4  stdout.o(.data)
    Encoder                                  0x200000f8   Data         200  tle.o(.bss)
    Foc                                      0x200001c0   Data          52  foc.o(.bss)
    Controller                               0x200001f4   Data          12  control.o(.bss)
    Usr                                      0x20000200   Data         400  para.o(.bss)
    Traj                                     0x20003390   Data          24  traj.o(.bss)
    simple_para                              0x200033a8   Data          16  simplefoc.o(.bss)
    __initial_sp                             0x200037b8   Data           0  startup_stm32g431xx.o(STACK)



==============================================================================

Memory Map of the image

  Image Entry point : 0x080001d9

  Load Region LR_IROM1 (Base: 0x08000000, Size: 0x00005a0c, Max: 0x00020000, ABSOLUTE)

    Execution Region ER_IROM1 (Exec base: 0x08000000, Load base: 0x08000000, Size: 0x00005914, Max: 0x00020000, ABSOLUTE)

    Exec Addr    Load Addr    Size         Type   Attr      Idx    E Section Name        Object

    0x08000000   0x08000000   0x000001d8   Data   RO            3    RESET               startup_stm32g431xx.o
    0x080001d8   0x080001d8   0x00000000   Code   RO         7701  * .ARM.Collect$$$$00000000  mc_w.l(entry.o)
    0x080001d8   0x080001d8   0x00000004   Code   RO         8034    .ARM.Collect$$$$00000001  mc_w.l(entry2.o)
    0x080001dc   0x080001dc   0x00000004   Code   RO         8037    .ARM.Collect$$$$00000004  mc_w.l(entry5.o)
    0x080001e0   0x080001e0   0x00000000   Code   RO         8039    .ARM.Collect$$$$00000008  mc_w.l(entry7b.o)
    0x080001e0   0x080001e0   0x00000000   Code   RO         8041    .ARM.Collect$$$$0000000A  mc_w.l(entry8b.o)
    0x080001e0   0x080001e0   0x00000008   Code   RO         8042    .ARM.Collect$$$$0000000B  mc_w.l(entry9a.o)
    0x080001e8   0x080001e8   0x00000004   Code   RO         8049    .ARM.Collect$$$$0000000E  mc_w.l(entry12b.o)
    0x080001ec   0x080001ec   0x00000000   Code   RO         8044    .ARM.Collect$$$$0000000F  mc_w.l(entry10a.o)
    0x080001ec   0x080001ec   0x00000000   Code   RO         8046    .ARM.Collect$$$$00000011  mc_w.l(entry11a.o)
    0x080001ec   0x080001ec   0x00000004   Code   RO         8035    .ARM.Collect$$$$00002712  mc_w.l(entry2.o)
    0x080001f0   0x080001f0   0x00000024   Code   RO            4    .text               startup_stm32g431xx.o
    0x08000214   0x08000214   0x00000062   Code   RO         7704    .text               mc_w.l(uldiv.o)
    0x08000276   0x08000276   0x0000001e   Code   RO         7708    .text               mc_w.l(llshl.o)
    0x08000294   0x08000294   0x00000024   Code   RO         7710    .text               mc_w.l(llsshr.o)
    0x080002b8   0x080002b8   0x00000024   Code   RO         7712    .text               mc_w.l(memcpya.o)
    0x080002dc   0x080002dc   0x00000024   Code   RO         7714    .text               mc_w.l(memseta.o)
    0x08000300   0x08000300   0x0000014e   Code   RO         7981    .text               mf_w.l(dadd.o)
    0x0800044e   0x0800044e   0x000000e4   Code   RO         7983    .text               mf_w.l(dmul.o)
    0x08000532   0x08000532   0x000000de   Code   RO         7985    .text               mf_w.l(ddiv.o)
    0x08000610   0x08000610   0x00000026   Code   RO         7993    .text               mf_w.l(f2d.o)
    0x08000636   0x08000636   0x00000002   PAD
    0x08000638   0x08000638   0x00000030   Code   RO         7997    .text               mf_w.l(cdrcmple.o)
    0x08000668   0x08000668   0x00000038   Code   RO         7999    .text               mf_w.l(d2f.o)
    0x080006a0   0x080006a0   0x0000002c   Code   RO         8051    .text               mc_w.l(uidiv.o)
    0x080006cc   0x080006cc   0x00000020   Code   RO         8053    .text               mc_w.l(llushr.o)
    0x080006ec   0x080006ec   0x00000000   Code   RO         8062    .text               mc_w.l(iusefp.o)
    0x080006ec   0x080006ec   0x0000006e   Code   RO         8063    .text               mf_w.l(fepilogue.o)
    0x0800075a   0x0800075a   0x000000ba   Code   RO         8065    .text               mf_w.l(depilogue.o)
    0x08000814   0x08000814   0x00000086   Code   RO         8069    .text               mf_w.l(drem.o)
    0x0800089a   0x0800089a   0x00000030   Code   RO         8073    .text               mf_w.l(dfixul.o)
    0x080008ca   0x080008ca   0x00000060   Code   RO         8075    .text               mf_w.l(dcmp4.o)
    0x0800092a   0x0800092a   0x00000002   PAD
    0x0800092c   0x0800092c   0x00000024   Code   RO         8079    .text               mc_w.l(init.o)
    0x08000950   0x08000950   0x000000ec   Code   RO          474    i.ADC1_2_IRQHandler  stm32g4xx_it.o
    0x08000a3c   0x08000a3c   0x00000014   Code   RO         2457    i.ANTICOGGING_abort  anticog.o
    0x08000a50   0x08000a50   0x00000018   Code   RO         2460    i.ANTICOGGING_start  anticog.o
    0x08000a68   0x08000a68   0x00000006   Code   RO          475    i.BusFault_Handler  stm32g4xx_it.o
    0x08000a6e   0x08000a6e   0x00000002   PAD
    0x08000a70   0x08000a70   0x00000038   Code   RO         2351    i.CALIBRATION_end   calibration.o
    0x08000aa8   0x08000aa8   0x00000280   Code   RO         2352    i.CALIBRATION_loop  calibration.o
    0x08000d28   0x08000d28   0x00000044   Code   RO         2353    i.CALIBRATION_start  calibration.o
    0x08000d6c   0x08000d6c   0x0000007c   Code   RO         2205    i.CONTROLLER_reset  control.o
    0x08000de8   0x08000de8   0x0000000a   Code   RO         1743    i.DRV8323_calibrate  drv.o
    0x08000df2   0x08000df2   0x0000001a   Code   RO         1744    i.DRV8323_disable_gd  drv.o
    0x08000e0c   0x08000e0c   0x0000001a   Code   RO         1745    i.DRV8323_enable_gd  drv.o
    0x08000e26   0x08000e26   0x00000028   Code   RO         1746    i.DRV8323_getFault  drv.o
    0x08000e4e   0x08000e4e   0x00000004   Code   RO         1747    i.DRV8323_init      drv.o
    0x08000e52   0x08000e52   0x00000002   PAD
    0x08000e54   0x08000e54   0x00000014   Code   RO         1748    i.DRV8323_isFault   drv.o
    0x08000e68   0x08000e68   0x00000006   Code   RO         1749    i.DRV8323_read_FSR1  drv.o
    0x08000e6e   0x08000e6e   0x00000008   Code   RO         1750    i.DRV8323_read_FSR2  drv.o
    0x08000e76   0x08000e76   0x0000002e   Code   RO         1751    i.DRV8323_read_reg  drv.o
    0x08000ea4   0x08000ea4   0x000000f8   Code   RO         1752    i.DRV8323_reset     drv.o
    0x08000f9c   0x08000f9c   0x00000018   Code   RO         1753    i.DRV8323_set_enable  drv.o
    0x08000fb4   0x08000fb4   0x0000003c   Code   RO         1754    i.DRV8323_write_CSACR  drv.o
    0x08000ff0   0x08000ff0   0x0000003c   Code   RO         1755    i.DRV8323_write_DCR  drv.o
    0x0800102c   0x0800102c   0x00000012   Code   RO         1756    i.DRV8323_write_HSR  drv.o
    0x0800103e   0x0800103e   0x00000016   Code   RO         1757    i.DRV8323_write_LSR  drv.o
    0x08001054   0x08001054   0x00000020   Code   RO         1758    i.DRV8323_write_OCPCR  drv.o
    0x08001074   0x08001074   0x0000002a   Code   RO         1759    i.DRV8323_write_reg  drv.o
    0x0800109e   0x0800109e   0x00000002   Code   RO          476    i.DebugMon_Handler  stm32g4xx_it.o
    0x080010a0   0x080010a0   0x00000128   Code   RO         1666    i.Encoder_Sample    tle.o
    0x080011c8   0x080011c8   0x00000008   Code   RO           13    i.Error_Handler     main.o
    0x080011d0   0x080011d0   0x00000020   Code   RO         1924    i.FOC_arm           foc.o
    0x080011f0   0x080011f0   0x000001c4   Code   RO         1925    i.FOC_current       foc.o
    0x080013b4   0x080013b4   0x00000020   Code   RO         1926    i.FOC_disarm        foc.o
    0x080013d4   0x080013d4   0x00000030   Code   RO         1928    i.FOC_reset         foc.o
    0x08001404   0x08001404   0x0000004c   Code   RO         1929    i.FOC_zero_current  foc.o
    0x08001450   0x08001450   0x0000000c   Code   RO         2142    i.FSM_get_stat      fsm.o
    0x0800145c   0x0800145c   0x00000064   Code   RO         2143    i.FSM_input         fsm.o
    0x080014c0   0x080014c0   0x00000108   Code   RO         2144    i.FSM_loop          fsm.o
    0x080015c8   0x080015c8   0x00000034   Code   RO         2402    i.HEAP_free         heap.o
    0x080015fc   0x080015fc   0x00000090   Code   RO         2405    i.HEAP_malloc       heap.o
    0x0800168c   0x0800168c   0x00000006   Code   RO          477    i.HardFault_Handler  stm32g4xx_it.o
    0x08001692   0x08001692   0x00000002   PAD
    0x08001694   0x08001694   0x00000090   Code   RO         2251    i.LED_loop          led.o
    0x08001724   0x08001724   0x00000018   Code   RO         2252    i.LED_set           led.o
    0x0800173c   0x0800173c   0x00000050   Code   RO          787    i.LL_ADC_CommonInit  stm32g4xx_ll_adc.o
    0x0800178c   0x0800178c   0x00000042   Code   RO          790    i.LL_ADC_INJ_Init   stm32g4xx_ll_adc.o
    0x080017ce   0x080017ce   0x00000010   Code   RO          478    i.LL_ADC_INJ_ReadConversionData12  stm32g4xx_it.o
    0x080017de   0x080017de   0x0000001a   Code   RO          252    i.LL_ADC_INJ_SetSequencerRanks  adc.o
    0x080017f8   0x080017f8   0x0000002a   Code   RO          792    i.LL_ADC_Init       stm32g4xx_ll_adc.o
    0x08001822   0x08001822   0x00000002   PAD
    0x08001824   0x08001824   0x00000054   Code   RO          793    i.LL_ADC_REG_Init   stm32g4xx_ll_adc.o
    0x08001878   0x08001878   0x00000022   Code   RO          253    i.LL_ADC_REG_SetSequencerRanks  adc.o
    0x0800189a   0x0800189a   0x0000001e   Code   RO          254    i.LL_ADC_SetChannelSamplingTime  adc.o
    0x080018b8   0x080018b8   0x00000020   Code   RO          255    i.LL_ADC_SetChannelSingleDiff  adc.o
    0x080018d8   0x080018d8   0x00000020   Code   RO          256    i.LL_ADC_SetGainCompensation  adc.o
    0x080018f8   0x080018f8   0x00000018   Code   RO          257    i.LL_ADC_StartCalibration  adc.o
    0x08001910   0x08001910   0x00000018   Code   RO          201    i.LL_AHB2_GRP1_EnableClock  gpio.o
    0x08001928   0x08001928   0x00000018   Code   RO          258    i.LL_AHB2_GRP1_EnableClock  adc.o
    0x08001940   0x08001940   0x00000018   Code   RO          339    i.LL_AHB2_GRP1_EnableClock  spi.o
    0x08001958   0x08001958   0x00000136   Code   RO          737    i.LL_GPIO_Init      stm32g4xx_ll_gpio.o
    0x08001a8e   0x08001a8e   0x0000001a   Code   RO          578    i.LL_Init1msTick    stm32g4xx_ll_utils.o
    0x08001aa8   0x08001aa8   0x0000005c   Code   RO         1221    i.LL_RCC_GetUARTClockFreq  stm32g4xx_ll_rcc.o
    0x08001b04   0x08001b04   0x000000b4   Code   RO         1222    i.LL_RCC_GetUSARTClockFreq  stm32g4xx_ll_rcc.o
    0x08001bb8   0x08001bb8   0x00000010   Code   RO         1224    i.LL_RCC_HSI_IsReady  stm32g4xx_ll_rcc.o
    0x08001bc8   0x08001bc8   0x00000010   Code   RO         1225    i.LL_RCC_LSE_IsReady  stm32g4xx_ll_rcc.o
    0x08001bd8   0x08001bd8   0x00000014   Code   RO           14    i.LL_RCC_SetAHBPrescaler  main.o
    0x08001bec   0x08001bec   0x00000076   Code   RO          924    i.LL_SPI_Init       stm32g4xx_ll_spi.o
    0x08001c62   0x08001c62   0x00000002   PAD
    0x08001c64   0x08001c64   0x0000000c   Code   RO          584    i.LL_SetSystemCoreClock  stm32g4xx_ll_utils.o
    0x08001c70   0x08001c70   0x00000088   Code   RO         1022    i.LL_TIM_BDTR_Init  stm32g4xx_ll_tim.o
    0x08001cf8   0x08001cf8   0x000000ac   Code   RO         1031    i.LL_TIM_Init       stm32g4xx_ll_tim.o
    0x08001da4   0x08001da4   0x00000074   Code   RO          380    i.LL_TIM_OC_DisableFast  tim.o
    0x08001e18   0x08001e18   0x00000074   Code   RO          381    i.LL_TIM_OC_EnablePreload  tim.o
    0x08001e8c   0x08001e8c   0x0000014c   Code   RO         1032    i.LL_TIM_OC_Init    stm32g4xx_ll_tim.o
    0x08001fd8   0x08001fd8   0x000000e8   Code   RO         1160    i.LL_USART_Init     stm32g4xx_ll_usart.o
    0x080020c0   0x080020c0   0x000001cc   Code   RO          259    i.MX_ADC1_Init      adc.o
    0x0800228c   0x0800228c   0x000001cc   Code   RO          260    i.MX_ADC2_Init      adc.o
    0x08002458   0x08002458   0x000000dc   Code   RO          202    i.MX_GPIO_Init      gpio.o
    0x08002534   0x08002534   0x000000cc   Code   RO          340    i.MX_SPI1_Init      spi.o
    0x08002600   0x08002600   0x000000d4   Code   RO          341    i.MX_SPI2_Init      spi.o
    0x080026d4   0x080026d4   0x000001b8   Code   RO          382    i.MX_TIM1_Init      tim.o
    0x0800288c   0x0800288c   0x00000138   Code   RO          434    i.MX_USART2_UART_Init  usart.o
    0x080029c4   0x080029c4   0x00000006   Code   RO          479    i.MemManage_Handler  stm32g4xx_it.o
    0x080029ca   0x080029ca   0x00000006   Code   RO          480    i.NMI_Handler       stm32g4xx_it.o
    0x080029d0   0x080029d0   0x00000032   Code   RO          261    i.NVIC_EncodePriority  adc.o
    0x08002a02   0x08002a02   0x00000002   PAD
    0x08002a04   0x08002a04   0x00000098   Code   RO         1035    i.OC1Config         stm32g4xx_ll_tim.o
    0x08002a9c   0x08002a9c   0x000000a0   Code   RO         1036    i.OC2Config         stm32g4xx_ll_tim.o
    0x08002b3c   0x08002b3c   0x0000009c   Code   RO         1037    i.OC3Config         stm32g4xx_ll_tim.o
    0x08002bd8   0x08002bd8   0x000000a0   Code   RO         1038    i.OC4Config         stm32g4xx_ll_tim.o
    0x08002c78   0x08002c78   0x00000020   Code   RO          383    i.PWMC_switch_off_pwm  tim.o
    0x08002c98   0x08002c98   0x0000003c   Code   RO          384    i.PWMC_switch_on_pwm  tim.o
    0x08002cd4   0x08002cd4   0x00000002   Code   RO          481    i.PendSV_Handler    stm32g4xx_it.o
    0x08002cd6   0x08002cd6   0x00000002   PAD
    0x08002cd8   0x08002cd8   0x00000020   Code   RO         1227    i.RCC_GetHCLKClockFreq  stm32g4xx_ll_rcc.o
    0x08002cf8   0x08002cf8   0x00000020   Code   RO         1228    i.RCC_GetPCLK1ClockFreq  stm32g4xx_ll_rcc.o
    0x08002d18   0x08002d18   0x00000020   Code   RO         1229    i.RCC_GetPCLK2ClockFreq  stm32g4xx_ll_rcc.o
    0x08002d38   0x08002d38   0x00000060   Code   RO         1230    i.RCC_GetSystemClockFreq  stm32g4xx_ll_rcc.o
    0x08002d98   0x08002d98   0x0000005c   Code   RO         1667    i.SPI2_ReadWriteByte  tle.o
    0x08002df4   0x08002df4   0x00000002   Code   RO          482    i.SVC_Handler       stm32g4xx_it.o
    0x08002df6   0x08002df6   0x00000016   Code   RO         1866    i.SYSTICK_delay_ms  systick.o
    0x08002e0c   0x08002e0c   0x00000040   Code   RO         1867    i.SYSTICK_delay_us  systick.o
    0x08002e4c   0x08002e4c   0x0000000c   Code   RO         1868    i.SYSTICK_get_ms_since  systick.o
    0x08002e58   0x08002e58   0x0000000c   Code   RO         1869    i.SYSTICK_get_tick  systick.o
    0x08002e64   0x08002e64   0x00000050   Code   RO         1870    i.SYSTICK_init      systick.o
    0x08002eb4   0x08002eb4   0x00000010   Code   RO          483    i.SysTick_Handler   stm32g4xx_it.o
    0x08002ec4   0x08002ec4   0x000000f8   Code   RO           15    i.SystemClock_Config  main.o
    0x08002fbc   0x08002fbc   0x00000010   Code   RO         1355    i.SystemInit        system_stm32g4xx.o
    0x08002fcc   0x08002fcc   0x000000d8   Code   RO         2563    i.TRAJ_eval         traj.o
    0x080030a4   0x080030a4   0x00000210   Code   RO         2564    i.TRAJ_plan         traj.o
    0x080032b4   0x080032b4   0x00000050   Code   RO          484    i.USART2_IRQHandler  stm32g4xx_it.o
    0x08003304   0x08003304   0x00000048   Code   RO         2284    i.USR_CONFIG_read_cogging_map  para.o
    0x0800334c   0x0800334c   0x00000038   Code   RO         2288    i.USR_CONFIG_set_default_cogging_map  para.o
    0x08003384   0x08003384   0x00000006   Code   RO          485    i.UsageFault_Handler  stm32g4xx_it.o
    0x0800338a   0x0800338a   0x00000002   PAD
    0x0800338c   0x0800338c   0x00000020   Code   RO         7953    i.__0printf         mc_w.l(printfa.o)
    0x080033ac   0x080033ac   0x0000001a   Code   RO          262    i.__NVIC_EnableIRQ  adc.o
    0x080033c6   0x080033c6   0x00000020   Code   RO          263    i.__NVIC_SetPriority  adc.o
    0x080033e6   0x080033e6   0x00000074   Code   RO         7607    i.__hardfp_fmax     m_wm.l(fmax.o)
    0x0800345a   0x0800345a   0x00000002   PAD
    0x0800345c   0x0800345c   0x00000104   Code   RO         7611    i.__hardfp_fmod     m_wm.l(fmod.o)
    0x08003560   0x08003560   0x0000003a   Code   RO         7677    i.__hardfp_sqrtf    m_wm.l(sqrtf.o)
    0x0800359a   0x0800359a   0x00000006   PAD
    0x080035a0   0x080035a0   0x00000020   Code   RO         8004    i.__mathlib_dbl_invalid  m_wm.l(dunder.o)
    0x080035c0   0x080035c0   0x0000000e   Code   RO         8083    i.__scatterload_copy  mc_w.l(handlers.o)
    0x080035ce   0x080035ce   0x00000002   Code   RO         8084    i.__scatterload_null  mc_w.l(handlers.o)
    0x080035d0   0x080035d0   0x0000000e   Code   RO         8085    i.__scatterload_zeroinit  mc_w.l(handlers.o)
    0x080035de   0x080035de   0x00000002   PAD
    0x080035e0   0x080035e0   0x0000000c   Code   RO         8057    i.__set_errno       mc_w.l(errno.o)
    0x080035ec   0x080035ec   0x00000184   Code   RO         7960    i._fp_digits        mc_w.l(printfa.o)
    0x08003770   0x08003770   0x000006b4   Code   RO         7961    i._printf_core      mc_w.l(printfa.o)
    0x08003e24   0x08003e24   0x00000024   Code   RO         7962    i._printf_post_padding  mc_w.l(printfa.o)
    0x08003e48   0x08003e48   0x0000002e   Code   RO         7963    i._printf_pre_padding  mc_w.l(printfa.o)
    0x08003e76   0x08003e76   0x00000002   PAD
    0x08003e78   0x08003e78   0x000000d0   Code   RO         2354    i.apply_voltage_timings  calibration.o
    0x08003f48   0x08003f48   0x00000084   Code   RO         4075    i.arm_cos_f32       fastmathfunctions.o
    0x08003fcc   0x08003fcc   0x00000080   Code   RO         4079    i.arm_sin_f32       fastmathfunctions.o
    0x0800404c   0x0800404c   0x0000001c   Code   RO         1930    i.clarke_transform  foc.o
    0x08004068   0x08004068   0x00000028   Code   RO         2087    i.crc32             util.o
    0x08004090   0x08004090   0x0000030c   Code   RO         2206    i.current_calculate  control.o
    0x0800439c   0x0800439c   0x000000ec   Code   RO         2145    i.enter_state       fsm.o
    0x08004488   0x08004488   0x000000ac   Code   RO         2146    i.exit_state        fsm.o
    0x08004534   0x08004534   0x00000014   Code   RO         2355    i.float_to_data     calibration.o
    0x08004548   0x08004548   0x00000018   Code   RO          435    i.fputc             usart.o
    0x08004560   0x08004560   0x0000004c   Code   RO         1931    i.inverse_park      foc.o
    0x080045ac   0x080045ac   0x0000018c   Code   RO           16    i.main              main.o
    0x08004738   0x08004738   0x0000004c   Code   RO         1932    i.park_transform    foc.o
    0x08004784   0x08004784   0x0000004c   Code   RO         2406    i.prvHeapInit       heap.o
    0x080047d0   0x080047d0   0x0000004c   Code   RO         2407    i.prvInsertBlockIntoFreeList  heap.o
    0x0800481c   0x0800481c   0x00000124   Code   RO         2289    i.set_config        para.o
    0x08004940   0x08004940   0x00000030   Code   RO         2613    i.set_simple_para   simplefoc.o
    0x08004970   0x08004970   0x00000098   Code   RO         2614    i.simple_algorithm  simplefoc.o
    0x08004a08   0x08004a08   0x00000064   Code   RO         1760    i.spi_transmit_receive  drv.o
    0x08004a6c   0x08004a6c   0x000001ac   Code   RO         1933    i.svm               foc.o
    0x08004c18   0x08004c18   0x00000010   Code   RO         1669    i.tle_read_cnt      tle.o
    0x08004c28   0x08004c28   0x00000030   Code   RO         1670    i.tle_read_reg      tle.o
    0x08004c58   0x08004c58   0x0000003c   Code   RO         1671    i.tle_read_speed    tle.o
    0x08004c94   0x08004c94   0x00000014   Data   RO          385    .constdata          tim.o
    0x08004ca8   0x08004ca8   0x00000030   Data   RO         1162    .constdata          stm32g4xx_ll_usart.o
    0x08004cd8   0x08004cd8   0x00000010   Data   RO         1356    .constdata          system_stm32g4xx.o
    0x08004ce8   0x08004ce8   0x00000008   Data   RO         1357    .constdata          system_stm32g4xx.o
    0x08004cf0   0x08004cf0   0x00000400   Data   RO         2091    .constdata          util.o
    0x080050f0   0x080050f0   0x00000804   Data   RO         3362    .constdata          commontables.o
    0x080058f4   0x080058f4   0x00000020   Data   RO         8081    Region$$Table       anon$$obj.o


    Execution Region RW_IRAM1 (Exec base: 0x20000000, Load base: 0x08005914, Size: 0x000037b8, Max: 0x00008000, ABSOLUTE)

    Exec Addr    Load Addr    Size         Type   Attr      Idx    E Section Name        Object

    0x20000000   0x08005914   0x00000004   Data   RW          486    .data               stm32g4xx_it.o
    0x20000004   0x08005918   0x00000004   Data   RW         1358    .data               system_stm32g4xx.o
    0x20000008   0x0800591c   0x00000004   Data   RW         1871    .data               systick.o
    0x2000000c   0x08005920   0x00000001   Data   RW         1935    .data               foc.o
    0x2000000d   0x08005921   0x00000003   PAD
    0x20000010   0x08005924   0x0000004c   Data   RW         2147    .data               fsm.o
    0x2000005c   0x08005970   0x0000001c   Data   RW         2208    .data               control.o
    0x20000078   0x0800598c   0x00000008   Data   RW         2253    .data               led.o
    0x20000080   0x08005994   0x00000004   Data   RW         2291    .data               para.o
    0x20000084   0x08005998   0x00000020   Data   RW         2356    .data               calibration.o
    0x200000a4   0x080059b8   0x00000018   Data   RW         2409    .data               heap.o
    0x200000bc   0x080059d0   0x0000000c   Data   RW         2462    .data               anticog.o
    0x200000c8   0x080059dc   0x00000028   Data   RW         2567    .data               traj.o
    0x200000f0   0x08005a04   0x00000004   Data   RW         8050    .data               mc_w.l(stdout.o)
    0x200000f4   0x08005a08   0x00000004   Data   RW         8058    .data               mc_w.l(errno.o)
    0x200000f8        -       0x000000c8   Zero   RW         1672    .bss                tle.o
    0x200001c0        -       0x00000034   Zero   RW         1934    .bss                foc.o
    0x200001f4        -       0x0000000c   Zero   RW         2207    .bss                control.o
    0x20000200        -       0x00000190   Zero   RW         2290    .bss                para.o
    0x20000390        -       0x00003000   Zero   RW         2408    .bss                heap.o
    0x20003390        -       0x00000018   Zero   RW         2566    .bss                traj.o
    0x200033a8        -       0x00000010   Zero   RW         2615    .bss                simplefoc.o
    0x200033b8        -       0x00000400   Zero   RW            1    STACK               startup_stm32g431xx.o


==============================================================================

Image component sizes


      Code (inc. data)   RO Data    RW Data    ZI Data      Debug   Object Name

      1230        106          0          0          0     103473   adc.o
        44         12          0         12          0       2874   anticog.o
       992        168          0         32          0       5573   calibration.o
         0          0       2052          0          0      13507   commontables.o
       904         76          0         28         12       3892   control.o
       792         16          0          0          0      28261   drv.o
       260         28          0          0          0       1756   fastmathfunctions.o
      1248         94          0          1         52      19939   foc.o
       784        304          0         76          0       4017   fsm.o
       244         16          0          0          0      11147   gpio.o
       348         24          0         24      12288       3574   heap.o
       168         12          0          8          0       1531   led.o
       672        152          0          0          0     589610   main.o
       420         88          0          4        400       4106   para.o
       200         28          0          0         16       2239   simplefoc.o
       440         26          0          0          0      19974   spi.o
        36          8        472          0       1024        828   startup_stm32g431xx.o
       384         56          0          4          0      94362   stm32g4xx_it.o
       272         14          0          0          0      78714   stm32g4xx_ll_adc.o
       310          0          0          0          0       7275   stm32g4xx_ll_gpio.o
       496         60          0          0          0      27897   stm32g4xx_ll_rcc.o
       118          0          0          0          0      17162   stm32g4xx_ll_spi.o
      1268        168          0          0          0      58210   stm32g4xx_ll_tim.o
       232         26         48          0          0      26504   stm32g4xx_ll_usart.o
        38          6          0          0          0     459253   stm32g4xx_ll_utils.o
        16          4         24          4          0       1075   system_stm32g4xx.o
       190         26          0          4          0      33535   systick.o
       764         34         20          0          0      53634   tim.o
       512         52          0          0        200      21099   tle.o
       744         34          0         40         24       3130   traj.o
       336         26          0          0          0      59873   usart.o
        40          6       1024          0          0       1324   util.o

    ----------------------------------------------------------------------
     14518       1670       3672        240      14016    1759348   Object Totals
         0          0         32          0          0          0   (incl. Generated)
        16          0          0          3          0          0   (incl. Padding)

    ----------------------------------------------------------------------

      Code (inc. data)   RO Data    RW Data    ZI Data      Debug   Library Member Name

        32          8          0          0          0        124   dunder.o
       116          0          0          0          0        164   fmax.o
       260          6          0          0          0        144   fmod.o
        58          0          0          0          0        136   sqrtf.o
         0          0          0          0          0          0   entry.o
         0          0          0          0          0          0   entry10a.o
         0          0          0          0          0          0   entry11a.o
         4          0          0          0          0          0   entry12b.o
         8          4          0          0          0          0   entry2.o
         4          0          0          0          0          0   entry5.o
         0          0          0          0          0          0   entry7b.o
         0          0          0          0          0          0   entry8b.o
         8          4          0          0          0          0   entry9a.o
        12          6          0          4          0         68   errno.o
        30          0          0          0          0          0   handlers.o
        36          8          0          0          0         68   init.o
         0          0          0          0          0          0   iusefp.o
        30          0          0          0          0         68   llshl.o
        36          0          0          0          0         68   llsshr.o
        32          0          0          0          0         68   llushr.o
        36          0          0          0          0         68   memcpya.o
        36          0          0          0          0        108   memseta.o
      2218         90          0          0          0        464   printfa.o
         0          0          0          4          0          0   stdout.o
        44          0          0          0          0         80   uidiv.o
        98          0          0          0          0         92   uldiv.o
        48          0          0          0          0         68   cdrcmple.o
        56          0          0          0          0         88   d2f.o
       334          0          0          0          0        148   dadd.o
        96          0          0          0          0         80   dcmp4.o
       222          0          0          0          0        100   ddiv.o
       186          0          0          0          0        176   depilogue.o
        48          0          0          0          0         68   dfixul.o
       228          0          0          0          0         96   dmul.o
       134          0          0          0          0         96   drem.o
        38          0          0          0          0         68   f2d.o
       110          0          0          0          0        168   fepilogue.o

    ----------------------------------------------------------------------
      4614        126          0          8          0       2876   Library Totals
        16          0          0          0          0          0   (incl. Padding)

    ----------------------------------------------------------------------

      Code (inc. data)   RO Data    RW Data    ZI Data      Debug   Library Name

       466         14          0          0          0        568   m_wm.l
      2632        112          0          8          0       1152   mc_w.l
      1500          0          0          0          0       1156   mf_w.l

    ----------------------------------------------------------------------
      4614        126          0          8          0       2876   Library Totals

    ----------------------------------------------------------------------

==============================================================================


      Code (inc. data)   RO Data    RW Data    ZI Data      Debug   

     19132       1796       3672        248      14016    1749084   Grand Totals
     19132       1796       3672        248      14016    1749084   ELF Image Totals
     19132       1796       3672        248          0          0   ROM Totals

==============================================================================

    Total RO  Size (Code + RO Data)                22804 (  22.27kB)
    Total RW  Size (RW Data + ZI Data)             14264 (  13.93kB)
    Total ROM Size (Code + RO Data + RW Data)      23052 (  22.51kB)

==============================================================================

